<html>
<body>
<pre>
<h1>µVision Build Log</h1>
<h2>Tool Versions:</h2>
IDE-Version: ¦ÌVision V5.33.0.0
Copyright (C) 2020 ARM Ltd and ARM Germany GmbH. All rights reserved.
License Information: 123 123, 12312, LIC=CZLZX-H9D5U-Y8NFK-ZQZWP-WHZEH-WT88Y
 
Tool Versions:
Toolchain:       MDK-ARM Plus  Version: 5.33.0.0
Toolchain Path:  D:\Keil_v5\ARM\ARMCC\Bin
C Compiler:      Armcc.exe V5.06 update 7 (build 960)
Assembler:       Armasm.exe V5.06 update 7 (build 960)
Linker/Locator:  ArmLink.exe V5.06 update 7 (build 960)
Library Manager: ArmAr.exe V5.06 update 7 (build 960)
Hex Converter:   FromElf.exe V5.06 update 7 (build 960)
CPU DLL:         SARMCM3.DLL V5.33.0.0
Dialog DLL:      DARMCM1.DLL V1.19.4.0
Target DLL:      Segger\JL2CM3.dll V2.99.38.0
Dialog DLL:      TARMCM1.DLL V1.14.3.0
 
<h2>Project:</h2>
C:\Users\Admin\Desktop\BSP_DEMO\Demo\project\MergeProjectDemo.uvprojx
Project File Date:  05/12/2021

<h2>Output:</h2>
*** Using Compiler 'V5.06 update 7 (build 960)', folder: 'D:\Keil_v5\ARM\ARMCC\Bin'
Build target 'APP'
compiling main.c...
compiling cjsontest.c...
compiling event.c...
compiling bsp_init.c...
compiling bootfixapi.c...
compiling CompressTest.c...
compiling iot_core.c...
compiling iot_bc260.c...
compiling iot_bc28_35_95.c...
compiling bsp_iic_simlt.c...
compiling system_FM33G0XX_app.c...
compiling iot_n23.c...
compiling 12864.c...
linking...
Program Size: Code=75428 RO-data=11192 RW-data=416 ZI-data=22160  
FromELF: creating hex file...
After Build - User command #1: fromelf --bin --output "MergeProjectDemo.bin" "..\..\FDW_Download\HEX\app.axf"
"..\..\FDW_Download\HEX\app.axf" - 0 Error(s), 0 Warning(s).

<h2>Software Packages used:</h2>

Package Vendor: Keil
                
                Keil.FM33G0XX_DFP.0.3.03G
                FMSH ARM Cortex-M0 Device Family Pack

<h2>Collection of Component include folders:</h2>
  D:\Keil_v5\ARM\PACK\Keil\FM33G0XX_DFP\0.3.03G\Device\Include

<h2>Collection of Component Files used:</h2>
Build Time Elapsed:  00:00:08
</pre>
</body>
</html>
