<html>
<body>
<pre>
<h1>µVision Build Log</h1>
<h2>Tool Versions:</h2>
IDE-Version: ¦ÌVision V5.33.0.0
Copyright (C) 2020 ARM Ltd and ARM Germany GmbH. All rights reserved.
License Information: 123 123, 12312, LIC=UB4EI-TE85X-UM09A-1I4SK-L62J3-R4QML
 
Tool Versions:
Toolchain:       MDK-ARM Professional  Version: 5.33.0.0
Toolchain Path:  D:\Keil_v5\ARM\ARMCC\Bin
C Compiler:      Armcc.exe V5.06 update 7 (build 960)
Assembler:       Armasm.exe V5.06 update 7 (build 960)
Linker/Locator:  ArmLink.exe V5.06 update 7 (build 960)
Library Manager: ArmAr.exe V5.06 update 7 (build 960)
Hex Converter:   FromElf.exe V5.06 update 7 (build 960)
CPU DLL:         SARMCM3.DLL V5.33.0.0
Dialog DLL:      DARMCM1.DLL V1.19.4.0
Target DLL:      Segger\JL2CM3.dll V2.99.38.0
Dialog DLL:      TARMCM1.DLL V1.14.3.0
 
<h2>Project:</h2>
C:\Users\gaoyi\Desktop\BSP_DEMO\Demo\project\MergeProjectDemo.uvprojx
Project File Date:  03/25/2021

<h2>Output:</h2>
*** Using Compiler 'V5.06 update 7 (build 960)', folder: 'D:\Keil_v5\ARM\ARMCC\Bin'
Build target 'APP'
compiling main.c...
compiling cjsontest.c...
compiling CompressTest.c...
compiling event.c...
compiling bsp_aes.c...
compiling bsp_adc.c...
compiling bootfixapi.c...
compiling bsp_core.c...
compiling bsp_flash.c...
compiling bsp_etim.c...
compiling bsp_iic.c...
compiling bsp_init.c...
compiling bsp_led.c...
compiling bsp_lptim.c...
compiling bsp_interrupt.c...
compiling bsp_lpuart.c...
compiling bsp_rtc.c...
compiling bsp_spi.c...
compiling bsp_uart.c...
compiling bsp_uart_ex.c...
compiling iot_bc28_35_95.c...
compiling iot_bc260.c...
compiling iot_core.c...
compiling iot_n23.c...
compiling myprintf.c...
compiling bspatch.c...
compiling gylzo.c...
compiling ucosinit.c...
compiling patchflash.c...
..\other\gydiff_2.0\patchflash.c(38): warning:  #940-D: missing return statement at end of non-void function "patchFlashErase" 
  }
..\other\gydiff_2.0\patchflash.c(16): warning:  #177-D: variable "Result"  was declared but never referenced
      uint8_t Result = 0;
..\other\gydiff_2.0\patchflash.c: 2 warnings, 0 errors
compiling system_FM33G0XX_app.c...
compiling 12864.c...
linking...
Program Size: Code=76228 RO-data=10156 RW-data=376 ZI-data=21024  
FromELF: creating hex file...
After Build - User command #1: fromelf --bin --output "MergeProjectDemo.bin" "..\..\FDW_Download\HEX\app.axf"
"..\..\FDW_Download\HEX\app.axf" - 0 Error(s), 2 Warning(s).

<h2>Software Packages used:</h2>

Package Vendor: Keil
                
                Keil.FM33G0XX_DFP.0.3.03G
                FMSH ARM Cortex-M0 Device Family Pack

<h2>Collection of Component include folders:</h2>
  D:\Keil_v5\ARM\PACK\Keil\FM33G0XX_DFP\0.3.03G\Device\Include

<h2>Collection of Component Files used:</h2>
Build Time Elapsed:  00:00:14
</pre>
</body>
</html>
