<html>
<body>
<pre>
<h1>µVision Build Log</h1>
<h2>Tool Versions:</h2>
IDE-Version: ¦ÌVision V5.26.2.0
Copyright (C) 2018 ARM Ltd and ARM Germany GmbH. All rights reserved.
License Information: 123 123, 12312, LIC=UB4EI-TE85X-UM09A-1I4SK-L62J3-R4QML
 
Tool Versions:
Toolchain:       MDK-ARM Professional  Version: 5.26.2.0
Toolchain Path:  D:\Keil_v5\ARM\ARMCC\Bin
C Compiler:      Armcc.exe V5.06 update 6 (build 750)
Assembler:       Armasm.exe V5.06 update 6 (build 750)
Linker/Locator:  ArmLink.exe V5.06 update 6 (build 750)
Library Manager: ArmAr.exe V5.06 update 6 (build 750)
Hex Converter:   FromElf.exe V5.06 update 6 (build 750)
CPU DLL:         SARMCM3.DLL V5.26.2.0
Dialog DLL:      DARMCM1.DLL V1.19.1.0
Target DLL:      UL2CM3.DLL V1.161.6.0
Dialog DLL:      TARMCM1.DLL V1.14.0.0
 
<h2>Project:</h2>
C:\Users\gaoyi\Desktop\ALL_API_V2.0.2\Demo\project\MergeProjectDemo.uvprojx
Project File Date:  12/31/2020

<h2>Output:</h2>
*** Using Compiler 'V5.06 update 6 (build 750)', folder: 'D:\Keil_v5\ARM\ARMCC\Bin'
Build target 'BOOT'
compiling interrupt.c...
compiling bootmain.c...
compiling uart.c...
compiling adc_api.c...
compiling aes_api.c...
compiling API_Exp.c...
compiling bootfixapi.c...
compiling flash_api.c...
compiling etim_api.c...
compiling iic_api.c...
compiling interrupt_api.c...
compiling iot_bc28_35_95.c...
compiling iot_bc260.c...
compiling iot_n23.c...
compiling iotnew_api.c...
compiling lptim_api.c...
compiling lcd_api.c...
compiling lpuart_api.c...
compiling myprintf.c...
compiling malloc.c...
compiling rtc_api.c...
compiling system.c...
compiling uart_api.c...
compiling uarttimeout.c...
compiling ucosinit.c...
compiling useevent.c...
compiling system_FM33G0XX_boot.c...
compiling cJSON.c...
linking...
Program Size: Code=11636 RO-data=416 RW-data=20 ZI-data=5228  
FromELF: creating hex file...
"..\..\FDW_Download\HEX\boot.axf" - 0 Error(s), 0 Warning(s).

<h2>Software Packages used:</h2>

Package Vendor: ARM
                http://www.keil.com/pack/ARM.CMSIS.5.7.0.pack
                ARM.CMSIS.5.7.0
                CMSIS (Cortex Microcontroller Software Interface Standard)
   * Component: CORE Version: 5.4.0

Package Vendor: Keil
                
                Keil.FM33G0XX_DFP.0.3.02G
                FMSH ARM Cortex-M0 Device Family Pack

<h2>Collection of Component include folders:</h2>
  .\RTE\_BOOT
  D:\Keil_v5\ARM\PACK\ARM\CMSIS\5.7.0\CMSIS\Core\Include
  D:\Keil_v5\ARM\PACK\Keil\FM33G0XX_DFP\0.3.02G\Device\Include

<h2>Collection of Component Files used:</h2>

   * Component: ARM::CMSIS:CORE:5.4.0
Build Time Elapsed:  00:00:12
</pre>
</body>
</html>
