<html>
<body>
<pre>
<h1>µVision Build Log</h1>
<h2>Tool Versions:</h2>
IDE-Version: ¦ÌVision V5.33.0.0
Copyright (C) 2020 ARM Ltd and ARM Germany GmbH. All rights reserved.
License Information: 123 123, 12312, LIC=CZLZX-H9D5U-Y8NFK-ZQZWP-WHZEH-WT88Y
 
Tool Versions:
Toolchain:       MDK-ARM Plus  Version: 5.33.0.0
Toolchain Path:  D:\Keil_v5\ARM\ARMCC\Bin
C Compiler:      Armcc.exe V5.06 update 7 (build 960)
Assembler:       Armasm.exe V5.06 update 7 (build 960)
Linker/Locator:  ArmLink.exe V5.06 update 7 (build 960)
Library Manager: ArmAr.exe V5.06 update 7 (build 960)
Hex Converter:   FromElf.exe V5.06 update 7 (build 960)
CPU DLL:         SARMCM3.DLL V5.33.0.0
Dialog DLL:      DARMCM1.DLL V1.19.4.0
Target DLL:      Segger\JL2CM3.dll V2.99.38.0
Dialog DLL:      TARMCM1.DLL V1.14.3.0
 
<h2>Project:</h2>
C:\Users\gaoyi\Desktop\BSP_DEMO\Demo\project\MergeProjectDemo.uvprojx
Project File Date:  04/19/2021

<h2>Output:</h2>
*** Using Compiler 'V5.06 update 7 (build 960)', folder: 'D:\Keil_v5\ARM\ARMCC\Bin'
Build target 'BOOT'
compiling bootmain.c...
compiling uart.c...
compiling bootfixapi.c...
compiling interrupt.c...
compiling bsp_aes.c...
compiling bsp_adc.c...
compiling bsp_etim.c...
compiling bsp_core.c...
compiling bsp_flash.c...
compiling bsp_iic.c...
compiling bsp_init.c...
compiling bsp_interrupt.c...
compiling bsp_lib.c...
compiling bsp_lptim.c...
compiling bsp_led.c...
compiling bsp_lpuart.c...
compiling bsp_rtc.c...
compiling bsp_spi.c...
compiling bsp_uart.c...
compiling bsp_uart_ex.c...
compiling iot_api.c...
compiling iot_bc28_35_95.c...
compiling iot_n23.c...
compiling iot_bc260.c...
compiling iot_core.c...
compiling malloc.c...
compiling sha256.c...
compiling myprintf.c...
compiling useevent.c...
compiling ucosinit.c...
compiling fm33g0xx_aes.c...
compiling fm33g0xx_btim.c...
compiling fm33g0xx_crc.c...
compiling fm33g0xx_anac.c...
compiling fm33g0xx_dma.c...
compiling fm33g0xx_etim.c...
compiling fm33g0xx_flash.c...
compiling fm33g0xx_gpio.c...
compiling fm33g0xx_hspi.c...
compiling fm33g0xx_iwdt.c...
compiling fm33g0xx_i2c.c...
compiling fm33g0xx_lcd.c...
compiling fm33g0xx_lptim.c...
compiling fm33g0xx_lpuart.c...
compiling fm33g0xx_pmu.c...
compiling fm33g0xx_rcc.c...
compiling fm33g0xx_rtc.c...
compiling fm33g0xx_scu.c...
compiling fm33g0xx_spi.c...
compiling fm33g0xx_trng.c...
compiling fm33g0xx_u7816.c...
compiling fm33g0xx_uart.c...
compiling fm33g0xx_wwdt.c...
compiling bspatch.c...
compiling minilzo.c...
compiling gylzo.c...
assembling startup_FM33G0XX.s...
compiling patchflash.c...
compiling system_FM33G0XX_boot.c...
linking...
Program Size: Code=16652 RO-data=416 RW-data=60 ZI-data=23172  
FromELF: creating hex file...
"..\..\FDW_Download\HEX\boot.axf" - 0 Error(s), 0 Warning(s).

<h2>Software Packages used:</h2>

Package Vendor: Keil
                
                Keil.FM33G0XX_DFP.0.3.03G
                FMSH ARM Cortex-M0 Device Family Pack

<h2>Collection of Component include folders:</h2>
  D:\Keil_v5\ARM\PACK\Keil\FM33G0XX_DFP\0.3.03G\Device\Include

<h2>Collection of Component Files used:</h2>
Build Time Elapsed:  00:00:20
</pre>
</body>
</html>
