Component: ARM Compiler 5.06 update 7 (build 960) Tool: armlink [4d3601]

==============================================================================

Section Cross References

    event.o(i.FillCore) refers to event.o(i.SAVEJUDGE) for SAVEJUDGE
    event.o(i.FillCore) refers to aeabi_sdiv.o(.text) for __aeabi_uidivmod
    event.o(i.FillCore) refers to iic_api.o(i.API_I2CRead) for API_I2CRead
    event.o(i.FillCore) refers to rt_memcpy.o(.text) for __aeabi_memcpy
    event.o(i.FillCore) refers to event.o(.bss) for data_save
    event.o(i.NBTxDeal) refers to rt_memclr.o(.text) for __aeabi_memclr4
    event.o(i.NBTxDeal) refers to rt_memcpy.o(.emb_text) for __aeabi_memcpy4
    event.o(i.NBTxDeal) refers to event.o(i.ToCheckSum) for ToCheckSum
    event.o(i.NBTxDeal) refers to iotnew_api.o(i.iotTxData) for iotTxData
    event.o(i.NBTxDeal) refers to event.o(.bss) for NBTxBuf
    event.o(i.NBTxDeal) refers to rtc_api.o(.bss) for RealTime
    event.o(i.PressureAndTempTest) refers to _printf_percent.o(.ARM.Collect$$_printf_percent$$00000000) for _printf_percent
    event.o(i.PressureAndTempTest) refers to _printf_f.o(.ARM.Collect$$_printf_percent$$00000003) for _printf_f
    event.o(i.PressureAndTempTest) refers to printf1.o(x$fpl$printf1) for _printf_fp_dec
    event.o(i.PressureAndTempTest) refers to iic_api.o(i.API_SIMLT_I2C_Write_Com) for API_SIMLT_I2C_Write_Com
    event.o(i.PressureAndTempTest) refers to iic_api.o(i.API_SIMLT_I2C_Read_Com) for API_SIMLT_I2C_Read_Com
    event.o(i.PressureAndTempTest) refers to event.o(i.getTemporPre) for getTemporPre
    event.o(i.PressureAndTempTest) refers to f2d.o(.text) for __aeabi_f2d
    event.o(i.PressureAndTempTest) refers to noretval__2printf.o(.text) for __2printf
    event.o(i.PressureAndTempTest) refers to aeabi_sdiv.o(.text) for __aeabi_idivmod
    event.o(i.PressureAndTempTest) refers to event.o(.bss) for table
    event.o(i.ReadCore) refers to rt_memclr.o(.text) for __aeabi_memclr4
    event.o(i.ReadCore) refers to uread4.o(.text) for __aeabi_uread4
    event.o(i.ReadCore) refers to event.o(i.SAVEJUDGE) for SAVEJUDGE
    event.o(i.ReadCore) refers to iic_api.o(i.API_I2CRead) for API_I2CRead
    event.o(i.ReadCore) refers to mktime.o(.text) for mktime
    event.o(i.ReadCore) refers to aeabi_sdiv.o(.text) for __aeabi_uidivmod
    event.o(i.ReadCore) refers to event.o(.bss) for data_save
    event.o(i.ReadCore) refers to rtc_api.o(.bss) for RealTime
    event.o(i.SIMLT_I2C_OP_INIT_EX) refers to system.o(i.OutputIO) for OutputIO
    event.o(i.SIMLT_I2C_OP_INIT_EX) refers to iic_api.o(i.iic_op_sda_set) for iic_op_sda_set
    event.o(i.SIMLT_I2C_OP_INIT_EX) refers to iic_api.o(.bss) for SIMLT_IIC
    event.o(i.SIMLT_I2C_OP_INIT_EX) refers to iic_api.o(i.iic_op_sda_out) for iic_op_sda_out
    event.o(i.SIMLT_I2C_OP_INIT_EX) refers to iic_api.o(i.iic_op_sda_in) for iic_op_sda_in
    event.o(i.SIMLT_I2C_OP_INIT_EX) refers to iic_api.o(i.iic_op_scl) for iic_op_scl
    event.o(i.SaveCore) refers to _printf_percent.o(.ARM.Collect$$_printf_percent$$00000000) for _printf_percent
    event.o(i.SaveCore) refers to _printf_f.o(.ARM.Collect$$_printf_percent$$00000003) for _printf_f
    event.o(i.SaveCore) refers to printf1.o(x$fpl$printf1) for _printf_fp_dec
    event.o(i.SaveCore) refers to rt_memclr.o(.text) for __aeabi_memclr4
    event.o(i.SaveCore) refers to mktime.o(.text) for mktime
    event.o(i.SaveCore) refers to uwrite4.o(.text) for __aeabi_uwrite4
    event.o(i.SaveCore) refers to event.o(i.SIMLT_I2C_OP_INIT_EX) for SIMLT_I2C_OP_INIT_EX
    event.o(i.SaveCore) refers to iic_api.o(i.API_SIMLT_I2C_Write_Com) for API_SIMLT_I2C_Write_Com
    event.o(i.SaveCore) refers to iic_api.o(i.API_SIMLT_I2C_Read_Com) for API_SIMLT_I2C_Read_Com
    event.o(i.SaveCore) refers to fflti.o(.text) for __aeabi_ui2f
    event.o(i.SaveCore) refers to fdiv.o(.text) for __aeabi_fdiv
    event.o(i.SaveCore) refers to f2d.o(.text) for __aeabi_f2d
    event.o(i.SaveCore) refers to ddiv.o(.text) for __aeabi_ddiv
    event.o(i.SaveCore) refers to d2f.o(.text) for __aeabi_d2f
    event.o(i.SaveCore) refers to daddsub.o(.text) for __aeabi_drsub
    event.o(i.SaveCore) refers to noretval__2printf.o(.text) for __2printf
    event.o(i.SaveCore) refers to iic_api.o(i.API_I2CSave) for API_I2CSave
    event.o(i.SaveCore) refers to aeabi_sdiv.o(.text) for __aeabi_idivmod
    event.o(i.SaveCore) refers to event.o(.bss) for collection_data
    event.o(i.SaveCore) refers to rtc_api.o(.bss) for RealTime
    event.o(i.askup) refers to mktime.o(.text) for mktime
    event.o(i.askup) refers to event.o(i.ReadCore) for ReadCore
    event.o(i.askup) refers to event.o(i.FillCore) for FillCore
    event.o(i.askup) refers to event.o(.data) for memstart
    event.o(i.askup) refers to event.o(.bss) for data_save
    event.o(i.atuoup) refers to event.o(i.FillCore) for FillCore
    event.o(i.atuoup) refers to event.o(.bss) for data_save
    event.o(i.compute_m) refers to frlef.o(x$fpl$frleqf) for __aeabi_cfrcmple
[...]
    0x00001278   0x00001278   0x0000006c   Code   RO        18560    .text               fz_ps.l(dfixi.o)
    0x000012e4   0x000012e4   0x00000048   Code   RO        18562    .text               fz_ps.l(dfixui.o)
    0x0000132c   0x0000132c   0x00000058   Code   RO        18564    .text               fz_ps.l(dflti.o)
    0x00001384   0x00001384   0x00000248   Code   RO        18568    .text               fz_ps.l(dmul.o)
    0x000015cc   0x000015cc   0x00000054   Code   RO        18572    .text               fz_ps.l(f2d.o)
    0x00001620   0x00001620   0x00000160   Code   RO        18580    .text               fz_ps.l(fdiv.o)
    0x00001780   0x00001780   0x0000004c   Code   RO        18585    .text               fz_ps.l(ffixi.o)
    0x000017cc   0x000017cc   0x0000005e   Code   RO        18589    .text               fz_ps.l(fflti.o)
    0x0000182a   0x0000182a   0x00000002   Code   RO        18641    .text               c_p.l(use_no_semi.o)
    0x0000182c   0x0000182c   0x00000010   Code   RO        18646    .text               c_p.l(rt_ctype_table.o)
    0x0000183c   0x0000183c   0x00000016   Code   RO        18679    .text               c_p.l(_rserrno.o)
    0x00001852   0x00001852   0x000000b0   Code   RO        18681    .text               c_p.l(_printf_intcommon.o)
    0x00001902   0x00001902   0x00000002   PAD
    0x00001904   0x00001904   0x00000418   Code   RO        18683    .text               c_p.l(_printf_fp_dec.o)
    0x00001d1c   0x00001d1c   0x00000030   Code   RO        18685    .text               c_p.l(_printf_char_common.o)
    0x00001d4c   0x00001d4c   0x0000000a   Code   RO        18687    .text               c_p.l(_sputc.o)
    0x00001d56   0x00001d56   0x0000002e   Code   RO        18689    .text               c_p.l(_printf_char.o)
    0x00001d84   0x00001d84   0x00000028   Code   RO        18691    .text               c_p.l(_printf_char_file.o)
    0x00001dac   0x00001dac   0x00000028   Code   RO        18701    .text               c_p.l(rtudiv10.o)
    0x00001dd4   0x00001dd4   0x00000090   Code   RO        18750    .text               fz_ps.l(dcmpin.o)
    0x00001e64   0x00001e64   0x00000060   Code   RO        18752    .text               fz_ps.l(dscalbn.o)
    0x00001ec4   0x00001ec4   0x00000100   Code   RO        18754    .text               fz_ps.l(dsqrt.o)
    0x00001fc4   0x00001fc4   0x00000064   Code   RO        18756    .text               fz_ps.l(fcmpin.o)
    0x00002028   0x00002028   0x00000008   Code   RO        18796    .text               c_p.l(libspace.o)
    0x00002030   0x00002030   0x00000008   Code   RO        18823    .text               c_p.l(rt_locale_intlibspace.o)
    0x00002038   0x00002038   0x00000008   Code   RO        18828    .text               c_p.l(rt_errno_addr_intlibspace.o)
    0x00002040   0x00002040   0x0000007a   Code   RO        18838    .text               c_p.l(lludiv10.o)
    0x000020ba   0x000020ba   0x00000002   PAD
    0x000020bc   0x000020bc   0x00000088   Code   RO        18842    .text               c_p.l(_printf_fp_infnan.o)
    0x00002144   0x00002144   0x000000d8   Code   RO        18848    .text               c_p.l(bigflt0.o)
    0x0000221c   0x0000221c   0x00000580   Code   RO        18851    .text               c_p.l(btod.o)
    0x0000279c   0x0000279c   0x00000008   Code   RO        18856    .text               c_p.l(ferror.o)
    0x000027a4   0x000027a4   0x0000002e   Code   RO        18875    .text               fz_ps.l(cmpret.o)
    0x000027d2   0x000027d2   0x00000002   PAD
    0x000027d4   0x000027d4   0x00000014   Code   RO        18877    .text               fz_ps.l(dnan2.o)
    0x000027e8   0x000027e8   0x00000010   Code   RO        18879    .text               fz_ps.l(fnan2.o)
    0x000027f8   0x000027f8   0x0000003e   Code   RO        18886    .text               c_p.l(sys_stackheap_outer.o)
    0x00002836   0x00002836   0x00000010   Code   RO        18893    .text               c_p.l(exit.o)
    0x00002846   0x00002846   0x0000005e   Code   RO        18913    .text               fz_ps.l(retnan.o)
    0x000028a4   0x000028a4   0x00000056   Code   RO        18973    .text               c_p.l(__dczerorl2.o)
    0x000028fa   0x000028fa   0x00000002   PAD
    0x000028fc   0x000028fc   0x00000028   Code   RO          771    i.ADC_Exp           api_exp.o
    0x00002924   0x00002924   0x00000038   Code   RO         1387    i.ADC_IRQHandler    interrupt_api.o
    0x0000295c   0x0000295c   0x00000044   Code   RO          693    i.ADC_IRQ_CallBack  adc_api.o
    0x000029a0   0x000029a0   0x00000024   Code   RO         3058    i.ANAC_ADCCON_ADC_EN_Setable  fm33g0xx_anac.o
    0x000029c4   0x000029c4   0x00000024   Code   RO         3060    i.ANAC_ADCCON_ADC_IE_Setable  fm33g0xx_anac.o
    0x000029e8   0x000029e8   0x00000020   Code   RO         3062    i.ANAC_ADCCON_ADC_VANA_EN_Set  fm33g0xx_anac.o
    0x00002a08   0x00002a08   0x00000010   Code   RO         3063    i.ANAC_ADCDATA_Read  fm33g0xx_anac.o
    0x00002a18   0x00002a18   0x0000000c   Code   RO         3066    i.ANAC_ADCIF_ADC_IF_Clr  fm33g0xx_anac.o
    0x00002a24   0x00002a24   0x00000024   Code   RO         3068    i.ANAC_ADCINSEL_BUFBYP_Setable  fm33g0xx_anac.o
    0x00002a48   0x00002a48   0x00000024   Code   RO         3070    i.ANAC_ADCINSEL_BUFEN_Setable  fm33g0xx_anac.o
    0x00002a6c   0x00002a6c   0x0000001c   Code   RO         3072    i.ANAC_ADCINSEL_BUFSEL_Set  fm33g0xx_anac.o
    0x00002a88   0x00002a88   0x00000010   Code   RO         3073    i.ANAC_ADCTRIM_Read  fm33g0xx_anac.o
    0x00002a98   0x00002a98   0x00000010   Code   RO         3074    i.ANAC_ADCTRIM_Write  fm33g0xx_anac.o
    0x00002aa8   0x00002aa8   0x000000ac   Code   RO         3075    i.ANAC_ADC_Channel_SetEx  fm33g0xx_anac.o
    0x00002b54   0x00002b54   0x000000fc   Code   RO         3077    i.ANAC_ADC_TemperatureCalc  fm33g0xx_anac.o
    0x00002c50   0x00002c50   0x000001fc   Code   RO         3079    i.ANAC_ADC_VoltageCalc  fm33g0xx_anac.o
    0x00002e4c   0x00002e4c   0x00000024   Code   RO         3083    i.ANAC_BORCON_OFF_BOR_Setable  fm33g0xx_anac.o
    0x00002e70   0x00002e70   0x00000018   Code   RO         3122    i.ANAC_FDETIF_FDETIF_Chk  fm33g0xx_anac.o
    0x00002e88   0x00002e88   0x0000000c   Code   RO         3123    i.ANAC_FDETIF_FDETIF_Clr  fm33g0xx_anac.o
    0x00002e94   0x00002e94   0x00000018   Code   RO         3124    i.ANAC_FDETIF_FDETO_Chk  fm33g0xx_anac.o
    0x00002eac   0x00002eac   0x00000024   Code   RO         3128    i.ANAC_PDRCON_PDREN_Setable  fm33g0xx_anac.o
    0x00002ed0   0x00002ed0   0x000000e0   Code   RO          694    i.API_ADC           adc_api.o
    0x00002fb0   0x00002fb0   0x00000016   Code   RO         1125    i.API_ETim_ReSet    etim_api.o
    0x00002fc6   0x00002fc6   0x00000002   PAD
    0x00002fc8   0x00002fc8   0x000000b0   Code   RO         1128    i.API_Etim_Init     etim_api.o
    0x00003078   0x00003078   0x0000004e   Code   RO         2255    i.API_GPIO_Judge    system.o
    0x000030c6   0x000030c6   0x00000050   Code   RO         2121    i.API_GetTime       rtc_api.o
    0x00003116   0x00003116   0x00000002   PAD
    0x00003118   0x00003118   0x00000064   Code   RO         1199    i.API_I2C_Init      iic_api.o
    0x0000317c   0x0000317c   0x0000009e   Code   RO         1200    i.API_I2C_Read_Com  iic_api.o
    0x0000321a   0x0000321a   0x0000007c   Code   RO         1201    i.API_I2C_Write_Com  iic_api.o
    0x00003296   0x00003296   0x00000002   PAD
    0x00003298   0x00003298   0x000000d8   Code   RO         2122    i.API_RTC_Init      rtc_api.o
    0x00003370   0x00003370   0x0000006a   Code   RO         1202    i.API_SIMLT_I2C_Read_Com  iic_api.o
    0x000033da   0x000033da   0x00000072   Code   RO         1203    i.API_SIMLT_I2C_Write_Com  iic_api.o
    0x0000344c   0x0000344c   0x00000014   Code   RO          774    i.API_SaveAdr_Init  api_exp.o
    0x00003460   0x00003460   0x0000006c   Code   RO         2123    i.API_SetTIME       rtc_api.o
    0x000034cc   0x000034cc   0x000000e8   Code   RO          695    i.API_Temperature   adc_api.o
    0x000035b4   0x000035b4   0x00000068   Code   RO         2582    i.API_TimSet        uarttimeout.o
    0x0000361c   0x0000361c   0x00000018   Code   RO         2445    i.API_UART_It_End   uart_api.o
    0x00003634   0x00003634   0x00000084   Code   RO         2446    i.API_UART_It_Send  uart_api.o
    0x000036b8   0x000036b8   0x00000024   Code   RO         2447    i.API_UART_It_Start  uart_api.o
    0x000036dc   0x000036dc   0x00000060   Code   RO         2449    i.API_UART_Rx_Queue_Get_Do  uart_api.o
    0x0000373c   0x0000373c   0x00000094   Code   RO         2450    i.API_UART_Rx_Queue_Send  uart_api.o
    0x000037d0   0x000037d0   0x00000028   Code   RO         2451    i.API_UART_SEND     uart_api.o
    0x000037f8   0x000037f8   0x00000078   Code   RO         2452    i.API_Uart_Send     uart_api.o
    0x00003870   0x00003870   0x000001dc   Code   RO         2453    i.API_Uartx_Init    uart_api.o
    0x00003a4c   0x00003a4c   0x0000000e   Code   RO        13375    i.Abs               gui_drawline.o
    0x00003a5a   0x00003a5a   0x00000002   PAD
    0x00003a5c   0x00003a5c   0x00000044   Code   RO         1204    i.Ack_I2c           iic_api.o
    0x00003aa0   0x00003aa0   0x00000044   Code   RO         2256    i.AltFunIO          system.o
    0x00003ae4   0x00003ae4   0x00000024   Code   RO         2257    i.AnalogIO          system.o
    0x00003b08   0x00003b08   0x00000030   Code   RO         2647    i.App_TaskIdleHook  ucosinit.o
    0x00003b38   0x00003b38   0x000000c8   Code   RO          976    i.AsciiToHex        convert.o
    0x00003c00   0x00003c00   0x00000024   Code   RO          977    i.BCDtoHEX          convert.o
    0x00003c24   0x00003c24   0x00000010   Code   RO         9639    i.CPU_CntLeadZeros  cpu_core.o
    0x00003c34   0x00003c34   0x00000050   Code   RO         9642    i.CPU_CntLeadZeros32  cpu_core.o
    0x00003c84   0x00003c84   0x0000000c   Code   RO         9649    i.CPU_Init          cpu_core.o
    0x00003c90   0x00003c90   0x00000084   Code   RO         9650    i.CPU_IntDisMeasInit  cpu_core.o
    0x00003d14   0x00003d14   0x0000001c   Code   RO         9651    i.CPU_IntDisMeasMaxCalc  cpu_core.o
    0x00003d30   0x00003d30   0x0000002c   Code   RO         9652    i.CPU_IntDisMeasMaxCurGet  cpu_core.o
    0x00003d5c   0x00003d5c   0x0000002c   Code   RO         9653    i.CPU_IntDisMeasMaxCurReset  cpu_core.o
    0x00003d88   0x00003d88   0x0000002c   Code   RO         9654    i.CPU_IntDisMeasMaxGet  cpu_core.o
    0x00003db4   0x00003db4   0x00000034   Code   RO         9655    i.CPU_IntDisMeasStart  cpu_core.o
    0x00003de8   0x00003de8   0x00000054   Code   RO         9656    i.CPU_IntDisMeasStop  cpu_core.o
    0x00003e3c   0x00003e3c   0x0000000c   Code   RO         9659    i.CPU_StatReset     cpu_core.o
    0x00003e48   0x00003e48   0x00000014   Code   RO         9661    i.CPU_TS_Init       cpu_core.o
    0x00003e5c   0x00003e5c   0x00000002   Code   RO         2648    i.CPU_TS_TmrInit    ucosinit.o
    0x00003e5e   0x00003e5e   0x00000002   PAD
    0x00003e60   0x00003e60   0x00000014   Code   RO         2649    i.CPU_TS_TmrRd      ucosinit.o
    0x00003e74   0x00003e74   0x00000036   Code   RO          979    i.CharToBety        convert.o
    0x00003eaa   0x00003eaa   0x00000036   Code   RO          980    i.CharToHex         convert.o
    0x00003ee0   0x00003ee0   0x0000004c   Code   RO         2124    i.Check_date        rtc_api.o
    0x00003f2c   0x00003f2c   0x00000070   Code   RO         2258    i.Close_AllIO_GPIO_80pin  system.o
    0x00003f9c   0x00003f9c   0x00000040   Code   RO         2259    i.CloseeIO          system.o
    0x00003fdc   0x00003fdc   0x00000090   Code   RO         2260    i.ET12_32bit        system.o
    0x0000406c   0x0000406c   0x0000004c   Code   RO         1390    i.ETIM3_IRQHandler  interrupt_api.o
    0x000040b8   0x000040b8   0x00000070   Code   RO         2261    i.ETIMxCapture      system.o
    0x00004128   0x00004128   0x00000084   Code   RO         2262    i.ETIMxConfig       system.o
    0x000041ac   0x000041ac   0x00000006   Code   RO         4597    i.ETIMx_ETxCMP_Write  fm33g0xx_etim.o
    0x000041b2   0x000041b2   0x00000018   Code   RO         4600    i.ETIMx_ETxCR_CAPCLR_Setable  fm33g0xx_etim.o
    0x000041ca   0x000041ca   0x00000012   Code   RO         4602    i.ETIMx_ETxCR_CAPEDGE_Set  fm33g0xx_etim.o
    0x000041dc   0x000041dc   0x00000018   Code   RO         4604    i.ETIMx_ETxCR_CAPMOD_Set  fm33g0xx_etim.o
    0x000041f4   0x000041f4   0x00000018   Code   RO         4606    i.ETIMx_ETxCR_CAPONCE_Setable  fm33g0xx_etim.o
    0x0000420c   0x0000420c   0x00000018   Code   RO         4608    i.ETIMx_ETxCR_CASEN_Setable  fm33g0xx_etim.o
    0x00004224   0x00004224   0x00000018   Code   RO         4610    i.ETIMx_ETxCR_CEN_Setable  fm33g0xx_etim.o
    0x0000423c   0x0000423c   0x00000018   Code   RO         4612    i.ETIMx_ETxCR_EDGESEL_Set  fm33g0xx_etim.o
    0x00004254   0x00004254   0x0000001a   Code   RO         4614    i.ETIMx_ETxCR_EXFLT_Setable  fm33g0xx_etim.o
    0x0000426e   0x0000426e   0x00000018   Code   RO         4616    i.ETIMx_ETxCR_MOD_Set  fm33g0xx_etim.o
    0x00004286   0x00004286   0x0000001a   Code   RO         4618    i.ETIMx_ETxCR_PWM_Setable  fm33g0xx_etim.o
    0x000042a0   0x000042a0   0x00000018   Code   RO         4620    i.ETIMx_ETxIE_CAPIE_Setable  fm33g0xx_etim.o
    0x000042b8   0x000042b8   0x00000018   Code   RO         4622    i.ETIMx_ETxIE_CMPIE_Setable  fm33g0xx_etim.o
    0x000042d0   0x000042d0   0x00000018   Code   RO         4624    i.ETIMx_ETxIE_OVIE_Setable  fm33g0xx_etim.o
    0x000042e8   0x000042e8   0x00000014   Code   RO         4625    i.ETIMx_ETxIF_CAPIF_Chk  fm33g0xx_etim.o
    0x000042fc   0x000042fc   0x00000006   Code   RO         4626    i.ETIMx_ETxIF_CAPIF_Clr  fm33g0xx_etim.o
    0x00004302   0x00004302   0x00000014   Code   RO         4630    i.ETIMx_ETxIF_OVIF_Chk  fm33g0xx_etim.o
    0x00004316   0x00004316   0x00000006   Code   RO         4631    i.ETIMx_ETxIF_OVIF_Clr  fm33g0xx_etim.o
    0x0000431c   0x0000431c   0x00000012   Code   RO         4633    i.ETIMx_ETxINSEL_GRP1SEL_Set  fm33g0xx_etim.o
    0x0000432e   0x0000432e   0x00000018   Code   RO         4635    i.ETIMx_ETxINSEL_GRP2SEL_Set  fm33g0xx_etim.o
    0x00004346   0x00004346   0x00000018   Code   RO         4637    i.ETIMx_ETxINSEL_SIG1SEL_Set  fm33g0xx_etim.o
    0x0000435e   0x0000435e   0x00000018   Code   RO         4639    i.ETIMx_ETxINSEL_SIG2SEL_Set  fm33g0xx_etim.o
    0x00004376   0x00004376   0x00000008   Code   RO         4640    i.ETIMx_ETxIVR_Read  fm33g0xx_etim.o
    0x0000437e   0x0000437e   0x00000006   Code   RO         4641    i.ETIMx_ETxIVR_Write  fm33g0xx_etim.o
    0x00004384   0x00004384   0x00000006   Code   RO         4643    i.ETIMx_ETxPESCALE1_Write  fm33g0xx_etim.o
    0x0000438a   0x0000438a   0x00000006   Code   RO         4645    i.ETIMx_ETxPESCALE2_Write  fm33g0xx_etim.o
    0x00004390   0x00004390   0x000000c0   Code   RO         4646    i.ETIMx_Init        fm33g0xx_etim.o
    0x00004450   0x00004450   0x0000001c   Code   RO         4957    i.FLASH_FLSRDCON_WAIT_Set  fm33g0xx_flash.o
    0x0000446c   0x0000446c   0x0000001c   Code   RO         1799    i.FooSend           iotnew_api.o
    0x00004488   0x00004488   0x00000020   Code   RO        13376    i.GL_DrawLine       gui_drawline.o
    0x000044a8   0x000044a8   0x00000234   Code   RO        13378    i.GL_DrawLine1Ex    gui_drawline.o
    0x000046dc   0x000046dc   0x0000012c   Code   RO        13379    i.GL_DrawLineEx     gui_drawline.o
    0x00004808   0x00004808   0x00000034   Code   RO        13514    i.GL_DrawPoint      gui_drawpoint.o
    0x0000483c   0x0000483c   0x00000098   Code   RO        15488    i.GL_FillCircle     guicirc.o
    0x000048d4   0x000048d4   0x00000160   Code   RO        13650    i.GL_FillPolygon    gui_fillpolygon.o
    0x00004a34   0x00004a34   0x00000044   Code   RO         5181    i.GPIO_ALL_Deinit   fm33g0xx_gpio.o
    0x00004a78   0x00004a78   0x0000001c   Code   RO         5183    i.GPIO_ANASEL_PC12ANS_Set  fm33g0xx_gpio.o
    0x00004a94   0x00004a94   0x00000020   Code   RO         5185    i.GPIO_ANASEL_PC13ANS_Set  fm33g0xx_gpio.o
    0x00004ab4   0x00004ab4   0x00000020   Code   RO         5189    i.GPIO_ANASEL_PC15ANS_Set  fm33g0xx_gpio.o
    0x00004ad4   0x00004ad4   0x00000028   Code   RO         5194    i.GPIO_Deinit       fm33g0xx_gpio.o
    0x00004afc   0x00004afc   0x000001b8   Code   RO         2263    i.GPIO_EXTI_EXTIxIF_ChkEx_Ucos  system.o
    0x00004cb4   0x00004cb4   0x000000fc   Code   RO         5197    i.GPIO_EXTI_EXTIxIF_ClrEx  fm33g0xx_gpio.o
    0x00004db0   0x00004db0   0x0000002e   Code   RO         5198    i.GPIO_EXTI_Init    fm33g0xx_gpio.o
    0x00004dde   0x00004dde   0x00000002   PAD
    0x00004de0   0x00004de0   0x000001b8   Code   RO         5199    i.GPIO_EXTI_Select_Edge  fm33g0xx_gpio.o
    0x00004f98   0x00004f98   0x000001f8   Code   RO         5200    i.GPIO_EXTI_Select_Pin  fm33g0xx_gpio.o
    0x00005190   0x00005190   0x00000094   Code   RO         5203    i.GPIO_Get_InitPara  fm33g0xx_gpio.o
    0x00005224   0x00005224   0x00000088   Code   RO         1393    i.GPIO_IRQHandler   interrupt_api.o
    0x000052ac   0x000052ac   0x00000072   Code   RO         5209    i.GPIO_Init         fm33g0xx_gpio.o
    0x0000531e   0x0000531e   0x00000014   Code   RO         5219    i.GPIO_ReadInputDataBit  fm33g0xx_gpio.o
    0x00005332   0x00005332   0x00000004   Code   RO         5222    i.GPIO_ResetBits    fm33g0xx_gpio.o
    0x00005336   0x00005336   0x00000004   Code   RO         5223    i.GPIO_SetBits      fm33g0xx_gpio.o
    0x0000533a   0x0000533a   0x00000010   Code   RO         5224    i.GPIO_ToggleBits   fm33g0xx_gpio.o
    0x0000534a   0x0000534a   0x0000000e   Code   RO         5230    i.GPIOx_Deinit      fm33g0xx_gpio.o
    0x00005358   0x00005358   0x0000018c   Code   RO        15420    i.GUIMONO_DispChar  guicharm.o
    0x000054e4   0x000054e4   0x00000014   Code   RO        15421    i.GUIMONO_GetCharDistX  guicharm.o
    0x000054f8   0x000054f8   0x00000008   Code   RO        15422    i.GUIMONO_GetFontInfo  guicharm.o
    0x00005500   0x00005500   0x00000048   Code   RO        15423    i.GUIMONO_IsInFont  guicharm.o
    0x00005548   0x00005548   0x00000030   Code   RO        15737    i.GUITASK_CopyContext  guitask.o
    0x00005578   0x00005578   0x00000014   Code   RO        15739    i.GUITASK_Init      guitask.o
    0x0000558c   0x0000558c   0x0000001c   Code   RO        12401    i.GUI_AddDecMin     gui_adddecmin.o
    0x000055a8   0x000055a8   0x0000008c   Code   RO        12413    i.GUI_AddDecShift   gui_adddecshift.o
    0x00005634   0x00005634   0x0000001e   Code   RO        12414    i.GUI_AddSign       gui_adddecshift.o
    0x00005652   0x00005652   0x00000002   PAD
    0x00005654   0x00005654   0x0000001c   Code   RO        15556    i.GUI_Clear         guicore.o
    0x00005670   0x00005670   0x0000002e   Code   RO        15557    i.GUI_ClearRect     guicore.o
    0x0000569e   0x0000569e   0x00000012   Code   RO        15883    i.GUI_DispDec       guival.o
    0x000056b0   0x000056b0   0x0000002a   Code   RO        15884    i.GUI_DispDecAt     guival.o
    0x000056da   0x000056da   0x00000020   Code   RO        15886    i.GUI_DispDecShift  guival.o
    0x000056fa   0x000056fa   0x0000004c   Code   RO        15887    i.GUI_DispDecSpace  guival.o
    0x00005746   0x00005746   0x00000002   PAD
    0x00005748   0x00005748   0x00000044   Code   RO        15931    i.GUI_DispFloat     guivalf.o
    0x0000578c   0x0000578c   0x00000030   Code   RO        15889    i.GUI_DispSDecShift  guival.o
    0x000057bc   0x000057bc   0x00000150   Code   RO        13047    i.GUI_DispString    gui_dispstring.o
    0x0000590c   0x0000590c   0x00000028   Code   RO        13059    i.GUI_DispStringAt  gui_dispstringat.o
    0x00005934   0x00005934   0x00000020   Code   RO        13382    i.GUI_DrawLine      gui_drawline.o
    0x00005954   0x00005954   0x00000020   Code   RO        13651    i.GUI_FillPolygon   gui_fillpolygon.o
    0x00005974   0x00005974   0x00000020   Code   RO        15357    i.GUI_GetCharDistX  guichar.o
    0x00005994   0x00005994   0x00000018   Code   RO        15358    i.GUI_GetFontDistY  guichar.o
    0x000059ac   0x000059ac   0x00000054   Code   RO        15359    i.GUI_GetYAdjust    guichar.o
    0x00005a00   0x00005a00   0x00000022   Code   RO        14131    i.GUI_GotoXY        gui_goto.o
    0x00005a22   0x00005a22   0x00000002   PAD
    0x00005a24   0x00005a24   0x0000002c   Code   RO        15558    i.GUI_Init          guicore.o
    0x00005a50   0x00005a50   0x0000002e   Code   RO        14176    i.GUI_InvertRect    gui_invertrect.o
    0x00005a7e   0x00005a7e   0x00000002   PAD
    0x00005a80   0x00005a80   0x00000038   Code   RO        15972    i.GUI_LCD_Init      lcd.o
    0x00005ab8   0x00005ab8   0x00000094   Code   RO        15740    i.GUI_Lock          guitask.o
    0x00005b4c   0x00005b4c   0x00000030   Code   RO        12415    i.GUI_Long2Len      gui_adddecshift.o
    0x00005b7c   0x00005b7c   0x0000003a   Code   RO        14426    i.GUI_RectsIntersect  gui_rectsintersect.o
    0x00005bb6   0x00005bb6   0x00000018   Code   RO        14596    i.GUI_SetDrawMode   gui_setdrawmode.o
    0x00005bce   0x00005bce   0x00000002   PAD
    0x00005bd0   0x00005bd0   0x00000020   Code   RO        14608    i.GUI_SetFont       gui_setfont.o
    0x00005bf0   0x00005bf0   0x0000001c   Code   RO        14374    i.GUI_SetPenSize    gui_pen.o
    0x00005c0c   0x00005c0c   0x00000020   Code   RO        14718    i.GUI_SetTextMode   gui_settextmode.o
    0x00005c2c   0x00005c2c   0x00000028   Code   RO        14910    i.GUI_UC__GetCharCodeInc  gui_uc.o
    0x00005c54   0x00005c54   0x0000002c   Code   RO        14912    i.GUI_UC__NumChars2NumBytes  gui_uc.o
    0x00005c80   0x00005c80   0x0000001c   Code   RO        15741    i.GUI_Unlock        guitask.o
    0x00005c9c   0x00005c9c   0x00000010   Code   RO        11955    i.GUI_X_GetTaskId   gui_x_ucosiii.o
    0x00005cac   0x00005cac   0x00000008   Code   RO        11957    i.GUI_X_Init        gui_x_ucosiii.o
    0x00005cb4   0x00005cb4   0x00000038   Code   RO        11958    i.GUI_X_InitOS      gui_x_ucosiii.o
    0x00005cec   0x00005cec   0x00000018   Code   RO        11959    i.GUI_X_Lock        gui_x_ucosiii.o
    0x00005d04   0x00005d04   0x00000014   Code   RO        11963    i.GUI_X_Unlock      gui_x_ucosiii.o
    0x00005d18   0x00005d18   0x00000048   Code   RO        15391    i.GUI__DispLine     guicharline.o
    0x00005d60   0x00005d60   0x00000048   Code   RO        15392    i.GUI__GetLineDistX  guicharline.o
    0x00005da8   0x00005da8   0x0000004c   Code   RO        15393    i.GUI__GetLineNumChars  guicharline.o
    0x00005df4   0x00005df4   0x00000010   Code   RO        13385    i.GUI_cos           gui_drawline.o
    0x00005e04   0x00005e04   0x0000005c   Code   RO        13386    i.GUI_sin           gui_drawline.o
    0x00005e60   0x00005e60   0x0000005e   Code   RO         2125    i.GY_IsLegal        rtc_api.o
    0x00005ebe   0x00005ebe   0x0000005a   Code   RO         2126    i.GY_RTC_Get        rtc_api.o
    0x00005f18   0x00005f18   0x00000094   Code   RO          696    i.G_ADC_IO_Init     adc_api.o
    0x00005fac   0x00005fac   0x0000006c   Code   RO          697    i.G_ADC_Init        adc_api.o
    0x00006018   0x00006018   0x00000080   Code   RO          699    i.G_CloseeADIO      adc_api.o
    0x00006098   0x00006098   0x00000040   Code   RO         1205    i.G_I2C_Receive_Byte  iic_api.o
    0x000060d8   0x000060d8   0x0000006e   Code   RO         1206    i.G_I2C_Send_Bit    iic_api.o
    0x00006146   0x00006146   0x00000046   Code   RO         1207    i.G_I2C_Send_Byte   iic_api.o
    0x0000618c   0x0000618c   0x0000008a   Code   RO         1209    i.G_Sendaddr        iic_api.o
    0x00006216   0x00006216   0x00000002   PAD
    0x00006218   0x00006218   0x00000050   Code   RO         1210    i.G_Wait_for_end    iic_api.o
    0x00006268   0x00006268   0x00000034   Code   RO         2457    i.GetComMessage     uart_api.o
    0x0000629c   0x0000629c   0x0000001c   Code   RO          982    i.HEXtoBCD          convert.o
    0x000062b8   0x000062b8   0x00000020   Code   RO         2650    i.HardFault_Handler  ucosinit.o
    0x000062d8   0x000062d8   0x0000007a   Code   RO          985    i.HexToAscll        convert.o
    0x00006352   0x00006352   0x0000001a   Code   RO         5869    i.I2C_BaudREG_Calc  fm33g0xx_i2c.o
    0x0000636c   0x0000636c   0x00000010   Code   RO         5872    i.I2C_I2CBRG_Write  fm33g0xx_i2c.o
    0x0000637c   0x0000637c   0x0000000c   Code   RO         5873    i.I2C_I2CBUF_Read   fm33g0xx_i2c.o
    0x00006388   0x00006388   0x0000000c   Code   RO         5874    i.I2C_I2CBUF_Write  fm33g0xx_i2c.o
    0x00006394   0x00006394   0x00000028   Code   RO         5876    i.I2C_I2CCTRL_ACKEN_Setable  fm33g0xx_i2c.o
    0x000063bc   0x000063bc   0x00000024   Code   RO         5878    i.I2C_I2CCTRL_I2CEN_Setable  fm33g0xx_i2c.o
    0x000063e0   0x000063e0   0x00000028   Code   RO         5879    i.I2C_I2CCTRL_PEN_Setable  fm33g0xx_i2c.o
    0x00006408   0x00006408   0x00000028   Code   RO         5881    i.I2C_I2CCTRL_RCEN_Setable  fm33g0xx_i2c.o
    0x00006430   0x00006430   0x00000028   Code   RO         5882    i.I2C_I2CCTRL_RSEN_Setable  fm33g0xx_i2c.o
    0x00006458   0x00006458   0x00000028   Code   RO         5887    i.I2C_I2CCTRL_SEN_Setable  fm33g0xx_i2c.o
    0x00006480   0x00006480   0x00000028   Code   RO         5889    i.I2C_I2CERR_ERRIE_Setable  fm33g0xx_i2c.o
    0x000064a8   0x000064a8   0x00000024   Code   RO         5898    i.I2C_I2CIR_I2CIE_Setable  fm33g0xx_i2c.o
    0x000064cc   0x000064cc   0x00000018   Code   RO         5899    i.I2C_I2CIR_I2CIF_Chk  fm33g0xx_i2c.o
    0x000064e4   0x000064e4   0x00000020   Code   RO         5900    i.I2C_I2CIR_I2CIF_Clr  fm33g0xx_i2c.o
    0x00006504   0x00006504   0x0000001c   Code   RO         5902    i.I2C_I2CSTA_ACKDT_Set  fm33g0xx_i2c.o
    0x00006520   0x00006520   0x00000018   Code   RO         5903    i.I2C_I2CSTA_ACKSTA_Chk  fm33g0xx_i2c.o
    0x00006538   0x00006538   0x00000018   Code   RO         5907    i.I2C_I2CSTA_RW_Chk  fm33g0xx_i2c.o
    0x00006550   0x00006550   0x00000048   Code   RO         5911    i.I2C_ResetI2C      fm33g0xx_i2c.o
    0x00006598   0x00006598   0x0000016e   Code   RO          988    i.IPReduceZero      convert.o
    0x00006706   0x00006706   0x00000002   PAD
    0x00006708   0x00006708   0x00000010   Code   RO         6144    i.IWDT_Clr          fm33g0xx_iwdt.o
    0x00006718   0x00006718   0x0000001c   Code   RO         6147    i.IWDT_IWDTCFG_IWDTOVP_Set  fm33g0xx_iwdt.o
    0x00006734   0x00006734   0x00000024   Code   RO         6149    i.IWDT_IWDTCFG_IWDTSLP4096S_Setable  fm33g0xx_iwdt.o
    0x00006758   0x00006758   0x00000020   Code   RO         2264    i.IWDT_Init         system.o
    0x00006778   0x00006778   0x00000022   Code   RO         2458    i.InitComMessage    uart_api.o
    0x0000679a   0x0000679a   0x00000002   PAD
    0x0000679c   0x0000679c   0x00000014   Code   RO         2266    i.Init_RCC_PERIPH_clk  system.o
    0x000067b0   0x000067b0   0x00000032   Code   RO         2267    i.Init_SysClk       system.o
    0x000067e2   0x000067e2   0x00000030   Code   RO         2268    i.Init_SysClk_Gen   system.o
    0x00006812   0x00006812   0x00000008   Code   RO         2269    i.Init_SysTick      system.o
    0x0000681a   0x0000681a   0x00000026   Code   RO         2270    i.Init_System       system.o
    0x00006840   0x00006840   0x00000032   Code   RO         2271    i.InputtIO          system.o
    0x00006872   0x00006872   0x00000002   PAD
    0x00006874   0x00006874   0x00000084   Code   RO        11721    i.LCD_12864_Init    12864.o
    0x000068f8   0x000068f8   0x0000000c   Code   RO        15973    i.LCD_Color2Index   lcd.o
    0x00006904   0x00006904   0x00000024   Code   RO        16746    i.LCD_Color2Index_1  lcdp1.o
    0x00006928   0x00006928   0x00000238   Code   RO        15974    i.LCD_DrawBitmap    lcd.o
    0x00006b60   0x00006b60   0x00000058   Code   RO        15975    i.LCD_DrawHLine     lcd.o
    0x00006bb8   0x00006bb8   0x00000060   Code   RO        15976    i.LCD_DrawPixel     lcd.o
    0x00006c18   0x00006c18   0x00000054   Code   RO        16061    i.LCD_DrawVLine     lcd_drawvline.o
    0x00006c6c   0x00006c6c   0x00000064   Code   RO        15977    i.LCD_FillRect      lcd.o
    0x00006cd0   0x00006cd0   0x0000000c   Code   RO        15978    i.LCD_Index2Color   lcd.o
    0x00006cdc   0x00006cdc   0x00000014   Code   RO        16748    i.LCD_Index2Color_1  lcdp1.o
    0x00006cf0   0x00006cf0   0x0000001e   Code   RO        16549    i.LCD_InitLUT       lcdcolor.o
    0x00006d0e   0x00006d0e   0x00000010   Code   RO        16229    i.LCD_L0_Color2Index  lcd_l0_generic.o
    0x00006d1e   0x00006d1e   0x00000002   PAD
    0x00006d20   0x00006d20   0x000000e4   Code   RO        11751    i.LCD_L0_DrawBitmap  lcdmem.o
    0x00006e04   0x00006e04   0x00000140   Code   RO        11752    i.LCD_L0_DrawHLine  lcdmem.o
    0x00006f44   0x00006f44   0x0000006c   Code   RO        11753    i.LCD_L0_DrawVLine  lcdmem.o
    0x00006fb0   0x00006fb0   0x0000001e   Code   RO        11754    i.LCD_L0_FillRect   lcdmem.o
    0x00006fce   0x00006fce   0x00000010   Code   RO        16231    i.LCD_L0_GetRect    lcd_l0_generic.o
    0x00006fde   0x00006fde   0x0000000c   Code   RO        16233    i.LCD_L0_Index2Color  lcd_l0_generic.o
    0x00006fea   0x00006fea   0x0000001a   Code   RO        11757    i.LCD_L0_Init       lcdmem.o
    0x00007004   0x00007004   0x00000002   Code   RO        11758    i.LCD_L0_Off        lcdmem.o
    0x00007006   0x00007006   0x00000002   Code   RO        11759    i.LCD_L0_On         lcdmem.o
    0x00007008   0x00007008   0x00000002   Code   RO        11760    i.LCD_L0_ReInit     lcdmem.o
    0x0000700a   0x0000700a   0x00000006   Code   RO        11761    i.LCD_L0_SetLUTEntry  lcdmem.o
    0x00007010   0x00007010   0x00000034   Code   RO        11762    i.LCD_L0_SetOrg     lcdmem.o
    0x00007044   0x00007044   0x00000038   Code   RO        11763    i.LCD_L0_SetPixelIndex  lcdmem.o
    0x0000707c   0x0000707c   0x00000010   Code   RO        11764    i.LCD_L0_XorPixel   lcdmem.o
    0x0000708c   0x0000708c   0x00000024   Code   RO        15979    i.LCD_SetBkColor    lcd.o
    0x000070b0   0x000070b0   0x00000014   Code   RO        15980    i.LCD_SetBkColorIndex  lcd.o
    0x000070c4   0x000070c4   0x00000010   Code   RO        15981    i.LCD_SetClipRectMax  lcd.o
    0x000070d4   0x000070d4   0x00000024   Code   RO        15982    i.LCD_SetColor      lcd.o
    0x000070f8   0x000070f8   0x00000014   Code   RO        15983    i.LCD_SetColorIndex  lcd.o
    0x0000710c   0x0000710c   0x00000030   Code   RO        15984    i.LCD_SetDrawMode   lcd.o
    0x0000713c   0x0000713c   0x000000d8   Code   RO         2651    i.MyTaskCreate      ucosinit.o
    0x00007214   0x00007214   0x00000064   Code   RO         2652    i.MyTaskDel         ucosinit.o
    0x00007278   0x00007278   0x000000f4   Code   RO            4    i.NBTxDeal          event.o
    0x0000736c   0x0000736c   0x00000018   Code   RO         2272    i.NVIC_DisableIRQ   system.o
    0x00007384   0x00007384   0x00000034   Code   RO         2273    i.NVIC_SET          system.o
    0x000073b8   0x000073b8   0x00000078   Code   RO          494    i.NVIC_SetPriority  main.o
    0x00007430   0x00007430   0x00000078   Code   RO         2274    i.NVIC_SetPriority  system.o
    0x000074a8   0x000074a8   0x00000002   Code   RO        10362    i.OSCfg_Init        os_cfg_app.o
    0x000074aa   0x000074aa   0x00000002   PAD
    0x000074ac   0x000074ac   0x00000018   Code   RO         9808    i.OSIdleTaskHook    os_cpu_c.o
    0x000074c4   0x000074c4   0x0000015c   Code   RO        10382    i.OSInit            os_core.o
    0x00007620   0x00007620   0x00000028   Code   RO         9809    i.OSInitHook        os_cpu_c.o
    0x00007648   0x00007648   0x0000002c   Code   RO        10383    i.OSIntEnter        os_core.o
    0x00007674   0x00007674   0x000000dc   Code   RO        10384    i.OSIntExit         os_core.o
    0x00007750   0x00007750   0x000000b0   Code   RO        10385    i.OSSched           os_core.o
    0x00007800   0x00007800   0x00000080   Code   RO        10386    i.OSSchedLock       os_core.o
    0x00007880   0x00007880   0x000000a4   Code   RO        10389    i.OSSchedUnlock     os_core.o
    0x00007924   0x00007924   0x000000ac   Code   RO        10793    i.OSSemCreate       os_sem.o
    0x000079d0   0x000079d0   0x00000214   Code   RO        10795    i.OSSemPend         os_sem.o
    0x00007be4   0x00007be4   0x0000014c   Code   RO        10797    i.OSSemPost         os_sem.o
    0x00007d30   0x00007d30   0x0000009c   Code   RO        10390    i.OSStart           os_core.o
    0x00007dcc   0x00007dcc   0x00000158   Code   RO        10853    i.OSStatReset       os_stat.o
    0x00007f24   0x00007f24   0x000000f4   Code   RO        10854    i.OSStatTaskCPUUsageInit  os_stat.o
    0x00008018   0x00008018   0x00000018   Code   RO         9810    i.OSStatTaskHook    os_cpu_c.o
    0x00008030   0x00008030   0x000001f8   Code   RO        10884    i.OSTaskCreate      os_task.o
    0x00008228   0x00008228   0x0000001c   Code   RO         9811    i.OSTaskCreateHook  os_cpu_c.o
    0x00008244   0x00008244   0x000001c8   Code   RO        10885    i.OSTaskDel         os_task.o
    0x0000840c   0x0000840c   0x0000001c   Code   RO         9812    i.OSTaskDelHook     os_cpu_c.o
    0x00008428   0x00008428   0x00000230   Code   RO        10887    i.OSTaskQPend       os_task.o
    0x00008658   0x00008658   0x0000013c   Code   RO        10889    i.OSTaskQPost       os_task.o
    0x00008794   0x00008794   0x0000001c   Code   RO         9813    i.OSTaskReturnHook  os_cpu_c.o
    0x000087b0   0x000087b0   0x00000100   Code   RO        10898    i.OSTaskStkChk      os_task.o
    0x000088b0   0x000088b0   0x000000c8   Code   RO         9814    i.OSTaskStkInit     os_cpu_c.o
    0x00008978   0x00008978   0x00000080   Code   RO         9815    i.OSTaskSwHook      os_cpu_c.o
    0x000089f8   0x000089f8   0x000000d0   Code   RO        11074    i.OSTimeDly         os_time.o
    0x00008ac8   0x00008ac8   0x000001a4   Code   RO        11075    i.OSTimeDlyHMSM     os_time.o
    0x00008c6c   0x00008c6c   0x00000038   Code   RO        11079    i.OSTimeTick        os_time.o
    0x00008ca4   0x00008ca4   0x00000018   Code   RO         9816    i.OSTimeTickHook    os_cpu_c.o
    0x00008cbc   0x00008cbc   0x00000036   Code   RO         9817    i.OS_CPU_SysTickHandler  os_cpu_c.o
    0x00008cf2   0x00008cf2   0x00000002   PAD
    0x00008cf4   0x00008cf4   0x00000038   Code   RO         9818    i.OS_CPU_SysTickInit  os_cpu_c.o
    0x00008d2c   0x00008d2c   0x000001e8   Code   RO        10562    i.OS_Dbg_Init       os_dbg.o
    0x00008f14   0x00008f14   0x0000004c   Code   RO        10392    i.OS_IdleTask       os_core.o
    0x00008f60   0x00008f60   0x00000070   Code   RO        10393    i.OS_IdleTaskInit   os_core.o
    0x00008fd0   0x00008fd0   0x00000080   Code   RO        10589    i.OS_MsgPoolInit    os_msg.o
    0x00009050   0x00009050   0x00000044   Code   RO        10590    i.OS_MsgQFreeAll    os_msg.o
    0x00009094   0x00009094   0x0000006c   Code   RO        10591    i.OS_MsgQGet        os_msg.o
    0x00009100   0x00009100   0x0000000e   Code   RO        10592    i.OS_MsgQInit       os_msg.o
    0x0000910e   0x0000910e   0x00000002   PAD
    0x00009110   0x00009110   0x000000ac   Code   RO        10593    i.OS_MsgQPut        os_msg.o
    0x000091bc   0x000091bc   0x00000008   Code   RO        10633    i.OS_MutexGrpAdd    os_mutex.o
    0x000091c4   0x000091c4   0x0000005c   Code   RO        10634    i.OS_MutexGrpPostAll  os_mutex.o
    0x00009220   0x00009220   0x0000002c   Code   RO        10635    i.OS_MutexGrpPrioFindHighest  os_mutex.o
    0x0000924c   0x0000924c   0x0000001c   Code   RO        10636    i.OS_MutexGrpRemove  os_mutex.o
    0x00009268   0x00009268   0x00000040   Code   RO        10394    i.OS_Pend           os_core.o
    0x000092a8   0x000092a8   0x0000005c   Code   RO        10396    i.OS_PendDbgNameAdd  os_core.o
    0x00009304   0x00009304   0x00000028   Code   RO        10397    i.OS_PendDbgNameRemove  os_core.o
    0x0000932c   0x0000932c   0x00000024   Code   RO        10398    i.OS_PendListChangePrio  os_core.o
    0x00009350   0x00009350   0x0000000a   Code   RO        10399    i.OS_PendListInit   os_core.o
    0x0000935a   0x0000935a   0x0000006a   Code   RO        10400    i.OS_PendListInsertPrio  os_core.o
    0x000093c4   0x000093c4   0x00000050   Code   RO        10401    i.OS_PendListRemove  os_core.o
    0x00009414   0x00009414   0x000000ac   Code   RO        10402    i.OS_Post           os_core.o
    0x000094c0   0x000094c0   0x00000014   Code   RO        10703    i.OS_PrioGetHighest  os_prio.o
    0x000094d4   0x000094d4   0x00000018   Code   RO        10704    i.OS_PrioInit       os_prio.o
    0x000094ec   0x000094ec   0x00000018   Code   RO        10705    i.OS_PrioInsert     os_prio.o
    0x00009504   0x00009504   0x00000018   Code   RO        10706    i.OS_PrioRemove     os_prio.o
    0x0000951c   0x0000951c   0x00000020   Code   RO        10403    i.OS_RdyListInit    os_core.o
    0x0000953c   0x0000953c   0x0000002c   Code   RO        10404    i.OS_RdyListInsert  os_core.o
    0x00009568   0x00009568   0x00000040   Code   RO        10405    i.OS_RdyListInsertHead  os_core.o
    0x000095a8   0x000095a8   0x0000003c   Code   RO        10406    i.OS_RdyListInsertTail  os_core.o
    0x000095e4   0x000095e4   0x0000003e   Code   RO        10407    i.OS_RdyListMoveHeadToTail  os_core.o
    0x00009622   0x00009622   0x00000002   PAD
    0x00009624   0x00009624   0x0000005c   Code   RO        10408    i.OS_RdyListRemove  os_core.o
    0x00009680   0x00009680   0x000000f4   Code   RO        10409    i.OS_SchedRoundRobin  os_core.o
    0x00009774   0x00009774   0x00000030   Code   RO        10800    i.OS_SemDbgListAdd  os_sem.o
    0x000097a4   0x000097a4   0x00000388   Code   RO        10855    i.OS_StatTask       os_stat.o
    0x00009b2c   0x00009b2c   0x000000e0   Code   RO        10856    i.OS_StatTaskInit   os_stat.o
    0x00009c0c   0x00009c0c   0x00000034   Code   RO        10410    i.OS_TaskBlock      os_core.o
    0x00009c40   0x00009c40   0x000000e4   Code   RO        10901    i.OS_TaskChangePrio  os_task.o
    0x00009d24   0x00009d24   0x00000030   Code   RO        10902    i.OS_TaskDbgListAdd  os_task.o
    0x00009d54   0x00009d54   0x0000004c   Code   RO        10903    i.OS_TaskDbgListRemove  os_task.o
    0x00009da0   0x00009da0   0x00000020   Code   RO        10904    i.OS_TaskInit       os_task.o
    0x00009dc0   0x00009dc0   0x000000e0   Code   RO        10905    i.OS_TaskInitTCB    os_task.o
    0x00009ea0   0x00009ea0   0x00000018   Code   RO        10906    i.OS_TaskReturn     os_task.o
    0x00009eb8   0x00009eb8   0x0000001c   Code   RO        11033    i.OS_TickInit       os_tick.o
    0x00009ed4   0x00009ed4   0x000000b4   Code   RO        11034    i.OS_TickListInsert  os_tick.o
    0x00009f88   0x00009f88   0x00000094   Code   RO        11035    i.OS_TickListInsertDly  os_tick.o
    0x0000a01c   0x0000a01c   0x0000005c   Code   RO        11036    i.OS_TickListRemove  os_tick.o
    0x0000a078   0x0000a078   0x00000140   Code   RO        11037    i.OS_TickListUpdate  os_tick.o
    0x0000a1b8   0x0000a1b8   0x0000006c   Code   RO        11038    i.OS_TickUpdate     os_tick.o
    0x0000a224   0x0000a224   0x00000032   Code   RO         2275    i.OutputIO          system.o
    0x0000a256   0x0000a256   0x0000003e   Code   RO          992    i.PortReduceZero_New  convert.o
    0x0000a294   0x0000a294   0x00000130   Code   RO            5    i.PressureAndTempTest  event.o
    0x0000a3c4   0x0000a3c4   0x00000022   Code   RO         2459    i.QueueIsEmpty      uart_api.o
    0x0000a3e6   0x0000a3e6   0x00000022   Code   RO         2460    i.QueueIsFull       uart_api.o
    0x0000a408   0x0000a408   0x0000014c   Code   RO         7370    i.RCC_GetClocksFreq  fm33g0xx_rcc.o
    0x0000a554   0x0000a554   0x00000058   Code   RO         7371    i.RCC_Init_RCHF_Trim  fm33g0xx_rcc.o
    0x0000a5ac   0x0000a5ac   0x0000001c   Code   RO         7373    i.RCC_MPRIL_MPRIL_Set  fm33g0xx_rcc.o
    0x0000a5c8   0x0000a5c8   0x00000020   Code   RO         7375    i.RCC_PERCLKCON2_ADCCKSEL_Set  fm33g0xx_rcc.o
    0x0000a5e8   0x0000a5e8   0x00000068   Code   RO         7376    i.RCC_PERCLK_SetableEx  fm33g0xx_rcc.o
    0x0000a650   0x0000a650   0x00000014   Code   RO         7377    i.RCC_PLLCON_PLLDB_Get  fm33g0xx_rcc.o
    0x0000a664   0x0000a664   0x00000018   Code   RO         7379    i.RCC_PLLCON_PLLEN_Getable  fm33g0xx_rcc.o
    0x0000a67c   0x0000a67c   0x00000024   Code   RO         7380    i.RCC_PLLCON_PLLEN_Setable  fm33g0xx_rcc.o
    0x0000a6a0   0x0000a6a0   0x00000010   Code   RO         7381    i.RCC_PLLCON_PLLINSEL_Get  fm33g0xx_rcc.o
    0x0000a6b0   0x0000a6b0   0x00000010   Code   RO         7383    i.RCC_PLLCON_PLLOSEL_Get  fm33g0xx_rcc.o
    0x0000a6c0   0x0000a6c0   0x00000010   Code   RO         7388    i.RCC_RCHFCON_FSEL_Get  fm33g0xx_rcc.o
    0x0000a6d0   0x0000a6d0   0x00000020   Code   RO         7389    i.RCC_RCHFCON_FSEL_Set  fm33g0xx_rcc.o
    0x0000a6f0   0x0000a6f0   0x00000018   Code   RO         7390    i.RCC_RCHFCON_RCHFEN_Getable  fm33g0xx_rcc.o
    0x0000a708   0x0000a708   0x00000024   Code   RO         7391    i.RCC_RCHFCON_RCHFEN_Setable  fm33g0xx_rcc.o
    0x0000a72c   0x0000a72c   0x00000010   Code   RO         7392    i.RCC_RCHFTRIM_Read  fm33g0xx_rcc.o
    0x0000a73c   0x0000a73c   0x00000010   Code   RO         7393    i.RCC_RCHFTRIM_Write  fm33g0xx_rcc.o
    0x0000a74c   0x0000a74c   0x00000012   Code   RO         7394    i.RCC_RCHF_Init     fm33g0xx_rcc.o
    0x0000a75e   0x0000a75e   0x00000002   PAD
    0x0000a760   0x0000a760   0x00000010   Code   RO         7402    i.RCC_SYSCLKSEL_AHBPRES_Get  fm33g0xx_rcc.o
    0x0000a770   0x0000a770   0x00000020   Code   RO         7403    i.RCC_SYSCLKSEL_AHBPRES_Set  fm33g0xx_rcc.o
    0x0000a790   0x0000a790   0x00000010   Code   RO         7404    i.RCC_SYSCLKSEL_APBPRES_Get  fm33g0xx_rcc.o
    0x0000a7a0   0x0000a7a0   0x00000020   Code   RO         7405    i.RCC_SYSCLKSEL_APBPRES_Set  fm33g0xx_rcc.o
    0x0000a7c0   0x0000a7c0   0x00000020   Code   RO         7407    i.RCC_SYSCLKSEL_EXTICKSEL_Set  fm33g0xx_rcc.o
    0x0000a7e0   0x0000a7e0   0x00000024   Code   RO         7409    i.RCC_SYSCLKSEL_LPM_RCLP_OFF_Setable  fm33g0xx_rcc.o
    0x0000a804   0x0000a804   0x00000028   Code   RO         7413    i.RCC_SYSCLKSEL_SLP_ENEXTI_Setable  fm33g0xx_rcc.o
    0x0000a82c   0x0000a82c   0x00000010   Code   RO         7414    i.RCC_SYSCLKSEL_SYSCLKSEL_Get  fm33g0xx_rcc.o
    0x0000a83c   0x0000a83c   0x0000001c   Code   RO         7415    i.RCC_SYSCLKSEL_SYSCLKSEL_Set  fm33g0xx_rcc.o
    0x0000a858   0x0000a858   0x0000002a   Code   RO         7416    i.RCC_SysClk_Init   fm33g0xx_rcc.o
    0x0000a882   0x0000a882   0x00000002   PAD
    0x0000a884   0x0000a884   0x00000010   Code   RO         7689    i.RTC_ADJUST_Write  fm33g0xx_rtc.o
    0x0000a894   0x0000a894   0x0000001c   Code   RO         7693    i.RTC_ADSIGN_ADSIGN_Set  fm33g0xx_rtc.o
    0x0000a8b0   0x0000a8b0   0x00000010   Code   RO         7704    i.RTC_BCDDATE_Read  fm33g0xx_rtc.o
    0x0000a8c0   0x0000a8c0   0x00000010   Code   RO         7705    i.RTC_BCDDATE_Write  fm33g0xx_rtc.o
    0x0000a8d0   0x0000a8d0   0x00000010   Code   RO         7706    i.RTC_BCDHOUR_Read  fm33g0xx_rtc.o
    0x0000a8e0   0x0000a8e0   0x00000010   Code   RO         7707    i.RTC_BCDHOUR_Write  fm33g0xx_rtc.o
    0x0000a8f0   0x0000a8f0   0x00000010   Code   RO         7708    i.RTC_BCDMIN_Read   fm33g0xx_rtc.o
    0x0000a900   0x0000a900   0x00000010   Code   RO         7709    i.RTC_BCDMIN_Write  fm33g0xx_rtc.o
    0x0000a910   0x0000a910   0x00000010   Code   RO         7710    i.RTC_BCDMONTH_Read  fm33g0xx_rtc.o
    0x0000a920   0x0000a920   0x00000010   Code   RO         7711    i.RTC_BCDMONTH_Write  fm33g0xx_rtc.o
    0x0000a930   0x0000a930   0x00000010   Code   RO         7712    i.RTC_BCDSEC_Read   fm33g0xx_rtc.o
    0x0000a940   0x0000a940   0x00000010   Code   RO         7713    i.RTC_BCDSEC_Write  fm33g0xx_rtc.o
    0x0000a950   0x0000a950   0x00000010   Code   RO         7714    i.RTC_BCDWEEK_Read  fm33g0xx_rtc.o
    0x0000a960   0x0000a960   0x00000010   Code   RO         7715    i.RTC_BCDWEEK_Write  fm33g0xx_rtc.o
    0x0000a970   0x0000a970   0x0000000c   Code   RO         7716    i.RTC_BCDYEAR_Read  fm33g0xx_rtc.o
    0x0000a97c   0x0000a97c   0x0000000c   Code   RO         7717    i.RTC_BCDYEAR_Write  fm33g0xx_rtc.o
    0x0000a988   0x0000a988   0x00000018   Code   RO         7724    i.RTC_CALSTEP_Get   fm33g0xx_rtc.o
    0x0000a9a0   0x0000a9a0   0x0000001c   Code   RO         7733    i.RTC_FSEL_FSEL_Set  fm33g0xx_rtc.o
    0x0000a9bc   0x0000a9bc   0x000000f4   Code   RO         1397    i.RTC_IRQHandler    interrupt_api.o
    0x0000aab0   0x0000aab0   0x00000018   Code   RO          775    i.RTC_Init_Exp      api_exp.o
    0x0000aac8   0x0000aac8   0x00000024   Code   RO         7737    i.RTC_PR1SEN_PR1SEN_Setable  fm33g0xx_rtc.o
    0x0000aaec   0x0000aaec   0x00000018   Code   RO         7738    i.RTC_RTCIE_GetableEx  fm33g0xx_rtc.o
    0x0000ab04   0x0000ab04   0x00000020   Code   RO         7739    i.RTC_RTCIE_SetableEx  fm33g0xx_rtc.o
    0x0000ab24   0x0000ab24   0x00000018   Code   RO         7740    i.RTC_RTCIF_ChkEx   fm33g0xx_rtc.o
    0x0000ab3c   0x0000ab3c   0x0000000c   Code   RO         7741    i.RTC_RTCIF_ClrEx   fm33g0xx_rtc.o
    0x0000ab48   0x0000ab48   0x0000000c   Code   RO         7742    i.RTC_RTCWE_Write   fm33g0xx_rtc.o
    0x0000ab54   0x0000ab54   0x00000024   Code   RO         7744    i.RTC_STAMPEN_STAMP0EN_Setable  fm33g0xx_rtc.o
    0x0000ab78   0x0000ab78   0x00000024   Code   RO         7746    i.RTC_STAMPEN_STAMP1EN_Setable  fm33g0xx_rtc.o
    0x0000ab9c   0x0000ab9c   0x00000030   Code   RO         7747    i.RTC_TimeDate_GetEx  fm33g0xx_rtc.o
    0x0000abcc   0x0000abcc   0x00000030   Code   RO         7748    i.RTC_TimeDate_SetEx  fm33g0xx_rtc.o
    0x0000abfc   0x0000abfc   0x000000bc   Code   RO         7749    i.RTC_Trim_Proc     fm33g0xx_rtc.o
    0x0000acb8   0x0000acb8   0x0000025c   Code   RO         2276    i.RchfAdjust        system.o
    0x0000af14   0x0000af14   0x00000064   Code   RO         1211    i.RcvByte           iic_api.o
    0x0000af78   0x0000af78   0x00000010   Code   RO        11765    i.Refresh           lcdmem.o
    0x0000af88   0x0000af88   0x00000046   Code   RO         2278    i.SCU_Init          system.o
    0x0000afce   0x0000afce   0x00000024   Code   RO         8103    i.SCU_MCUDBGCR_DBG_BT1_STOP_Setable  fm33g0xx_scu.o
    0x0000aff2   0x0000aff2   0x00000024   Code   RO         8105    i.SCU_MCUDBGCR_DBG_BT2_STOP_Setable  fm33g0xx_scu.o
    0x0000b016   0x0000b016   0x00000024   Code   RO         8107    i.SCU_MCUDBGCR_DBG_ET1_STOP_Setable  fm33g0xx_scu.o
    0x0000b03a   0x0000b03a   0x00000024   Code   RO         8109    i.SCU_MCUDBGCR_DBG_ET2_STOP_Setable  fm33g0xx_scu.o
    0x0000b05e   0x0000b05e   0x00000024   Code   RO         8111    i.SCU_MCUDBGCR_DBG_ET3_STOP_Setable  fm33g0xx_scu.o
    0x0000b082   0x0000b082   0x00000024   Code   RO         8113    i.SCU_MCUDBGCR_DBG_ET4_STOP_Setable  fm33g0xx_scu.o
    0x0000b0a6   0x0000b0a6   0x00000024   Code   RO         8115    i.SCU_MCUDBGCR_DBG_IWDT_STOP_Setable  fm33g0xx_scu.o
    0x0000b0ca   0x0000b0ca   0x00000022   Code   RO         8117    i.SCU_MCUDBGCR_DBG_WWDT_STOP_Setable  fm33g0xx_scu.o
    0x0000b0ec   0x0000b0ec   0x00000068   Code   RO         1212    i.SIMLT_I2C_OP      iic_api.o
    0x0000b154   0x0000b154   0x00000044   Code   RO         1213    i.SIMLT_I2C_OP_INIT  iic_api.o
    0x0000b198   0x0000b198   0x0000004c   Code   RO         1214    i.SIMLT_Wait_for_end  iic_api.o
    0x0000b1e4   0x0000b1e4   0x000000b0   Code   RO        11722    i.Send              12864.o
    0x0000b294   0x0000b294   0x0000006c   Code   RO         1215    i.SendByte          iic_api.o
    0x0000b300   0x0000b300   0x0000004e   Code   RO         2461    i.SendComMessage    uart_api.o
    0x0000b34e   0x0000b34e   0x00000002   PAD
    0x0000b350   0x0000b350   0x0000003c   Code   RO         1216    i.Start_I2c         iic_api.o
    0x0000b38c   0x0000b38c   0x0000003c   Code   RO         1217    i.Stop_I2c          iic_api.o
    0x0000b3c8   0x0000b3c8   0x0000005c   Code   RO          776    i.Sysinit_Exp       api_exp.o
    0x0000b424   0x0000b424   0x0000001c   Code   RO         9546    i.SystemInit        system_fm33g0xx_app.o
    0x0000b440   0x0000b440   0x00000024   Code   RO          777    i.Temp_Exp          api_exp.o
    0x0000b464   0x0000b464   0x0000006c   Code   RO         1218    i.TestAck           iic_api.o
    0x0000b4d0   0x0000b4d0   0x00000060   Code   RO          993    i.TheIPFormatIsCorrect  convert.o
    0x0000b530   0x0000b530   0x00000030   Code   RO         2280    i.TicksDelay        system.o
    0x0000b560   0x0000b560   0x00000018   Code   RO         2281    i.TicksDelayMs      system.o
    0x0000b578   0x0000b578   0x0000000c   Code   RO         2282    i.TicksDelayUs      system.o
    0x0000b584   0x0000b584   0x0000002c   Code   RO           10    i.ToCheckSum        event.o
    0x0000b5b0   0x0000b5b0   0x0000008c   Code   RO         1404    i.UART2_IRQHandler  interrupt_api.o
    0x0000b63c   0x0000b63c   0x0000008c   Code   RO         1406    i.UART3_IRQHandler  interrupt_api.o
    0x0000b6c8   0x0000b6c8   0x00000064   Code   RO         9122    i.UART_BaudREGCalc  fm33g0xx_uart.o
    0x0000b72c   0x0000b72c   0x00000020   Code   RO         9127    i.UART_IRCON_TH_Set  fm33g0xx_uart.o
    0x0000b74c   0x0000b74c   0x0000001c   Code   RO         9129    i.UART_IRCON_TZBRG_Set  fm33g0xx_uart.o
    0x0000b768   0x0000b768   0x0000011c   Code   RO         9130    i.UART_IRModulation_Init  fm33g0xx_uart.o
    0x0000b884   0x0000b884   0x00000082   Code   RO         9131    i.UART_Init         fm33g0xx_uart.o
    0x0000b906   0x0000b906   0x0000008e   Code   RO         9132    i.UART_SInit        fm33g0xx_uart.o
    0x0000b994   0x0000b994   0x0000002c   Code   RO         9133    i.UART_UARTIE_RxTxIE_GetableEx  fm33g0xx_uart.o
    0x0000b9c0   0x0000b9c0   0x00000040   Code   RO         9134    i.UART_UARTIE_RxTxIE_SetableEx  fm33g0xx_uart.o
    0x0000ba00   0x0000ba00   0x0000002c   Code   RO         9135    i.UART_UARTIF_RxTxIF_ChkEx  fm33g0xx_uart.o
    0x0000ba2c   0x0000ba2c   0x00000018   Code   RO         9136    i.UART_UARTIF_RxTxIF_ClrEx  fm33g0xx_uart.o
    0x0000ba44   0x0000ba44   0x00000018   Code   RO         9139    i.UARTx_RTXCON_RTX7EN_Setable  fm33g0xx_uart.o
    0x0000ba5c   0x0000ba5c   0x00000018   Code   RO         9141    i.UARTx_RTXCON_RXDFLAG_Setable  fm33g0xx_uart.o
    0x0000ba74   0x0000ba74   0x00000018   Code   RO         9143    i.UARTx_RTXCON_TXDFLAG_Setable  fm33g0xx_uart.o
    0x0000ba8c   0x0000ba8c   0x00000008   Code   RO         9145    i.UARTx_RXREG_Read  fm33g0xx_uart.o
    0x0000ba94   0x0000ba94   0x00000018   Code   RO         9147    i.UARTx_RXSTA_ERRIE_Setable  fm33g0xx_uart.o
    0x0000baac   0x0000baac   0x00000018   Code   RO         9153    i.UARTx_RXSTA_PDSEL_Set  fm33g0xx_uart.o
    0x0000bac4   0x0000bac4   0x00000018   Code   RO         9158    i.UARTx_RXSTA_RXEN_Setable  fm33g0xx_uart.o
    0x0000badc   0x0000badc   0x00000006   Code   RO         9160    i.UARTx_SPBRG_Write  fm33g0xx_uart.o
    0x0000bae2   0x0000bae2   0x00000014   Code   RO         9161    i.UARTx_TXBUFSTA_TXFF_Chk  fm33g0xx_uart.o
    0x0000baf6   0x0000baf6   0x00000018   Code   RO         9163    i.UARTx_TXBUFSTA_TX_INTSEL_Set  fm33g0xx_uart.o
    0x0000bb0e   0x0000bb0e   0x00000006   Code   RO         9164    i.UARTx_TXREG_Write  fm33g0xx_uart.o
    0x0000bb14   0x0000bb14   0x00000018   Code   RO         9166    i.UARTx_TXSTA_IREN_Setable  fm33g0xx_uart.o
    0x0000bb2c   0x0000bb2c   0x00000018   Code   RO         9168    i.UARTx_TXSTA_STOPSEL_Set  fm33g0xx_uart.o
    0x0000bb44   0x0000bb44   0x00000018   Code   RO         9171    i.UARTx_TXSTA_TXEN_Setable  fm33g0xx_uart.o
    0x0000bb5c   0x0000bb5c   0x00000018   Code   RO         9173    i.UARTx_TXSTA_TXIS_Set  fm33g0xx_uart.o
    0x0000bb74   0x0000bb74   0x00000020   Code   RO         2585    i.Uart2TimCallBack  uarttimeout.o
    0x0000bb94   0x0000bb94   0x00000020   Code   RO         2586    i.Uart3TimCallBack  uarttimeout.o
    0x0000bbb4   0x0000bbb4   0x000000d0   Code   RO         2462    i.UartRxInterupt    uart_api.o
    0x0000bc84   0x0000bc84   0x00000074   Code   RO         2589    i.UartTimeOut       uarttimeout.o
    0x0000bcf8   0x0000bcf8   0x000000ec   Code   RO         2463    i.UartTxInterupt    uart_api.o
    0x0000bde4   0x0000bde4   0x00000036   Code   RO          778    i.Uart_Init_Macro   api_exp.o
    0x0000be1a   0x0000be1a   0x00000002   PAD
    0x0000be1c   0x0000be1c   0x000000a4   Code   RO          496    i.User_IO_Init      main.o
    0x0000bec0   0x0000bec0   0x00000054   Code   RO        13652    i._Add              gui_fillpolygon.o
    0x0000bf14   0x0000bf14   0x0000002c   Code   RO        13653    i._AddPoint         gui_fillpolygon.o
    0x0000bf40   0x0000bf40   0x00000072   Code   RO        13387    i._CalcOrto         gui_drawline.o
    0x0000bfb2   0x0000bfb2   0x00000008   Code   RO        15011    i._CalcSizeOfChar   gui_uc_encodenone.o
    0x0000bfba   0x0000bfba   0x000000ac   Code   RO        13654    i._CheckYInterSect  gui_fillpolygon.o
    0x0000c066   0x0000c066   0x00000022   Code   RO        12416    i._Check_NegLong    gui_adddecshift.o
    0x0000c088   0x0000c088   0x00000088   Code   RO        15936    i._DispFloatFix     guivalf.o
    0x0000c110   0x0000c110   0x00000070   Code   RO        15394    i._DispLine         guicharline.o
    0x0000c180   0x0000c180   0x000002bc   Code   RO        11766    i._DrawBitLine2BPP  lcdmem.o
    0x0000c43c   0x0000c43c   0x0000017c   Code   RO        11767    i._DrawBitLine4BPP  lcdmem.o
    0x0000c5b8   0x0000c5b8   0x00000098   Code   RO        11768    i._DrawBitLine8BPP  lcdmem.o
    0x0000c650   0x0000c650   0x00000214   Code   RO        11769    i._DrawBitMap1BPP   lcdmem.o
    0x0000c864   0x0000c864   0x00000024   Code   RO        13655    i._DrawHLine        gui_fillpolygon.o
    0x0000c888   0x0000c888   0x00000028   Code   RO        13388    i._DrawLineEnd      gui_drawline.o
    0x0000c8b0   0x0000c8b0   0x00000008   Code   RO        15012    i._Encode           gui_uc_encodenone.o
    0x0000c8b8   0x0000c8b8   0x00000040   Code   RO        13656    i._Flush            gui_fillpolygon.o
    0x0000c8f8   0x0000c8f8   0x00000006   Code   RO        15013    i._GetCharCode      gui_uc_encodenone.o
    0x0000c8fe   0x0000c8fe   0x00000008   Code   RO        15014    i._GetCharSize      gui_uc_encodenone.o
    0x0000c906   0x0000c906   0x00000002   PAD
    0x0000c908   0x0000c908   0x0000001c   Code   RO        15985    i._GetColorIndex    lcd.o
    0x0000c924   0x0000c924   0x00000024   Code   RO        11770    i._GetPixel         lcdmem.o
    0x0000c948   0x0000c948   0x00000030   Code   RO        13657    i._GetPrevPointDiffy  gui_fillpolygon.o
    0x0000c978   0x0000c978   0x0000003c   Code   RO        15742    i._GetTaskNo        guitask.o
    0x0000c9b4   0x0000c9b4   0x00000010   Code   RO        14133    i._GotoX            gui_goto.o
    0x0000c9c4   0x0000c9c4   0x00000010   Code   RO        14134    i._GotoY            gui_goto.o
    0x0000c9d4   0x0000c9d4   0x0000000c   Code   RO        13658    i._Init             gui_fillpolygon.o
    0x0000c9e0   0x0000c9e0   0x00000048   Code   RO        15559    i._InitContext      guicore.o
    0x0000ca28   0x0000ca28   0x000000a8   Code   RO        13389    i._SetLineColor     gui_drawline.o
    0x0000cad0   0x0000cad0   0x00000038   Code   RO        11771    i._SetPixelPhys     lcdmem.o
    0x0000cb08   0x0000cb08   0x0000000a   Code   RO        13390    i._SwapInt          gui_drawline.o
    0x0000cb12   0x0000cb12   0x00000022   Code   RO        11772    i._XorPixel         lcdmem.o
    0x0000cb34   0x0000cb34   0x00000030   Code   RO        18854    i.__ARM_common_ll_muluu  c_p.l(btod.o)
    0x0000cb64   0x0000cb64   0x0000001c   Code   RO          747    i.__ARM_common_switch8  adc_api.o
    0x0000cb80   0x0000cb80   0x0000002c   Code   RO        18776    i.__ARM_fpclassify  m_ps.l(fpclassify.o)
    0x0000cbac   0x0000cbac   0x0000004e   Code   RO         2464    i.__DelComMessage   uart_api.o
    0x0000cbfa   0x0000cbfa   0x000000ac   Code   RO        18778    i.__kernel_poly     m_ps.l(poly.o)
    0x0000cca6   0x0000cca6   0x000000aa   Code   RO        11470    i.__lzo_init_v2     minilzo.o
    0x0000cd50   0x0000cd50   0x00000014   Code   RO        18762    i.__mathlib_dbl_divzero  m_ps.l(dunder.o)
    0x0000cd64   0x0000cd64   0x00000008   Code   RO        18764    i.__mathlib_dbl_infnan2  m_ps.l(dunder.o)
    0x0000cd6c   0x0000cd6c   0x00000010   Code   RO        18765    i.__mathlib_dbl_invalid  m_ps.l(dunder.o)
    0x0000cd7c   0x0000cd7c   0x00000014   Code   RO        18766    i.__mathlib_dbl_overflow  m_ps.l(dunder.o)
    0x0000cd90   0x0000cd90   0x00000014   Code   RO        18768    i.__mathlib_dbl_underflow  m_ps.l(dunder.o)
    0x0000cda4   0x0000cda4   0x00000020   Code   RO         1994    i.__myfree          malloc.o
    0x0000cdc4   0x0000cdc4   0x00000024   Code   RO         1995    i.__mymalloc        malloc.o
    0x0000cde8   0x0000cde8   0x00000024   Code   RO         1996    i.__mymallocpro     malloc.o
    0x0000ce0c   0x0000ce0c   0x00000040   Code   RO         1997    i.__myrealloc       malloc.o
    0x0000ce4c   0x0000ce4c   0x00000040   Code   RO        13391    i._atan0_45         gui_drawline.o
    0x0000ce8c   0x0000ce8c   0x00000076   Code   RO        13392    i._atan2            gui_drawline.o
    0x0000cf02   0x0000cf02   0x0000000e   Code   RO        18486    i._is_digit         c_p.l(__printf_wp.o)
    0x0000cf10   0x0000cf10   0x0000016c   Code   RO        11472    i._lzo_config_check  minilzo.o
    0x0000d07c   0x0000d07c   0x00000004   Code   RO         2082    i._sys_exit         myprintf.o
    0x0000d080   0x0000d080   0x00000048   Code   RO         1627    i.bc260OberveSend   iot_bc260.o
    0x0000d0c8   0x0000d0c8   0x00000044   Code   RO         1628    i.bc260OneNetojb1Rec  iot_bc260.o
    0x0000d10c   0x0000d10c   0x0000004c   Code   RO         1629    i.bc260OneNetojb2Rec  iot_bc260.o
    0x0000d158   0x0000d158   0x00000068   Code   RO         1630    i.bc260SendCoapIPort  iot_bc260.o
    0x0000d1c0   0x0000d1c0   0x00000080   Code   RO         1631    i.bc260SendUdpTcpIpPort  iot_bc260.o
    0x0000d240   0x0000d240   0x00000050   Code   RO         1632    i.bc260coapsend     iot_bc260.o
    0x0000d290   0x0000d290   0x000000b0   Code   RO         1633    i.bc260faildo       iot_bc260.o
    0x0000d340   0x0000d340   0x0000008c   Code   RO         1634    i.bc260getcmd       iot_bc260.o
    0x0000d3cc   0x0000d3cc   0x00000030   Code   RO         1635    i.bc260iotRst       iot_bc260.o
    0x0000d3fc   0x0000d3fc   0x00000070   Code   RO         1636    i.bc260onetsend     iot_bc260.o
    0x0000d46c   0x0000d46c   0x0000025c   Code   RO         1637    i.bc260rxanaly      iot_bc260.o
    0x0000d6c8   0x0000d6c8   0x00000820   Code   RO         1638    i.bc260rxdeal       iot_bc260.o
    0x0000dee8   0x0000dee8   0x00000010   Code   RO         1639    i.bc260tcpsend      iot_bc260.o
    0x0000def8   0x0000def8   0x00000044   Code   RO         1640    i.bc260udpsend      iot_bc260.o
    0x0000df3c   0x0000df3c   0x0000005c   Code   RO        11154    i.cJSON_Delete      cjson.o
    0x0000df98   0x0000df98   0x0000000c   Code   RO        11162    i.cJSON_GetErrorPtr  cjson.o
    0x0000dfa4   0x0000dfa4   0x00000020   Code   RO        11163    i.cJSON_GetObjectItem  cjson.o
    0x0000dfc4   0x0000dfc4   0x00000020   Code   RO        11166    i.cJSON_New_Item    cjson.o
    0x0000dfe4   0x0000dfe4   0x00000010   Code   RO        11167    i.cJSON_Parse       cjson.o
    0x0000dff4   0x0000dff4   0x0000006c   Code   RO        11168    i.cJSON_ParseWithOpts  cjson.o
    0x0000e060   0x0000e060   0x00000050   Code   RO        11173    i.cJSON_strcasecmp  cjson.o
    0x0000e0b0   0x0000e0b0   0x000003b4   Code   RO          497    i.cJSON_to_cmddata  main.o
    0x0000e464   0x0000e464   0x00000024   Code   RO          995    i.camper            convert.o
    0x0000e488   0x0000e488   0x0000003e   Code   RO           13    i.compute_m         event.o
    0x0000e4c6   0x0000e4c6   0x00000002   PAD
    0x0000e4c8   0x0000e4c8   0x000000c8   Code   RO        18612    i.floor             m_ps.l(floor.o)
    0x0000e590   0x0000e590   0x00000038   Code   RO         2084    i.fputc             myprintf.o
    0x0000e5c8   0x0000e5c8   0x000000b0   Code   RO           14    i.getTemporPre      event.o
    0x0000e678   0x0000e678   0x00000008   Code   RO         1801    i.getiot            iotnew_api.o
    0x0000e680   0x0000e680   0x00000024   Code   RO         1219    i.iic_op_scl        iic_api.o
    0x0000e6a4   0x0000e6a4   0x00000014   Code   RO         1220    i.iic_op_sda_in     iic_api.o
    0x0000e6b8   0x0000e6b8   0x00000024   Code   RO         1221    i.iic_op_sda_out    iic_api.o
    0x0000e6dc   0x0000e6dc   0x00000028   Code   RO         1222    i.iic_op_sda_set    iic_api.o
    0x0000e704   0x0000e704   0x0000000a   Code   RO         1802    i.iotEnd            iotnew_api.o
    0x0000e70e   0x0000e70e   0x00000012   Code   RO         1803    i.iotRead           iotnew_api.o
    0x0000e720   0x0000e720   0x00000044   Code   RO         1804    i.iotRecDat         iotnew_api.o
    0x0000e764   0x0000e764   0x00000014   Code   RO         1805    i.iotRst            iotnew_api.o
    0x0000e778   0x0000e778   0x0000017c   Code   RO         1806    i.iotRxData         iotnew_api.o
    0x0000e8f4   0x0000e8f4   0x0000007c   Code   RO         1807    i.iotRxDeal         iotnew_api.o
    0x0000e970   0x0000e970   0x0000001c   Code   RO         1808    i.iotSend           iotnew_api.o
    0x0000e98c   0x0000e98c   0x00000034   Code   RO         1810    i.iotTim            iotnew_api.o
    0x0000e9c0   0x0000e9c0   0x00000024   Code   RO         1811    i.iotTxData         iotnew_api.o
    0x0000e9e4   0x0000e9e4   0x0000000a   Code   RO         1812    i.iotTxDeal         iotnew_api.o
    0x0000e9ee   0x0000e9ee   0x00000002   PAD
    0x0000e9f0   0x0000e9f0   0x000000ac   Code   RO         1813    i.iot_init          iotnew_api.o
    0x0000ea9c   0x0000ea9c   0x00000074   Code   RO         1814    i.iot_start         iotnew_api.o
    0x0000eb10   0x0000eb10   0x000001e0   Code   RO         1815    i.iotprintf         iotnew_api.o
    0x0000ecf0   0x0000ecf0   0x00000036   Code   RO         2131    i.isLeap            rtc_api.o
    0x0000ed26   0x0000ed26   0x00000092   Code   RO          996    i.is_ipv4_addr      convert.o
    0x0000edb8   0x0000edb8   0x00000082   Code   RO        11723    i.lcd_show          12864.o
    0x0000ee3a   0x0000ee3a   0x000001c6   Code   RO        11475    i.lzo1x_1_compress  minilzo.o
    0x0000f000   0x0000f000   0x00000288   Code   RO        11476    i.lzo1x_1_compress_core  minilzo.o
    0x0000f288   0x0000f288   0x000002fc   Code   RO        11478    i.lzo1x_decompress_safe  minilzo.o
    0x0000f584   0x0000f584   0x00000018   Code   RO        11484    i.lzo_memops_get_le16  minilzo.o
    0x0000f59c   0x0000f59c   0x00000020   Code   RO        11485    i.lzo_memops_get_le32  minilzo.o
    0x0000f5bc   0x0000f5bc   0x00000018   Code   RO        11486    i.lzo_memops_get_ne16  minilzo.o
    0x0000f5d4   0x0000f5d4   0x00000020   Code   RO        11487    i.lzo_memops_get_ne32  minilzo.o
    0x0000f5f4   0x0000f5f4   0x00000014   Code   RO        11488    i.lzo_memset        minilzo.o
    0x0000f608   0x0000f608   0x00000008   Code   RO        11490    i.lzo_version_date  minilzo.o
    0x0000f610   0x0000f610   0x00000008   Code   RO        11491    i.lzo_version_string  minilzo.o
    0x0000f618   0x0000f618   0x0000000e   Code   RO          502    i.main              main.o
    0x0000f626   0x0000f626   0x00000002   PAD
    0x0000f628   0x0000f628   0x00000290   Code   RO         1816    i.match_cmd         iotnew_api.o
    0x0000f8b8   0x0000f8b8   0x00000058   Code   RO         1998    i.mem_free          malloc.o
    0x0000f910   0x0000f910   0x0000002c   Code   RO         1999    i.mem_init          malloc.o
    0x0000f93c   0x0000f93c   0x00000124   Code   RO         2000    i.mem_malloc        malloc.o
    0x0000fa60   0x0000fa60   0x00000038   Code   RO         2001    i.mem_perused       malloc.o
    0x0000fa98   0x0000fa98   0x0000001a   Code   RO         2002    i.mymemcpy          malloc.o
    0x0000fab2   0x0000fab2   0x00000014   Code   RO         2003    i.mymemset          malloc.o
    0x0000fac6   0x0000fac6   0x00000024   Code   RO          997    i.mystrlen          convert.o
    0x0000faea   0x0000faea   0x00000002   PAD
    0x0000faec   0x0000faec   0x000000a8   Code   RO        11176    i.parse_array       cjson.o
    0x0000fb94   0x0000fb94   0x00000114   Code   RO        11177    i.parse_hex4        cjson.o
    0x0000fca8   0x0000fca8   0x0000018c   Code   RO        11178    i.parse_number      cjson.o
    0x0000fe34   0x0000fe34   0x00000110   Code   RO        11179    i.parse_object      cjson.o
    0x0000ff44   0x0000ff44   0x000001ec   Code   RO        11180    i.parse_string      cjson.o
    0x00010130   0x00010130   0x000000c0   Code   RO        11181    i.parse_value       cjson.o
    0x000101f0   0x000101f0   0x000009fc   Code   RO        18616    i.pow               m_ps.l(pow.o)
    0x00010bec   0x00010bec   0x000001e4   Code   RO           19    i.showgui           event.o
    0x00010dd0   0x00010dd0   0x0000037c   Code   RO           20    i.showpretable      event.o
    0x0001114c   0x0001114c   0x000002f4   Code   RO           21    i.showtemptable     event.o
    0x00011440   0x00011440   0x00000016   Code   RO        11188    i.skip              cjson.o
    0x00011456   0x00011456   0x00000002   PAD
    0x00011458   0x00011458   0x00000048   Code   RO        18634    i.sqrt              m_ps.l(sqrt.o)
    0x000114a0   0x000114a0   0x0000005a   Code   RO          998    i.strnstr           convert.o
    0x000114fa   0x000114fa   0x00000006   Code   RO        11492    i.u2p               minilzo.o
    0x00011500   0x00011500   0x00000002   Code   RO          504    i.uCOS_APP_1d       main.o
    0x00011502   0x00011502   0x00000002   Code   RO          505    i.uCOS_APP_1h       main.o
    0x00011504   0x00011504   0x00000104   Code   RO          506    i.uCOS_APP_1m       main.o
    0x00011608   0x00011608   0x0000002c   Code   RO          507    i.uCOS_APP_1s       main.o
    0x00011634   0x00011634   0x00000064   Code   RO          508    i.uCOS_APP_IO       main.o
    0x00011698   0x00011698   0x00000010   Code   RO          509    i.uCOS_APP_Lptim    main.o
    0x000116a8   0x000116a8   0x00000010   Code   RO          510    i.uCOS_APP_Uart2    main.o
    0x000116b8   0x000116b8   0x000000a4   Code   RO          511    i.uCOS_APP_Uart3    main.o
    0x0001175c   0x0001175c   0x00000002   Code   RO         2661    i.uCOS_EventCreate  ucosinit.o
    0x0001175e   0x0001175e   0x00000002   PAD
    0x00011760   0x00011760   0x00000028   Code   RO           22    i.uCOS_LEDCreate    event.o
    0x00011788   0x00011788   0x00000002   Code   RO          512    i.uCOS_LowPower     main.o
    0x0001178a   0x0001178a   0x00000002   PAD
    0x0001178c   0x0001178c   0x00000028   Code   RO           23    i.uCOS_NBTaskCreate  event.o
    0x000117b4   0x000117b4   0x00000048   Code   RO         2663    i.uCOS_Start        ucosinit.o
    0x000117fc   0x000117fc   0x00000178   Code   RO          513    i.uCOS_SystemInit   main.o
    0x00011974   0x00011974   0x0000008c   Code   RO         2665    i.uCOS_TaskClock    ucosinit.o
    0x00011a00   0x00011a00   0x00000094   Code   RO         2666    i.uCOS_TaskCreate   ucosinit.o
    0x00011a94   0x00011a94   0x0000001c   Code   RO         2667    i.uCOS_TaskIO       ucosinit.o
    0x00011ab0   0x00011ab0   0x0000007c   Code   RO           24    i.uCOS_TaskLED      event.o
    0x00011b2c   0x00011b2c   0x000000dc   Code   RO           25    i.uCOS_TaskNB       event.o
    0x00011c08   0x00011c08   0x00000030   Code   RO         2668    i.uCOS_TaskStart    ucosinit.o
    0x00011c38   0x00011c38   0x00000024   Code   RO         2669    i.uCOS_TaskUart2    ucosinit.o
    0x00011c5c   0x00011c5c   0x00000024   Code   RO         2670    i.uCOS_TaskUart3    ucosinit.o
    0x00011c80   0x00011c80   0x00000370   Code   RO           26    i.uCOS_Taskyasuo    event.o
    0x00011ff0   0x00011ff0   0x00000008   Code   RO         2283    i.uCosTimer         system.o
    0x00011ff8   0x00011ff8   0x0000002c   Code   RO           27    i.yasuotest         event.o
    0x00012024   0x00012024   0x0000002c   Code   RO        18861    locale$$code        c_p.l(lc_ctype_c.o)
    0x00012050   0x00012050   0x0000002c   Code   RO        18864    locale$$code        c_p.l(lc_numeric_c.o)
    0x0001207c   0x0001207c   0x00000068   Code   RO        18570    x$fpl$drleqf        fz_ps.l(drlef.o)
    0x000120e4   0x000120e4   0x0000008c   Code   RO        18574    x$fpl$fadd          fz_ps.l(faddsub.o)
    0x00012170   0x00012170   0x00000054   Code   RO        18591    x$fpl$fleqf         fz_ps.l(flef.o)
    0x000121c4   0x000121c4   0x000000b0   Code   RO        18593    x$fpl$fmul          fz_ps.l(fmul.o)
    0x00012274   0x00012274   0x00000058   Code   RO        18595    x$fpl$frleqf        fz_ps.l(frlef.o)
    0x000122cc   0x000122cc   0x00000018   Code   RO        18575    x$fpl$frsb          fz_ps.l(faddsub.o)
    0x000122e4   0x000122e4   0x000000d0   Code   RO        18576    x$fpl$fsub          fz_ps.l(faddsub.o)
    0x000123b4   0x000123b4   0x00000010   Code   RO        18597    x$fpl$printf1       fz_ps.l(printf1.o)
    0x000123c4   0x000123c4   0x00000000   Code   RO        18758    x$fpl$usenofp       fz_ps.l(usenofp.o)
    0x000123c4   0x000123c4   0x00000050   Data   RO           29    .constdata          event.o
    0x00012414   0x00012414   0x00000ccc   Data   RO         1642    .constdata          iot_bc260.o
    0x000130e0   0x000130e0   0x0000000d   Data   RO         2133    .constdata          rtc_api.o
    0x000130ed   0x000130ed   0x00000003   PAD
    0x000130f0   0x000130f0   0x00000104   Data   RO         9665    .constdata          cpu_core.o
    0x000131f4   0x000131f4   0x00000064   Data   RO        10364    .constdata          os_cfg_app.o
    0x00013258   0x00013258   0x00000168   Data   RO        10563    .constdata          os_dbg.o
    0x000133c0   0x000133c0   0x00000007   Data   RO        11190    .constdata          cjson.o
    0x000133c7   0x000133c7   0x00000016   Data   RO        11493    .constdata          minilzo.o
    0x000133dd   0x000133dd   0x00000049   Data   RO        11774    .constdata          lcdmem.o
    0x00013426   0x00013426   0x00000002   PAD
    0x00013428   0x00013428   0x00000028   Data   RO        12417    .constdata          gui_adddecshift.o
    0x00013450   0x00013450   0x00000044   Data   RO        13393    .constdata          gui_drawline.o
    0x00013494   0x00013494   0x00000010   Data   RO        15015    .constdata          gui_uc_encodenone.o
    0x000134a4   0x000134a4   0x00000270   Data   RO        17639    .constdata          f4x6.o
    0x00013714   0x00013714   0x00000648   Data   RO        18265    .constdata          fd24x32.o
    0x00013d5c   0x00013d5c   0x00000028   Data   RO        18459    .constdata          c_p.l(_printf_hex_int.o)
    0x00013d84   0x00013d84   0x00000011   Data   RO        18494    .constdata          c_p.l(__printf_flags_ss_wp.o)
    0x00013d95   0x00013d95   0x00000080   Data   RO        18558    .constdata          fz_ps.l(ddiv.o)
    0x00013e15   0x00013e15   0x00000040   Data   RO        18581    .constdata          fz_ps.l(fdiv.o)
    0x00013e55   0x00013e55   0x00000003   PAD
    0x00013e58   0x00013e58   0x00000088   Data   RO        18617    .constdata          m_ps.l(pow.o)
    0x00013ee0   0x00013ee0   0x00000008   Data   RO        18780    .constdata          m_ps.l(qnan.o)
    0x00013ee8   0x00013ee8   0x00000094   Data   RO        18849    .constdata          c_p.l(bigflt0.o)
    0x00013f7c   0x00013f7c   0x000000d3   Data   RO           30    .conststring        event.o
    0x0001404f   0x0001404f   0x00000001   PAD
    0x00014050   0x00014050   0x000000c2   Data   RO          522    .conststring        main.o
    0x00014112   0x00014112   0x00000002   PAD
    0x00014114   0x00014114   0x0000030e   Data   RO         1643    .conststring        iot_bc260.o
    0x00014422   0x00014422   0x00000002   PAD
    0x00014424   0x00014424   0x00000020   Data   RO        18972    Region$$Table       anon$$obj.o
    0x00014444   0x00014444   0x00000110   Data   RO        18860    locale$$data        c_p.l(lc_ctype_c.o)
    0x00014554   0x00014554   0x0000001c   Data   RO        18863    locale$$data        c_p.l(lc_numeric_c.o)


    Execution Region RW_IRAM1 (Exec base: 0x20000000, Load base: 0x00014570, Size: 0x000052a8, Max: 0x00006000, ABSOLUTE, COMPRESSED[0x00000038])

    Exec Addr    Load Addr    Size         Type   Attr      Idx    E Section Name        Object

    0x20000000   COMPRESSED   0x00000028   Data   RW           31    .data               event.o
    0x20000028   COMPRESSED   0x0000000c   Data   RW          523    .data               main.o
    0x20000034   COMPRESSED   0x00000004   Data   RW          780    .data               api_exp.o
    0x20000038   COMPRESSED   0x0000000c   Data   RW         1224    .data               iic_api.o
    0x20000044   COMPRESSED   0x00000005   Data   RW         1818    .data               iotnew_api.o
    0x20000049   COMPRESSED   0x00000003   PAD
    0x2000004c   COMPRESSED   0x00000014   Data   RW         2007    .data               malloc.o
    0x20000060   COMPRESSED   0x00000004   Data   RW         2085    .data               myprintf.o
    0x20000064   COMPRESSED   0x00000003   Data   RW         2284    .data               system.o
    0x20000067   COMPRESSED   0x00000003   Data   RW         2590    .data               uarttimeout.o
    0x2000006a   COMPRESSED   0x00000001   Data   RW         2672    .data               ucosinit.o
    0x2000006b   COMPRESSED   0x00000001   PAD
    0x2000006c   COMPRESSED   0x00000004   Data   RW         9547    .data               system_fm33g0xx_app.o
    0x20000070   COMPRESSED   0x0000001c   Data   RW         9666    .data               cpu_core.o
    0x2000008c   COMPRESSED   0x00000004   Data   RW         9819    .data               os_cpu_c.o
    0x20000090   COMPRESSED   0x0000009c   Data   RW        11123    .data               os_var.o
    0x2000012c   COMPRESSED   0x0000000c   Data   RW        11191    .data               cjson.o
    0x20000138   COMPRESSED   0x0000000a   Data   RW        11775    .data               lcdmem.o
    0x20000142   COMPRESSED   0x00000002   PAD
    0x20000144   COMPRESSED   0x00000004   Data   RW        13660    .data               gui_fillpolygon.o
    0x20000148   COMPRESSED   0x00000019   Data   RW        15561    .data               guicore.o
    0x20000161   COMPRESSED   0x00000003   PAD
    0x20000164   COMPRESSED   0x0000000c   Data   RW        15744    .data               guitask.o
    0x20000170        -       0x00000632   Zero   RW           28    .bss                event.o
    0x200007a2        -       0x00000118   Zero   RW          520    .bss                main.o
    0x200008ba        -       0x00000028   Zero   RW          700    .bss                adc_api.o
    0x200008e2   COMPRESSED   0x00000002   PAD
    0x200008e4        -       0x00000010   Zero   RW         1223    .bss                iic_api.o
    0x200008f4        -       0x0000005c   Zero   RW         1641    .bss                iot_bc260.o
    0x20000950        -       0x00000034   Zero   RW         1817    .bss                iotnew_api.o
    0x20000984        -       0x00002640   Zero   RW         2005    .bss                malloc.o
    0x20002fc4        -       0x0000000e   Zero   RW         2132    .bss                rtc_api.o
    0x20002fd2   COMPRESSED   0x00000002   PAD
    0x20002fd4        -       0x00000060   Zero   RW         2465    .bss                uart_api.o
    0x20003034        -       0x000003d4   Zero   RW         2671    .bss                ucosinit.o
    0x20003408        -       0x00000690   Zero   RW        10363    .bss                os_cfg_app.o
    0x20003a98        -       0x0000020c   Zero   RW        11122    .bss                os_var.o
    0x20003ca4        -       0x00000400   Zero   RW        11773    .bss                lcdmem.o
    0x200040a4        -       0x00000050   Zero   RW        11967    .bss                gui_x_ucosiii.o
    0x200040f4        -       0x00000018   Zero   RW        13659    .bss                gui_fillpolygon.o
    0x2000410c        -       0x0000003c   Zero   RW        15560    .bss                guicore.o
    0x20004148        -       0x00000100   Zero   RW        15743    .bss                guitask.o
    0x20004248        -       0x00000060   Zero   RW        18797    .bss                c_p.l(libspace.o)
    0x200042a8        -       0x00000200   Zero   RW         9576    HEAP                startup_fm33g0xx.o
    0x200044a8        -       0x00000e00   Zero   RW         9575    STACK               startup_fm33g0xx.o


==============================================================================

Image component sizes


      Code (inc. data)   RO Data    RW Data    ZI Data      Debug   Object Name

       438         10          0          0          0       1899   12864.o
       936         62          0          0         40       4758   adc_api.o
       266         24          0          4          0       3576   api_exp.o
      2190         86          7         12          0      11845   cjson.o
      1326          4          0          0          0       9313   convert.o
        30          0          0          0          0        284   cpu_a.o
       568         98        260         28          0       8829   cpu_core.o
       198         14          0          0          0       1453   etim_api.o
      4310        790        291         40       1586     143769   event.o
         0          0        624          0          0        624   f4x6.o
         0          0       1608          0          0        752   fd24x32.o
      1328        152          0          0          0       9292   fm33g0xx_anac.o
       676          0          0          0          0      21626   fm33g0xx_etim.o
        28          6          0          0          0        510   fm33g0xx_flash.o
      1762         62          0          0          0      17741   fm33g0xx_gpio.o
       582         84          0          0          0       8904   fm33g0xx_i2c.o
        80         18          0          0          0       1406   fm33g0xx_iwdt.o
      1144        130          0          0          0      26057   fm33g0xx_rcc.o
       808        160          0          0          0      21494   fm33g0xx_rtc.o
       286          0          0          0          0       3970   fm33g0xx_scu.o
      1196         48          0          0          0      18338   fm33g0xx_uart.o
        28          0          0          0          0        596   gui_adddecmin.o
       252         12         40          0          0       3295   gui_adddecshift.o
       336         10          0          0          0       1013   gui_dispstring.o
        40          6          0          0          0        631   gui_dispstringat.o
      1564         34         68          0          0      10057   gui_drawline.o
        52          6          0          0          0        551   gui_drawpoint.o
       844         30          0          4         24       7087   gui_fillpolygon.o
        66          8          0          0          0       1493   gui_goto.o
        46          0          0          0          0        673   gui_invertrect.o
        28          6          0          0          0        557   gui_pen.o
        58          0          0          0          0        989   gui_rectsintersect.o
        24          0          0          0          0        562   gui_setdrawmode.o
        32          4          0          0          0        566   gui_setfont.o
        32          4          0          0          0        558   gui_settextmode.o
        84         10          0          0          0       1253   gui_uc.o
        30          0         16          0          0       2598   gui_uc_encodenone.o
       124         44          0          0         80       2542   gui_x_ucosiii.o
       140         12          0          0          0       1575   guichar.o
       332         26          0          0          0       3227   guicharline.o
       496         10          0          0          0       3151   guicharm.o
       152          4          0          0          0        732   guicirc.o
       190         32          0         25         60       5866   guicore.o
       304         46          0         12        256       3336   guitask.o
       216          0          0          0          0       3240   guival.o
       204         14          0          0          0       1260   guivalf.o
      1948        110          0         12         16      24946   iic_api.o
       792         34          0          0          0       3305   interrupt_api.o
      3772        970       4058          0         92      11269   iot_bc260.o
      2206        108          0          5         52      11247   iotnew_api.o
      1136         68          0          0          0       8740   lcd.o
        84          4          0          0          0        632   lcd_drawvline.o
        44          0          0          0          0       1595   lcd_l0_generic.o
        30          0          0          0          0        566   lcdcolor.o
      2754        102         73         10       1024      17354   lcdmem.o
        56         12          0          0          0       1108   lcdp1.o
      2228        360        194         12        280      18774   main.o
       694         42          0         20       9792       7523   malloc.o
      2554         34         22          0          0      30924   minilzo.o
        60         10          0          4          0       2714   myprintf.o
         2          0        100          0       1680      16770   os_cfg_app.o
      2674        418          0          0          0      15745   os_core.o
       172         36          0          0          0        336   os_cpu_a.o
       634        122          0          4          0       6769   os_cpu_c.o
       488        236        360          0          0       4653   os_dbg.o
       490         44          0          0          0       3878   os_msg.o
       172          0          0          0          0       2807   os_mutex.o
        92         18          0          0          0       1846   os_prio.o
      1084         84          0          0          0       4029   os_sem.o
      1716        236          0          0          0       3899   os_stat.o
      2724        236          0          0          0       9860   os_task.o
       876         52          0          0          0       4905   os_tick.o
       684         84          0          0          0       2797   os_time.o
         0          0          0        156        524      15861   os_var.o
       718         22         13          0         14       6082   rtc_api.o
         0          0          0          0          0        524   sha256.o
        56         26        192          0       4096        648   startup_fm33g0xx.o
      2444        106          0          3          0      16279   system.o
        28         14          0          4          0        683   system_fm33g0xx_app.o
      1826         80          0          0         96      10269   uart_api.o
       284         30          0          3          0       2208   uarttimeout.o
       928        242          0          1        980       8793   ucosinit.o

    ----------------------------------------------------------------------
     60342       6006       7968        368      20696     654186   Object Totals
         0          0         32          0          0          0   (incl. Generated)
        66          0         10          9          4          0   (incl. Padding)

    ----------------------------------------------------------------------

      Code (inc. data)   RO Data    RW Data    ZI Data      Debug   Library Member Name

        86          0          0          0          0          0   __dczerorl2.o
         8          0          0          0          0         68   __main.o
       392          6         17          0          0         76   __printf_flags_ss_wp.o
        14          0          0          0          0         60   __printf_wp.o
         0          0          0          0          0          0   __rtentry.o
        12          0          0          0          0          0   __rtentry2.o
         6          0          0          0          0          0   __rtentry4.o
        60          8          0          0          0          0   __scatter.o
        28          0          0          0          0          0   __scatter_zi.o
        10          0          0          0          0          0   _printf_c.o
        46          0          0          0          0        100   _printf_char.o
        48          6          0          0          0         88   _printf_char_common.o
        40          6          0          0          0         72   _printf_char_file.o
        10          0          0          0          0          0   _printf_d.o
       108         18          0          0          0         76   _printf_dec.o
        10          0          0          0          0          0   _printf_f.o
      1048         14          0          0          0        176   _printf_fp_dec.o
       136         16          0          0          0         76   _printf_fp_infnan.o
        88          4         40          0          0         72   _printf_hex_int.o
       176          0          0          0          0         84   _printf_intcommon.o
        78          0          0          0          0        100   _printf_pad.o
         2          0          0          0          0          0   _printf_percent.o
         4          0          0          0          0          0   _printf_percent_end.o
        10          0          0          0          0          0   _printf_s.o
        82          0          0          0          0         72   _printf_str.o
        10          0          0          0          0          0   _printf_u.o
        10          0          0          0          0          0   _printf_x.o
        22          0          0          0          0         92   _rserrno.o
        10          0          0          0          0         60   _sputc.o
       346          0          0          0          0         92   aeabi_sdiv.o
       216          6        148          0          0         80   bigflt0.o
      1456         30          0          0          0        336   btod.o
        16          0          0          0          0         68   exit.o
         8          0          0          0          0         60   ferror.o
         6          0          0          0          0        136   heapauxi.o
        44         10        272          0          0         76   lc_ctype_c.o
        44         10         28          0          0         76   lc_numeric_c.o
         2          0          0          0          0          0   libinit.o
        30          0          0          0          0          0   libinit2.o
         2          0          0          0          0          0   libshutdown.o
         2          0          0          0          0          0   libshutdown2.o
         8          4          0          0         96         68   libspace.o
       122          0          0          0          0         72   lludiv10.o
        90          0          0          0          0         68   memcmp.o
        28          0          0          0          0         68   memset.o
        28          6          0          0          0         84   noretval__2printf.o
        40          4          0          0          0         84   noretval__2sprintf.o
        16          4          0          0          0         76   rt_ctype_table.o
         8          4          0          0          0         68   rt_errno_addr_intlibspace.o
         8          4          0          0          0         68   rt_locale_intlibspace.o
        64          0          0          0          0        108   rt_memclr.o
       186          0          0          0          0        144   rt_memcpy.o
         2          0          0          0          0          0   rtexit.o
        10          0          0          0          0          0   rtexit2.o
        40          0          0          0          0         60   rtudiv10.o
       136          4          0          0          0         72   strcmp.o
        68          6          0          0          0         72   strlen.o
       160          6          0          0          0         76   strncmp.o
        40          0          0          0          0         72   strstr.o
        62          0          0          0          0         80   sys_stackheap_outer.o
        26          0          0          0          0         68   tolower.o
         2          0          0          0          0         68   use_no_semi.o
         2          0          0          0          0         68   use_no_semi_2.o
        46          0          0          0          0         60   cmpret.o
       124          4          0          0          0         72   d2f.o
       856         20          0          0          0        208   daddsub.o
       144          4          0          0          0         76   dcmpin.o
      1096         26        128          0          0        112   ddiv.o
       108         10          0          0          0         72   dfixi.o
        72          4          0          0          0         68   dfixui.o
        88          0          0          0          0         92   dflti.o
       584         26          0          0          0         84   dmul.o
        20          6          0          0          0         68   dnan2.o
       104          4          0          0          0        104   drlef.o
        96         12          0          0          0         72   dscalbn.o
       256          8          0          0          0         76   dsqrt.o
        84          4          0          0          0         60   f2d.o
       372          8          0          0          0        240   faddsub.o
       100          4          0          0          0         68   fcmpin.o
       352         10         64          0          0         92   fdiv.o
        76          0          0          0          0         68   ffixi.o
        94          0          0          0          0         92   fflti.o
        84          4          0          0          0         76   flef.o
       176          4          0          0          0         80   fmul.o
        16          6          0          0          0         68   fnan2.o
        88          4          0          0          0         76   frlef.o
        16          4          0          0          0         76   printf1.o
        94          0          0          0          0         68   retnan.o
         0          0          0          0          0          0   usenofp.o
        84         14          0          0          0        340   dunder.o
       200         20          0          0          0         76   floor.o
        44          4          0          0          0         60   fpclassify.o
       172          0          0          0          0         76   poly.o
      2556        196        136          0          0        240   pow.o
         0          0          8          0          0          0   qnan.o
        72          6          0          0          0         76   sqrt.o

    ----------------------------------------------------------------------
     14158        588        844          0         96       6836   Library Totals
        12          0          3          0          0          0   (incl. Padding)

    ----------------------------------------------------------------------

      Code (inc. data)   RO Data    RW Data    ZI Data      Debug   Library Name

      5872        176        505          0         96       3740   c_p.l
      5146        172        192          0          0       2228   fz_ps.l
      3128        240        144          0          0        868   m_ps.l

    ----------------------------------------------------------------------
     14158        588        844          0         96       6836   Library Totals

    ----------------------------------------------------------------------

==============================================================================


      Code (inc. data)   RO Data    RW Data    ZI Data      Debug   

     74500       6594       8812        368      20792     630974   Grand Totals
     74500       6594       8812         56      20792     630974   ELF Image Totals (compressed)
     74500       6594       8812         56          0          0   ROM Totals

==============================================================================

    Total RO  Size (Code + RO Data)                83312 (  81.36kB)
    Total RW  Size (RW Data + ZI Data)             21160 (  20.66kB)
    Total ROM Size (Code + RO Data + RW Data)      83368 (  81.41kB)

==============================================================================

