Component: ARM Compiler 5.06 update 6 (build 750) Tool: armlink [4d35ed]

==============================================================================

Section Cross References

    interrupt.o(i.ClearClosedIF) refers to fm33g0xx_uart.o(i.UART_UARTIE_RxTxIE_GetableEx) for UART_UARTIE_RxTxIE_GetableEx
    interrupt.o(i.ClearClosedIF) refers to fm33g0xx_uart.o(i.UART_UARTIF_RxTxIF_ChkEx) for UART_UARTIF_RxTxIF_ChkEx
    interrupt.o(i.ClearClosedIF) refers to fm33g0xx_uart.o(i.UARTx_RXREG_Read) for UARTx_RXREG_Read
    interrupt.o(i.ClearClosedIF) refers to fm33g0xx_uart.o(i.UART_UARTIF_RxTxIF_ClrEx) for UART_UARTIF_RxTxIF_ClrEx
    interrupt.o(i.ETIM2_IRQHandler) refers to fm33g0xx_etim.o(i.ETIMx_ETxIF_OVIF_Clr) for ETIMx_ETxIF_OVIF_Clr
    interrupt.o(i.ETIM2_IRQHandler) refers to fm33g0xx_uart.o(i.UART_UARTIE_RxTxIE_SetableEx) for UART_UARTIE_RxTxIE_SetableEx
    interrupt.o(i.ETIM2_IRQHandler) refers to fm33g0xx_uart.o(i.UARTx_TXREG_Write) for UARTx_TXREG_Write
    interrupt.o(i.ETIM2_IRQHandler) refers to bootmain.o(.data) for JumpCount
    interrupt.o(i.ETIM2_IRQHandler) refers to interrupt.o(.data) for .data
    interrupt.o(i.ETIM2_IRQHandler) refers to uart.o(.bss) for Uart
    interrupt.o(i.UART1_IRQHandler) refers to fm33g0xx_uart.o(i.UART_UARTIE_RxTxIE_GetableEx) for UART_UARTIE_RxTxIE_GetableEx
    interrupt.o(i.UART1_IRQHandler) refers to fm33g0xx_uart.o(i.UART_UARTIF_RxTxIF_ChkEx) for UART_UARTIF_RxTxIF_ChkEx
    interrupt.o(i.UART1_IRQHandler) refers to fm33g0xx_uart.o(i.UARTx_RXREG_Read) for UARTx_RXREG_Read
    interrupt.o(i.UART1_IRQHandler) refers to uart.o(i.Judge_RX_Frame) for Judge_RX_Frame
    interrupt.o(i.UART1_IRQHandler) refers to uart.o(i.Tx_Frame) for Tx_Frame
    interrupt.o(i.UART1_IRQHandler) refers to fm33g0xx_uart.o(i.UART_UARTIF_RxTxIF_ClrEx) for UART_UARTIF_RxTxIF_ClrEx
    interrupt.o(i.UART1_IRQHandler) refers to interrupt.o(i.ClearClosedIF) for ClearClosedIF
    uart.o(i.Judge_RX_Frame) refers to uart.o(i.__ARM_common_switch8) for __ARM_common_switch8
    uart.o(i.Judge_RX_Frame) refers to uart.o(i.Uart_RXErr_Proc) for Uart_RXErr_Proc
    uart.o(i.Judge_RX_Frame) refers to uart.o(.bss) for .bss
    uart.o(i.Tx_Frame) refers to fm33g0xx_uart.o(i.UARTx_TXREG_Write) for UARTx_TXREG_Write
    uart.o(i.Tx_Frame) refers to uart.o(.bss) for .bss
    uart.o(i.Uart_Proc) refers to uart.o(i.CalCRC16_CCITT) for CalCRC16_CCITT
    uart.o(i.Uart_Proc) refers to fm33g0xx_iwdt.o(i.IWDT_Clr) for IWDT_Clr
    uart.o(i.Uart_Proc) refers to flash_api.o(i.Flash_Erase_Sector) for Flash_Erase_Sector
    uart.o(i.Uart_Proc) refers to flash_api.o(i.API_Erase_Sector) for API_Erase_Sector
    uart.o(i.Uart_Proc) refers to rt_memcpy.o(.text) for __aeabi_memcpy
    uart.o(i.Uart_Proc) refers to flash_api.o(i.Flsah_Write_String) for Flsah_Write_String
    uart.o(i.Uart_Proc) refers to rt_memclr.o(.text) for __aeabi_memclr4
    uart.o(i.Uart_Proc) refers to uart.o(i.BitChange) for BitChange
    uart.o(i.Uart_Proc) refers to uart.o(.bss) for .bss
    uart.o(i.Uart_Proc) refers to bootmain.o(.data) for FlashOpID
    uart.o(i.Uart_Proc) refers to uart.o(.data) for .data
    uart.o(i.Uart_RXErr_Proc) refers to uart.o(i.Uart_RxErr_ChkEx) for Uart_RxErr_ChkEx
    uart.o(i.Uart_RXErr_Proc) refers to uart.o(i.Uart_RxErr_ClrEx) for Uart_RxErr_ClrEx
    uart.o(i.Uart_RxErr_ChkEx) refers to fm33g0xx_uart.o(i.UARTx_RXSTA_PERR_Chk) for UARTx_RXSTA_PERR_Chk
    uart.o(i.Uart_RxErr_ChkEx) refers to fm33g0xx_uart.o(i.UARTx_RXSTA_FERR_Chk) for UARTx_RXSTA_FERR_Chk
    uart.o(i.Uart_RxErr_ChkEx) refers to fm33g0xx_uart.o(i.UARTx_RXSTA_OERR_Chk) for UARTx_RXSTA_OERR_Chk
    uart.o(i.Uart_RxErr_ClrEx) refers to fm33g0xx_uart.o(i.UARTx_RXSTA_PERR_Clr) for UARTx_RXSTA_PERR_Clr
    uart.o(i.Uart_RxErr_ClrEx) refers to fm33g0xx_uart.o(i.UARTx_RXSTA_FERR_Clr) for UARTx_RXSTA_FERR_Clr
    uart.o(i.Uart_RxErr_ClrEx) refers to fm33g0xx_uart.o(i.UARTx_RXSTA_OERR_Clr) for UARTx_RXSTA_OERR_Clr
    bootmain.o(i.DeinitSystem) refers to bootmain.o(i.NVIC_DisableIRQ) for NVIC_DisableIRQ
    bootmain.o(i.DeinitSystem) refers to fm33g0xx_etim.o(i.ETIMx_ETxCR_CEN_Setable) for ETIMx_ETxCR_CEN_Setable
    bootmain.o(i.DeinitSystem) refers to fm33g0xx_rcc.o(i.RCC_PERCLK_SetableEx) for RCC_PERCLK_SetableEx
    bootmain.o(i.DeinitSystem) refers to system.o(i.CloseeIO) for CloseeIO
    bootmain.o(i.DeinitSystem) refers to fm33g0xx_uart.o(i.UART_UARTIE_RxTxIE_SetableEx) for UART_UARTIE_RxTxIE_SetableEx
    bootmain.o(i.DeinitSystem) refers to fm33g0xx_uart.o(i.UARTx_TXSTA_TXEN_Setable) for UARTx_TXSTA_TXEN_Setable
    bootmain.o(i.DeinitSystem) refers to fm33g0xx_uart.o(i.UARTx_RXSTA_RXEN_Setable) for UARTx_RXSTA_RXEN_Setable
    bootmain.o(i.Init_Etim2) refers to etim_api.o(i.API_Etim_Init) for API_Etim_Init
    bootmain.o(i.Init_Etim2) refers to fm33g0xx_etim.o(i.ETIMx_ETxCR_CEN_Setable) for ETIMx_ETxCR_CEN_Setable
    bootmain.o(i.main) refers to system.o(i.Init_System) for Init_System
[...]
    ..\lib\fm33g0xx_rtc.c                    0x00000000   Number         0  fm33g0xx_rtc.o ABSOLUTE
    ..\lib\fm33g0xx_scu.c                    0x00000000   Number         0  fm33g0xx_scu.o ABSOLUTE
    ..\lib\fm33g0xx_spi.c                    0x00000000   Number         0  fm33g0xx_spi.o ABSOLUTE
    ..\lib\fm33g0xx_trng.c                   0x00000000   Number         0  fm33g0xx_trng.o ABSOLUTE
    ..\lib\fm33g0xx_u7816.c                  0x00000000   Number         0  fm33g0xx_u7816.o ABSOLUTE
    ..\lib\fm33g0xx_uart.c                   0x00000000   Number         0  fm33g0xx_uart.o ABSOLUTE
    ..\lib\fm33g0xx_wwdt.c                   0x00000000   Number         0  fm33g0xx_wwdt.o ABSOLUTE
    ..\other\cjson\cJSON.c                   0x00000000   Number         0  cjson_1.o ABSOLUTE
    ..\other\minilzo-2.10\minilzo.c          0x00000000   Number         0  minilzo.o ABSOLUTE
    ..\other\quicklz\quicklz.c               0x00000000   Number         0  quicklz.o ABSOLUTE
    dc.s                                     0x00000000   Number         0  dc.o ABSOLUTE
    !!!main                                  0x000000c0   Section        8  __main.o(!!!main)
    !!!scatter                               0x000000c8   Section       60  __scatter.o(!!!scatter)
    !!handler_copy                           0x00000104   Section       26  __scatter_copy.o(!!handler_copy)
    !!handler_zi                             0x00000120   Section       28  __scatter_zi.o(!!handler_zi)
    .ARM.Collect$$libinit$$00000000          0x0000013c   Section        2  libinit.o(.ARM.Collect$$libinit$$00000000)
    .ARM.Collect$$libinit$$00000002          0x0000013e   Section        0  libinit2.o(.ARM.Collect$$libinit$$00000002)
    .ARM.Collect$$libinit$$00000004          0x0000013e   Section        0  libinit2.o(.ARM.Collect$$libinit$$00000004)
    .ARM.Collect$$libinit$$0000000A          0x0000013e   Section        0  libinit2.o(.ARM.Collect$$libinit$$0000000A)
    .ARM.Collect$$libinit$$0000000C          0x0000013e   Section        0  libinit2.o(.ARM.Collect$$libinit$$0000000C)
    .ARM.Collect$$libinit$$0000000E          0x0000013e   Section        0  libinit2.o(.ARM.Collect$$libinit$$0000000E)
    .ARM.Collect$$libinit$$00000011          0x0000013e   Section        0  libinit2.o(.ARM.Collect$$libinit$$00000011)
    .ARM.Collect$$libinit$$00000013          0x0000013e   Section        0  libinit2.o(.ARM.Collect$$libinit$$00000013)
    .ARM.Collect$$libinit$$00000015          0x0000013e   Section        0  libinit2.o(.ARM.Collect$$libinit$$00000015)
    .ARM.Collect$$libinit$$00000017          0x0000013e   Section        0  libinit2.o(.ARM.Collect$$libinit$$00000017)
    .ARM.Collect$$libinit$$00000019          0x0000013e   Section        0  libinit2.o(.ARM.Collect$$libinit$$00000019)
    .ARM.Collect$$libinit$$0000001B          0x0000013e   Section        0  libinit2.o(.ARM.Collect$$libinit$$0000001B)
    .ARM.Collect$$libinit$$0000001D          0x0000013e   Section        0  libinit2.o(.ARM.Collect$$libinit$$0000001D)
    .ARM.Collect$$libinit$$0000001F          0x0000013e   Section        0  libinit2.o(.ARM.Collect$$libinit$$0000001F)
    .ARM.Collect$$libinit$$00000021          0x0000013e   Section        0  libinit2.o(.ARM.Collect$$libinit$$00000021)
    .ARM.Collect$$libinit$$00000023          0x0000013e   Section        0  libinit2.o(.ARM.Collect$$libinit$$00000023)
    .ARM.Collect$$libinit$$00000025          0x0000013e   Section        0  libinit2.o(.ARM.Collect$$libinit$$00000025)
    .ARM.Collect$$libinit$$0000002C          0x0000013e   Section        0  libinit2.o(.ARM.Collect$$libinit$$0000002C)
    .ARM.Collect$$libinit$$0000002E          0x0000013e   Section        0  libinit2.o(.ARM.Collect$$libinit$$0000002E)
    .ARM.Collect$$libinit$$00000030          0x0000013e   Section        0  libinit2.o(.ARM.Collect$$libinit$$00000030)
    .ARM.Collect$$libinit$$00000032          0x0000013e   Section        0  libinit2.o(.ARM.Collect$$libinit$$00000032)
    .ARM.Collect$$libinit$$00000033          0x0000013e   Section        2  libinit2.o(.ARM.Collect$$libinit$$00000033)
    .ARM.Collect$$libshutdown$$00000000      0x00000140   Section        2  libshutdown.o(.ARM.Collect$$libshutdown$$00000000)
    .ARM.Collect$$libshutdown$$00000002      0x00000142   Section        0  libshutdown2.o(.ARM.Collect$$libshutdown$$00000002)
    .ARM.Collect$$libshutdown$$00000004      0x00000142   Section        0  libshutdown2.o(.ARM.Collect$$libshutdown$$00000004)
    .ARM.Collect$$libshutdown$$00000007      0x00000142   Section        0  libshutdown2.o(.ARM.Collect$$libshutdown$$00000007)
    .ARM.Collect$$libshutdown$$0000000A      0x00000142   Section        0  libshutdown2.o(.ARM.Collect$$libshutdown$$0000000A)
    .ARM.Collect$$libshutdown$$0000000C      0x00000142   Section        0  libshutdown2.o(.ARM.Collect$$libshutdown$$0000000C)
    .ARM.Collect$$libshutdown$$0000000F      0x00000142   Section        0  libshutdown2.o(.ARM.Collect$$libshutdown$$0000000F)
    .ARM.Collect$$libshutdown$$00000010      0x00000142   Section        2  libshutdown2.o(.ARM.Collect$$libshutdown$$00000010)
    .ARM.Collect$$rtentry$$00000000          0x00000144   Section        0  __rtentry.o(.ARM.Collect$$rtentry$$00000000)
    .ARM.Collect$$rtentry$$00000002          0x00000144   Section        0  __rtentry2.o(.ARM.Collect$$rtentry$$00000002)
    .ARM.Collect$$rtentry$$00000004          0x00000144   Section        6  __rtentry4.o(.ARM.Collect$$rtentry$$00000004)
    .ARM.Collect$$rtentry$$00000009          0x0000014a   Section        0  __rtentry2.o(.ARM.Collect$$rtentry$$00000009)
    .ARM.Collect$$rtentry$$0000000A          0x0000014a   Section        4  __rtentry2.o(.ARM.Collect$$rtentry$$0000000A)
    .ARM.Collect$$rtentry$$0000000C          0x0000014e   Section        0  __rtentry2.o(.ARM.Collect$$rtentry$$0000000C)
    .ARM.Collect$$rtentry$$0000000D          0x0000014e   Section        8  __rtentry2.o(.ARM.Collect$$rtentry$$0000000D)
    .ARM.Collect$$rtexit$$00000000           0x00000156   Section        2  rtexit.o(.ARM.Collect$$rtexit$$00000000)
    .ARM.Collect$$rtexit$$00000002           0x00000158   Section        0  rtexit2.o(.ARM.Collect$$rtexit$$00000002)
    .ARM.Collect$$rtexit$$00000003           0x00000158   Section        4  rtexit2.o(.ARM.Collect$$rtexit$$00000003)
    .ARM.Collect$$rtexit$$00000004           0x0000015c   Section        6  rtexit2.o(.ARM.Collect$$rtexit$$00000004)
    .emb_text                                0x00000164   Section       56  rt_memcpy.o(.emb_text)
    .text                                    0x0000019c   Section       56  startup_fm33g0xx.o(.text)
    .text                                    0x000001d4   Section        2  use_no_semi_2.o(.text)
    .text                                    0x000001d6   Section        0  rt_memcpy.o(.text)
    .text                                    0x00000258   Section        0  rt_memclr.o(.text)
    .text                                    0x00000298   Section        0  heapauxi.o(.text)
    .text                                    0x000002a0   Section        0  daddsub.o(.text)
    _dadd1                                   0x000002a1   Thumb Code   290  daddsub.o(.text)
    _dsub1                                   0x000003c3   Thumb Code   470  daddsub.o(.text)
    .text                                    0x000005f8   Section        0  ddiv.o(.text)
    .text                                    0x00000a40   Section        0  dfixui.o(.text)
    .text                                    0x00000a88   Section        0  dmul.o(.text)
    .text                                    0x00000cd0   Section        0  f2d.o(.text)
    .text                                    0x00000d24   Section        0  fdiv.o(.text)
    .text                                    0x00000e84   Section        0  fflti.o(.text)
    .text                                    0x00000ee2   Section        2  use_no_semi.o(.text)
    .text                                    0x00000ee4   Section        0  fcmpin.o(.text)
    .text                                    0x00000f48   Section        8  libspace.o(.text)
    .text                                    0x00000f50   Section        0  cmpret.o(.text)
    .text                                    0x00000f80   Section        0  fnan2.o(.text)
    .text                                    0x00000f90   Section       62  sys_stackheap_outer.o(.text)
    .text                                    0x00000fce   Section        0  exit.o(.text)
    .text                                    0x00000fde   Section        0  retnan.o(.text)
    i.ANAC_BORCON_OFF_BOR_Setable            0x0000103c   Section        0  fm33g0xx_anac.o(i.ANAC_BORCON_OFF_BOR_Setable)
    i.ANAC_PDRCON_PDREN_Setable              0x00001060   Section        0  fm33g0xx_anac.o(i.ANAC_PDRCON_PDREN_Setable)
    i.API_Erase_Sector                       0x00001084   Section        0  flash_api.o(i.API_Erase_Sector)
    i.API_Etim_Init                          0x000010a8   Section        0  etim_api.o(i.API_Etim_Init)
    i.API_Uartx_Init                         0x00001124   Section        0  uart_api.o(i.API_Uartx_Init)
    i.AltFunIO                               0x000012f0   Section        0  system.o(i.AltFunIO)
    i.BitChange                              0x00001328   Section        0  uart.o(i.BitChange)
    i.CalCRC16_CCITT                         0x00001378   Section        0  uart.o(i.CalCRC16_CCITT)
    i.ClearClosedIF                          0x000013d4   Section        0  interrupt.o(i.ClearClosedIF)
    i.Close_AllIO_GPIO_80pin                 0x00001418   Section        0  system.o(i.Close_AllIO_GPIO_80pin)
    i.CloseeIO                               0x00001484   Section        0  system.o(i.CloseeIO)
    i.DeinitSystem                           0x000014c4   Section        0  bootmain.o(i.DeinitSystem)
    i.ETIM2_IRQHandler                       0x00001544   Section        0  interrupt.o(i.ETIM2_IRQHandler)
    i.ETIMx_ETxCMP_Write                     0x00001634   Section        0  fm33g0xx_etim.o(i.ETIMx_ETxCMP_Write)
    i.ETIMx_ETxCR_CAPCLR_Setable             0x0000163a   Section        0  fm33g0xx_etim.o(i.ETIMx_ETxCR_CAPCLR_Setable)
    i.ETIMx_ETxCR_CAPEDGE_Set                0x00001652   Section        0  fm33g0xx_etim.o(i.ETIMx_ETxCR_CAPEDGE_Set)
    i.ETIMx_ETxCR_CAPMOD_Set                 0x00001664   Section        0  fm33g0xx_etim.o(i.ETIMx_ETxCR_CAPMOD_Set)
    i.ETIMx_ETxCR_CAPONCE_Setable            0x0000167c   Section        0  fm33g0xx_etim.o(i.ETIMx_ETxCR_CAPONCE_Setable)
    i.ETIMx_ETxCR_CASEN_Setable              0x00001694   Section        0  fm33g0xx_etim.o(i.ETIMx_ETxCR_CASEN_Setable)
    i.ETIMx_ETxCR_CEN_Setable                0x000016ac   Section        0  fm33g0xx_etim.o(i.ETIMx_ETxCR_CEN_Setable)
    i.ETIMx_ETxCR_EDGESEL_Set                0x000016c4   Section        0  fm33g0xx_etim.o(i.ETIMx_ETxCR_EDGESEL_Set)
    i.ETIMx_ETxCR_EXFLT_Setable              0x000016dc   Section        0  fm33g0xx_etim.o(i.ETIMx_ETxCR_EXFLT_Setable)
    i.ETIMx_ETxCR_MOD_Set                    0x000016f6   Section        0  fm33g0xx_etim.o(i.ETIMx_ETxCR_MOD_Set)
    i.ETIMx_ETxCR_PWM_Setable                0x0000170e   Section        0  fm33g0xx_etim.o(i.ETIMx_ETxCR_PWM_Setable)
    i.ETIMx_ETxIE_CAPIE_Setable              0x00001728   Section        0  fm33g0xx_etim.o(i.ETIMx_ETxIE_CAPIE_Setable)
    i.ETIMx_ETxIE_CMPIE_Setable              0x00001740   Section        0  fm33g0xx_etim.o(i.ETIMx_ETxIE_CMPIE_Setable)
    i.ETIMx_ETxIE_OVIE_Setable               0x00001758   Section        0  fm33g0xx_etim.o(i.ETIMx_ETxIE_OVIE_Setable)
    i.ETIMx_ETxIF_OVIF_Clr                   0x00001770   Section        0  fm33g0xx_etim.o(i.ETIMx_ETxIF_OVIF_Clr)
    i.ETIMx_ETxINSEL_GRP1SEL_Set             0x00001776   Section        0  fm33g0xx_etim.o(i.ETIMx_ETxINSEL_GRP1SEL_Set)
    i.ETIMx_ETxINSEL_GRP2SEL_Set             0x00001788   Section        0  fm33g0xx_etim.o(i.ETIMx_ETxINSEL_GRP2SEL_Set)
    i.ETIMx_ETxINSEL_SIG1SEL_Set             0x000017a0   Section        0  fm33g0xx_etim.o(i.ETIMx_ETxINSEL_SIG1SEL_Set)
    i.ETIMx_ETxINSEL_SIG2SEL_Set             0x000017b8   Section        0  fm33g0xx_etim.o(i.ETIMx_ETxINSEL_SIG2SEL_Set)
    i.ETIMx_ETxIVR_Write                     0x000017d0   Section        0  fm33g0xx_etim.o(i.ETIMx_ETxIVR_Write)
    i.ETIMx_ETxPESCALE1_Write                0x000017d6   Section        0  fm33g0xx_etim.o(i.ETIMx_ETxPESCALE1_Write)
    i.ETIMx_ETxPESCALE2_Write                0x000017dc   Section        0  fm33g0xx_etim.o(i.ETIMx_ETxPESCALE2_Write)
    i.ETIMx_Init                             0x000017e2   Section        0  fm33g0xx_etim.o(i.ETIMx_Init)
    i.FLASH_EPCON_EREQ_Set                   0x000018a4   Section        0  fm33g0xx_flash.o(i.FLASH_EPCON_EREQ_Set)
    i.FLASH_EPCON_ERTYPE_Set                 0x000018c0   Section        0  fm33g0xx_flash.o(i.FLASH_EPCON_ERTYPE_Set)
    i.FLASH_EPCON_PREQ_Set                   0x000018e0   Section        0  fm33g0xx_flash.o(i.FLASH_EPCON_PREQ_Set)
    i.FLASH_Erase_Sector                     0x00001900   Section        0  fm33g0xx_flash.o(i.FLASH_Erase_Sector)
    i.FLASH_FLSIF_ERDIF_Chk                  0x00001944   Section        0  fm33g0xx_flash.o(i.FLASH_FLSIF_ERDIF_Chk)
    i.FLASH_FLSIF_ERDIF_Clr                  0x0000195c   Section        0  fm33g0xx_flash.o(i.FLASH_FLSIF_ERDIF_Clr)
    i.FLASH_FLSIF_PRDIF_Chk                  0x00001968   Section        0  fm33g0xx_flash.o(i.FLASH_FLSIF_PRDIF_Chk)
    i.FLASH_FLSIF_PRDIF_Clr                  0x00001980   Section        0  fm33g0xx_flash.o(i.FLASH_FLSIF_PRDIF_Clr)
    i.FLASH_FLSKEY_Write                     0x0000198c   Section        0  fm33g0xx_flash.o(i.FLASH_FLSKEY_Write)
    i.FLASH_FLSRDCON_WAIT_Set                0x00001998   Section        0  fm33g0xx_flash.o(i.FLASH_FLSRDCON_WAIT_Set)
    i.FLASH_Prog_ByteString                  0x000019b4   Section        0  fm33g0xx_flash.o(i.FLASH_Prog_ByteString)
    i.Flash_Erase_Sector                     0x00001a08   Section        0  flash_api.o(i.Flash_Erase_Sector)
    i.Flsah_Write_String                     0x00001a60   Section        0  flash_api.o(i.Flsah_Write_String)
    i.GPIO_ALL_Deinit                        0x00001ab4   Section        0  fm33g0xx_gpio.o(i.GPIO_ALL_Deinit)
    i.GPIO_Deinit                            0x00001af8   Section        0  fm33g0xx_gpio.o(i.GPIO_Deinit)
    i.GPIO_Get_InitPara                      0x00001b20   Section        0  fm33g0xx_gpio.o(i.GPIO_Get_InitPara)
    i.GPIO_Init                              0x00001bb4   Section        0  fm33g0xx_gpio.o(i.GPIO_Init)
    i.GPIO_SetBits                           0x00001c26   Section        0  fm33g0xx_gpio.o(i.GPIO_SetBits)
    i.GPIOx_Deinit                           0x00001c2a   Section        0  fm33g0xx_gpio.o(i.GPIOx_Deinit)
    i.IWDT_Clr                               0x00001c38   Section        0  fm33g0xx_iwdt.o(i.IWDT_Clr)
    i.IWDT_IWDTCFG_IWDTOVP_Set               0x00001c48   Section        0  fm33g0xx_iwdt.o(i.IWDT_IWDTCFG_IWDTOVP_Set)
    i.IWDT_IWDTCFG_IWDTSLP4096S_Setable      0x00001c64   Section        0  fm33g0xx_iwdt.o(i.IWDT_IWDTCFG_IWDTSLP4096S_Setable)
    i.IWDT_Init                              0x00001c88   Section        0  system.o(i.IWDT_Init)
    i.Init_Etim2                             0x00001ca8   Section        0  bootmain.o(i.Init_Etim2)
    i.Init_RCC_PERIPH_clk                    0x00001cd0   Section        0  system.o(i.Init_RCC_PERIPH_clk)
    i.Init_SysClk                            0x00001ce4   Section        0  system.o(i.Init_SysClk)
    i.Init_SysClk_Gen                        0x00001d14   Section        0  system.o(i.Init_SysClk_Gen)
    i.Init_SysTick                           0x00001d44   Section        0  system.o(i.Init_SysTick)
    i.Init_System                            0x00001d6c   Section        0  system.o(i.Init_System)
    i.Judge_RX_Frame                         0x00001d94   Section        0  uart.o(i.Judge_RX_Frame)
    i.NVIC_DisableIRQ                        0x00001e7c   Section        0  bootmain.o(i.NVIC_DisableIRQ)
    NVIC_DisableIRQ                          0x00001e7d   Thumb Code    18  bootmain.o(i.NVIC_DisableIRQ)
    i.NVIC_DisableIRQ                        0x00001e94   Section        0  system.o(i.NVIC_DisableIRQ)
    NVIC_DisableIRQ                          0x00001e95   Thumb Code    18  system.o(i.NVIC_DisableIRQ)
    i.NVIC_SET                               0x00001eac   Section        0  system.o(i.NVIC_SET)
    i.NVIC_SetPriority                       0x00001edc   Section        0  system.o(i.NVIC_SetPriority)
    NVIC_SetPriority                         0x00001edd   Thumb Code    60  system.o(i.NVIC_SetPriority)
    i.OutputIO                               0x00001f20   Section        0  system.o(i.OutputIO)
    i.RCC_GetClocksFreq                      0x00001f48   Section        0  fm33g0xx_rcc.o(i.RCC_GetClocksFreq)
    i.RCC_Init_RCHF_Trim                     0x00002094   Section        0  fm33g0xx_rcc.o(i.RCC_Init_RCHF_Trim)
    i.RCC_MPRIL_MPRIL_Set                    0x000020ec   Section        0  fm33g0xx_rcc.o(i.RCC_MPRIL_MPRIL_Set)
    i.RCC_PERCLK_SetableEx                   0x00002108   Section        0  fm33g0xx_rcc.o(i.RCC_PERCLK_SetableEx)
    i.RCC_PLLCON_PLLDB_Get                   0x00002170   Section        0  fm33g0xx_rcc.o(i.RCC_PLLCON_PLLDB_Get)
    i.RCC_PLLCON_PLLEN_Getable               0x00002184   Section        0  fm33g0xx_rcc.o(i.RCC_PLLCON_PLLEN_Getable)
    i.RCC_PLLCON_PLLEN_Setable               0x0000219c   Section        0  fm33g0xx_rcc.o(i.RCC_PLLCON_PLLEN_Setable)
    i.RCC_PLLCON_PLLINSEL_Get                0x000021c0   Section        0  fm33g0xx_rcc.o(i.RCC_PLLCON_PLLINSEL_Get)
    i.RCC_PLLCON_PLLOSEL_Get                 0x000021d0   Section        0  fm33g0xx_rcc.o(i.RCC_PLLCON_PLLOSEL_Get)
    i.RCC_RCHFCON_FSEL_Get                   0x000021e0   Section        0  fm33g0xx_rcc.o(i.RCC_RCHFCON_FSEL_Get)
    i.RCC_RCHFCON_FSEL_Set                   0x000021f0   Section        0  fm33g0xx_rcc.o(i.RCC_RCHFCON_FSEL_Set)
    i.RCC_RCHFCON_RCHFEN_Getable             0x00002210   Section        0  fm33g0xx_rcc.o(i.RCC_RCHFCON_RCHFEN_Getable)
    i.RCC_RCHFCON_RCHFEN_Setable             0x00002228   Section        0  fm33g0xx_rcc.o(i.RCC_RCHFCON_RCHFEN_Setable)
    i.RCC_RCHFTRIM_Write                     0x0000224c   Section        0  fm33g0xx_rcc.o(i.RCC_RCHFTRIM_Write)
    i.RCC_RCHF_Init                          0x0000225c   Section        0  fm33g0xx_rcc.o(i.RCC_RCHF_Init)
    i.RCC_SYSCLKSEL_AHBPRES_Get              0x00002270   Section        0  fm33g0xx_rcc.o(i.RCC_SYSCLKSEL_AHBPRES_Get)
    i.RCC_SYSCLKSEL_AHBPRES_Set              0x00002280   Section        0  fm33g0xx_rcc.o(i.RCC_SYSCLKSEL_AHBPRES_Set)
    i.RCC_SYSCLKSEL_APBPRES_Get              0x000022a0   Section        0  fm33g0xx_rcc.o(i.RCC_SYSCLKSEL_APBPRES_Get)
    i.RCC_SYSCLKSEL_APBPRES_Set              0x000022b0   Section        0  fm33g0xx_rcc.o(i.RCC_SYSCLKSEL_APBPRES_Set)
    i.RCC_SYSCLKSEL_EXTICKSEL_Set            0x000022d0   Section        0  fm33g0xx_rcc.o(i.RCC_SYSCLKSEL_EXTICKSEL_Set)
    i.RCC_SYSCLKSEL_LPM_RCLP_OFF_Setable     0x000022f0   Section        0  fm33g0xx_rcc.o(i.RCC_SYSCLKSEL_LPM_RCLP_OFF_Setable)
    i.RCC_SYSCLKSEL_SLP_ENEXTI_Setable       0x00002314   Section        0  fm33g0xx_rcc.o(i.RCC_SYSCLKSEL_SLP_ENEXTI_Setable)
    i.RCC_SYSCLKSEL_SYSCLKSEL_Get            0x0000233c   Section        0  fm33g0xx_rcc.o(i.RCC_SYSCLKSEL_SYSCLKSEL_Get)
    i.RCC_SYSCLKSEL_SYSCLKSEL_Set            0x0000234c   Section        0  fm33g0xx_rcc.o(i.RCC_SYSCLKSEL_SYSCLKSEL_Set)
    i.RCC_SysClk_Init                        0x00002368   Section        0  fm33g0xx_rcc.o(i.RCC_SysClk_Init)
    i.RTC_ADJUST_Write                       0x00002394   Section        0  fm33g0xx_rtc.o(i.RTC_ADJUST_Write)
    i.SCU_Init                               0x000023a4   Section        0  system.o(i.SCU_Init)
    i.SCU_MCUDBGCR_DBG_BT1_STOP_Setable      0x000023ea   Section        0  fm33g0xx_scu.o(i.SCU_MCUDBGCR_DBG_BT1_STOP_Setable)
    i.SCU_MCUDBGCR_DBG_BT2_STOP_Setable      0x0000240e   Section        0  fm33g0xx_scu.o(i.SCU_MCUDBGCR_DBG_BT2_STOP_Setable)
    i.SCU_MCUDBGCR_DBG_ET1_STOP_Setable      0x00002432   Section        0  fm33g0xx_scu.o(i.SCU_MCUDBGCR_DBG_ET1_STOP_Setable)
    i.SCU_MCUDBGCR_DBG_ET2_STOP_Setable      0x00002456   Section        0  fm33g0xx_scu.o(i.SCU_MCUDBGCR_DBG_ET2_STOP_Setable)
    i.SCU_MCUDBGCR_DBG_ET3_STOP_Setable      0x0000247a   Section        0  fm33g0xx_scu.o(i.SCU_MCUDBGCR_DBG_ET3_STOP_Setable)
    i.SCU_MCUDBGCR_DBG_ET4_STOP_Setable      0x0000249e   Section        0  fm33g0xx_scu.o(i.SCU_MCUDBGCR_DBG_ET4_STOP_Setable)
    i.SCU_MCUDBGCR_DBG_IWDT_STOP_Setable     0x000024c2   Section        0  fm33g0xx_scu.o(i.SCU_MCUDBGCR_DBG_IWDT_STOP_Setable)
    i.SCU_MCUDBGCR_DBG_WWDT_STOP_Setable     0x000024e6   Section        0  fm33g0xx_scu.o(i.SCU_MCUDBGCR_DBG_WWDT_STOP_Setable)
    i.SystemInit                             0x00002508   Section        0  system_fm33g0xx_boot.o(i.SystemInit)
    i.Tx_Frame                               0x00002518   Section        0  uart.o(i.Tx_Frame)
    i.UART1_IRQHandler                       0x00002564   Section        0  interrupt.o(i.UART1_IRQHandler)
    i.UART_BaudREGCalc                       0x000025c0   Section        0  fm33g0xx_uart.o(i.UART_BaudREGCalc)
    i.UART_IRCON_TH_Set                      0x00002624   Section        0  fm33g0xx_uart.o(i.UART_IRCON_TH_Set)
    i.UART_IRCON_TZBRG_Set                   0x00002644   Section        0  fm33g0xx_uart.o(i.UART_IRCON_TZBRG_Set)
    i.UART_IRModulation_Init                 0x00002660   Section        0  fm33g0xx_uart.o(i.UART_IRModulation_Init)
    i.UART_Init                              0x0000277c   Section        0  fm33g0xx_uart.o(i.UART_Init)
    i.UART_SInit                             0x000027fe   Section        0  fm33g0xx_uart.o(i.UART_SInit)
    i.UART_UARTIE_RxTxIE_GetableEx           0x0000288c   Section        0  fm33g0xx_uart.o(i.UART_UARTIE_RxTxIE_GetableEx)
    i.UART_UARTIE_RxTxIE_SetableEx           0x000028b8   Section        0  fm33g0xx_uart.o(i.UART_UARTIE_RxTxIE_SetableEx)
    i.UART_UARTIF_RxTxIF_ChkEx               0x000028f8   Section        0  fm33g0xx_uart.o(i.UART_UARTIF_RxTxIF_ChkEx)
    i.UART_UARTIF_RxTxIF_ClrEx               0x00002924   Section        0  fm33g0xx_uart.o(i.UART_UARTIF_RxTxIF_ClrEx)
    i.UARTx_RTXCON_RTX7EN_Setable            0x0000293c   Section        0  fm33g0xx_uart.o(i.UARTx_RTXCON_RTX7EN_Setable)
    i.UARTx_RTXCON_RXDFLAG_Setable           0x00002954   Section        0  fm33g0xx_uart.o(i.UARTx_RTXCON_RXDFLAG_Setable)
    i.UARTx_RTXCON_TXDFLAG_Setable           0x0000296c   Section        0  fm33g0xx_uart.o(i.UARTx_RTXCON_TXDFLAG_Setable)
    i.UARTx_RXREG_Read                       0x00002984   Section        0  fm33g0xx_uart.o(i.UARTx_RXREG_Read)
    i.UARTx_RXSTA_ERRIE_Setable              0x0000298c   Section        0  fm33g0xx_uart.o(i.UARTx_RXSTA_ERRIE_Setable)
    i.UARTx_RXSTA_FERR_Chk                   0x000029a4   Section        0  fm33g0xx_uart.o(i.UARTx_RXSTA_FERR_Chk)
    i.UARTx_RXSTA_FERR_Clr                   0x000029b8   Section        0  fm33g0xx_uart.o(i.UARTx_RXSTA_FERR_Clr)
    i.UARTx_RXSTA_OERR_Chk                   0x000029c2   Section        0  fm33g0xx_uart.o(i.UARTx_RXSTA_OERR_Chk)
    i.UARTx_RXSTA_OERR_Clr                   0x000029d6   Section        0  fm33g0xx_uart.o(i.UARTx_RXSTA_OERR_Clr)
    i.UARTx_RXSTA_PDSEL_Set                  0x000029e0   Section        0  fm33g0xx_uart.o(i.UARTx_RXSTA_PDSEL_Set)
    i.UARTx_RXSTA_PERR_Chk                   0x000029f8   Section        0  fm33g0xx_uart.o(i.UARTx_RXSTA_PERR_Chk)
    i.UARTx_RXSTA_PERR_Clr                   0x00002a0c   Section        0  fm33g0xx_uart.o(i.UARTx_RXSTA_PERR_Clr)
    i.UARTx_RXSTA_RXEN_Setable               0x00002a16   Section        0  fm33g0xx_uart.o(i.UARTx_RXSTA_RXEN_Setable)
    i.UARTx_SPBRG_Write                      0x00002a2e   Section        0  fm33g0xx_uart.o(i.UARTx_SPBRG_Write)
    i.UARTx_TXBUFSTA_TX_INTSEL_Set           0x00002a34   Section        0  fm33g0xx_uart.o(i.UARTx_TXBUFSTA_TX_INTSEL_Set)
    i.UARTx_TXREG_Write                      0x00002a4c   Section        0  fm33g0xx_uart.o(i.UARTx_TXREG_Write)
    i.UARTx_TXSTA_IREN_Setable               0x00002a52   Section        0  fm33g0xx_uart.o(i.UARTx_TXSTA_IREN_Setable)
    i.UARTx_TXSTA_STOPSEL_Set                0x00002a6a   Section        0  fm33g0xx_uart.o(i.UARTx_TXSTA_STOPSEL_Set)
    i.UARTx_TXSTA_TXEN_Setable               0x00002a82   Section        0  fm33g0xx_uart.o(i.UARTx_TXSTA_TXEN_Setable)
    i.UARTx_TXSTA_TXIS_Set                   0x00002a9a   Section        0  fm33g0xx_uart.o(i.UARTx_TXSTA_TXIS_Set)
    i.Uart_Proc                              0x00002ab4   Section        0  uart.o(i.Uart_Proc)
    i.Uart_RXErr_Proc                        0x00002cac   Section        0  uart.o(i.Uart_RXErr_Proc)
    i.Uart_RxErr_ChkEx                       0x00002cd0   Section        0  uart.o(i.Uart_RxErr_ChkEx)
    i.Uart_RxErr_ClrEx                       0x00002cfa   Section        0  uart.o(i.Uart_RxErr_ClrEx)
    i.__ARM_common_switch8                   0x00002d12   Section        0  uart.o(i.__ARM_common_switch8)
    i._sys_exit                              0x00002d2c   Section        0  myprintf.o(i._sys_exit)
    i.main                                   0x00002d30   Section        0  bootmain.o(i.main)
    x$fpl$frleqf                             0x00002ddc   Section       88  frlef.o(x$fpl$frleqf)
    .constdata                               0x00002e34   Section      128  ddiv.o(.constdata)
    x$fpl$usenofp                            0x00002e34   Section        0  usenofp.o(x$fpl$usenofp)
    ddiv_reciptbl                            0x00002e34   Data         128  ddiv.o(.constdata)
    .constdata                               0x00002eb4   Section       64  fdiv.o(.constdata)
    fdiv_tab                                 0x00002eb4   Data          64  fdiv.o(.constdata)
    .data                                    0x20000000   Section        4  interrupt.o(.data)
    .data                                    0x20000004   Section        1  uart.o(.data)
    firstpack                                0x20000004   Data           1  uart.o(.data)
    .data                                    0x20000008   Section        8  bootmain.o(.data)
    .data                                    0x20000010   Section        4  system_fm33g0xx_boot.o(.data)
    .bss                                     0x20000014   Section     1034  uart.o(.bss)
    .bss                                     0x20000420   Section       96  libspace.o(.bss)
    HEAP                                     0x20000480   Section      512  startup_fm33g0xx.o(HEAP)
    Heap_Mem                                 0x20000480   Data         512  startup_fm33g0xx.o(HEAP)
    STACK                                    0x20000680   Section     3584  startup_fm33g0xx.o(STACK)
    Stack_Mem                                0x20000680   Data        3584  startup_fm33g0xx.o(STACK)
    __initial_sp                             0x20001480   Data           0  startup_fm33g0xx.o(STACK)

    Global Symbols

    Symbol Name                              Value     Ov Type        Size  Object(Section)

    BuildAttributes$$THM_ISAv3M$S$PE$A:L22$X:L11$S22$IEEE1$IW$USESV6$~STKCKD$USESV7$~SHL$OTIME$ROPI$IEEEX$EBA8$UX$STANDARDLIB$REQ8$PRES8$EABIv2 0x00000000   Number         0  anon$$obj.o ABSOLUTE
    __ARM_use_no_argv                        0x00000000   Number         0  bootmain.o ABSOLUTE
    __Vectors                                0x00000000   Data           4  startup_fm33g0xx.o(RESET)
    _printf_flags                            0x00000000   Number         0  printf_stubs.o ABSOLUTE
    _printf_return_value                     0x00000000   Number         0  printf_stubs.o ABSOLUTE
    _printf_sizespec                         0x00000000   Number         0  printf_stubs.o ABSOLUTE
    _printf_widthprec                        0x00000000   Number         0  printf_stubs.o ABSOLUTE
    __ARM_exceptions_init                     - Undefined Weak Reference
    __alloca_initialize                       - Undefined Weak Reference
    __arm_preinit_                            - Undefined Weak Reference
    __cpp_initialize__aeabi_                  - Undefined Weak Reference
    __cxa_finalize                            - Undefined Weak Reference
    __sigvec_lookup                           - Undefined Weak Reference
    __user_heap_extent                        - Undefined Weak Reference
    _atexit_init                              - Undefined Weak Reference
    _call_atexit_fns                          - Undefined Weak Reference
    _clock_init                               - Undefined Weak Reference
    _fp_trap_init                             - Undefined Weak Reference
    _fp_trap_shutdown                         - Undefined Weak Reference
    _get_lc_collate                           - Undefined Weak Reference
    _get_lc_monetary                          - Undefined Weak Reference
    _get_lc_time                              - Undefined Weak Reference
    _getenv_init                              - Undefined Weak Reference
    _handle_redirection                       - Undefined Weak Reference
    _initio                                   - Undefined Weak Reference
    _mutex_acquire                            - Undefined Weak Reference
    _mutex_free                               - Undefined Weak Reference
    _mutex_release                            - Undefined Weak Reference
    _printf_truncate_signed                   - Undefined Weak Reference
    _printf_truncate_unsigned                 - Undefined Weak Reference
    _rand_init                                - Undefined Weak Reference
    _signal_finish                            - Undefined Weak Reference
    _signal_init                              - Undefined Weak Reference
    _terminateio                              - Undefined Weak Reference
    __Vectors_End                            0x000000c0   Data           0  startup_fm33g0xx.o(RESET)
    __Vectors_Size                           0x000000c0   Number         0  startup_fm33g0xx.o ABSOLUTE
    __main                                   0x000000c1   Thumb Code     8  __main.o(!!!main)
    __scatterload                            0x000000c9   Thumb Code     0  __scatter.o(!!!scatter)
    __scatterload_rt2                        0x000000c9   Thumb Code    52  __scatter.o(!!!scatter)
    __scatterload_rt2_thumb_only             0x000000c9   Thumb Code     0  __scatter.o(!!!scatter)
    __scatterload_null                       0x000000d9   Thumb Code     0  __scatter.o(!!!scatter)
    __scatterload_copy                       0x00000105   Thumb Code    26  __scatter_copy.o(!!handler_copy)
    __scatterload_zeroinit                   0x00000121   Thumb Code    28  __scatter_zi.o(!!handler_zi)
    __rt_lib_init                            0x0000013d   Thumb Code     0  libinit.o(.ARM.Collect$$libinit$$00000000)
    __rt_lib_init_alloca_1                   0x0000013f   Thumb Code     0  libinit2.o(.ARM.Collect$$libinit$$0000002E)
    __rt_lib_init_argv_1                     0x0000013f   Thumb Code     0  libinit2.o(.ARM.Collect$$libinit$$0000002C)
    __rt_lib_init_atexit_1                   0x0000013f   Thumb Code     0  libinit2.o(.ARM.Collect$$libinit$$0000001B)
    __rt_lib_init_clock_1                    0x0000013f   Thumb Code     0  libinit2.o(.ARM.Collect$$libinit$$00000021)
    __rt_lib_init_cpp_1                      0x0000013f   Thumb Code     0  libinit2.o(.ARM.Collect$$libinit$$00000032)
    __rt_lib_init_exceptions_1               0x0000013f   Thumb Code     0  libinit2.o(.ARM.Collect$$libinit$$00000030)
    __rt_lib_init_fp_1                       0x0000013f   Thumb Code     0  libinit2.o(.ARM.Collect$$libinit$$00000002)
    __rt_lib_init_fp_trap_1                  0x0000013f   Thumb Code     0  libinit2.o(.ARM.Collect$$libinit$$0000001F)
    __rt_lib_init_getenv_1                   0x0000013f   Thumb Code     0  libinit2.o(.ARM.Collect$$libinit$$00000023)
    __rt_lib_init_heap_1                     0x0000013f   Thumb Code     0  libinit2.o(.ARM.Collect$$libinit$$0000000A)
    __rt_lib_init_lc_collate_1               0x0000013f   Thumb Code     0  libinit2.o(.ARM.Collect$$libinit$$00000011)
    __rt_lib_init_lc_ctype_1                 0x0000013f   Thumb Code     0  libinit2.o(.ARM.Collect$$libinit$$00000013)
    __rt_lib_init_lc_monetary_1              0x0000013f   Thumb Code     0  libinit2.o(.ARM.Collect$$libinit$$00000015)
    __rt_lib_init_lc_numeric_1               0x0000013f   Thumb Code     0  libinit2.o(.ARM.Collect$$libinit$$00000017)
    __rt_lib_init_lc_time_1                  0x0000013f   Thumb Code     0  libinit2.o(.ARM.Collect$$libinit$$00000019)
    __rt_lib_init_preinit_1                  0x0000013f   Thumb Code     0  libinit2.o(.ARM.Collect$$libinit$$00000004)
    __rt_lib_init_rand_1                     0x0000013f   Thumb Code     0  libinit2.o(.ARM.Collect$$libinit$$0000000E)
    __rt_lib_init_return                     0x0000013f   Thumb Code     0  libinit2.o(.ARM.Collect$$libinit$$00000033)
    __rt_lib_init_signal_1                   0x0000013f   Thumb Code     0  libinit2.o(.ARM.Collect$$libinit$$0000001D)
    __rt_lib_init_stdio_1                    0x0000013f   Thumb Code     0  libinit2.o(.ARM.Collect$$libinit$$00000025)
    __rt_lib_init_user_alloc_1               0x0000013f   Thumb Code     0  libinit2.o(.ARM.Collect$$libinit$$0000000C)
    __rt_lib_shutdown                        0x00000141   Thumb Code     0  libshutdown.o(.ARM.Collect$$libshutdown$$00000000)
    __rt_lib_shutdown_cpp_1                  0x00000143   Thumb Code     0  libshutdown2.o(.ARM.Collect$$libshutdown$$00000002)
    __rt_lib_shutdown_fp_trap_1              0x00000143   Thumb Code     0  libshutdown2.o(.ARM.Collect$$libshutdown$$00000007)
    __rt_lib_shutdown_heap_1                 0x00000143   Thumb Code     0  libshutdown2.o(.ARM.Collect$$libshutdown$$0000000F)
    __rt_lib_shutdown_return                 0x00000143   Thumb Code     0  libshutdown2.o(.ARM.Collect$$libshutdown$$00000010)
    __rt_lib_shutdown_signal_1               0x00000143   Thumb Code     0  libshutdown2.o(.ARM.Collect$$libshutdown$$0000000A)
    __rt_lib_shutdown_stdio_1                0x00000143   Thumb Code     0  libshutdown2.o(.ARM.Collect$$libshutdown$$00000004)
    __rt_lib_shutdown_user_alloc_1           0x00000143   Thumb Code     0  libshutdown2.o(.ARM.Collect$$libshutdown$$0000000C)
    __rt_entry                               0x00000145   Thumb Code     0  __rtentry.o(.ARM.Collect$$rtentry$$00000000)
    __rt_entry_presh_1                       0x00000145   Thumb Code     0  __rtentry2.o(.ARM.Collect$$rtentry$$00000002)
    __rt_entry_sh                            0x00000145   Thumb Code     0  __rtentry4.o(.ARM.Collect$$rtentry$$00000004)
    __rt_entry_li                            0x0000014b   Thumb Code     0  __rtentry2.o(.ARM.Collect$$rtentry$$0000000A)
    __rt_entry_postsh_1                      0x0000014b   Thumb Code     0  __rtentry2.o(.ARM.Collect$$rtentry$$00000009)
    __rt_entry_main                          0x0000014f   Thumb Code     0  __rtentry2.o(.ARM.Collect$$rtentry$$0000000D)
    __rt_entry_postli_1                      0x0000014f   Thumb Code     0  __rtentry2.o(.ARM.Collect$$rtentry$$0000000C)
    __rt_exit                                0x00000157   Thumb Code     0  rtexit.o(.ARM.Collect$$rtexit$$00000000)
    __rt_exit_ls                             0x00000159   Thumb Code     0  rtexit2.o(.ARM.Collect$$rtexit$$00000003)
    __rt_exit_prels_1                        0x00000159   Thumb Code     0  rtexit2.o(.ARM.Collect$$rtexit$$00000002)
    __rt_exit_exit                           0x0000015d   Thumb Code     0  rtexit2.o(.ARM.Collect$$rtexit$$00000004)
    __aeabi_memcpy4                          0x00000165   Thumb Code    56  rt_memcpy.o(.emb_text)
    __aeabi_memcpy8                          0x00000165   Thumb Code     0  rt_memcpy.o(.emb_text)
    Reset_Handler                            0x0000019d   Thumb Code     8  startup_fm33g0xx.o(.text)
    NMI_Handler                              0x000001a5   Thumb Code     2  startup_fm33g0xx.o(.text)
    HardFault_Handler                        0x000001a7   Thumb Code     2  startup_fm33g0xx.o(.text)
    SVC_Handler                              0x000001a9   Thumb Code     2  startup_fm33g0xx.o(.text)
    OS_CPU_PendSVHandler                     0x000001ab   Thumb Code     2  startup_fm33g0xx.o(.text)
    OS_CPU_SysTickHandler                    0x000001ad   Thumb Code     2  startup_fm33g0xx.o(.text)
    ADC_IRQHandler                           0x000001af   Thumb Code     0  startup_fm33g0xx.o(.text)
    AES_IRQHandler                           0x000001af   Thumb Code     0  startup_fm33g0xx.o(.text)
    BTIM1_IRQHandler                         0x000001af   Thumb Code     0  startup_fm33g0xx.o(.text)
    BTIM2_IRQHandler                         0x000001af   Thumb Code     0  startup_fm33g0xx.o(.text)
    COMP_IRQHandler                          0x000001af   Thumb Code     0  startup_fm33g0xx.o(.text)
    DMA_IRQHandler                           0x000001af   Thumb Code     0  startup_fm33g0xx.o(.text)
    ETIM1_IRQHandler                         0x000001af   Thumb Code     0  startup_fm33g0xx.o(.text)
    ETIM3_IRQHandler                         0x000001af   Thumb Code     0  startup_fm33g0xx.o(.text)
    ETIM4_IRQHandler                         0x000001af   Thumb Code     0  startup_fm33g0xx.o(.text)
    FDET_IRQHandler                          0x000001af   Thumb Code     0  startup_fm33g0xx.o(.text)
    GPIO_IRQHandler                          0x000001af   Thumb Code     0  startup_fm33g0xx.o(.text)
    HSPI_IRQHandler                          0x000001af   Thumb Code     0  startup_fm33g0xx.o(.text)
    I2C_IRQHandler                           0x000001af   Thumb Code     0  startup_fm33g0xx.o(.text)
    LCD_IRQHandler                           0x000001af   Thumb Code     0  startup_fm33g0xx.o(.text)
    LPTIM_IRQHandler                         0x000001af   Thumb Code     0  startup_fm33g0xx.o(.text)
    LPUART_IRQHandler                        0x000001af   Thumb Code     0  startup_fm33g0xx.o(.text)
    NVMIF_IRQHandler                         0x000001af   Thumb Code     0  startup_fm33g0xx.o(.text)
    RTC_IRQHandler                           0x000001af   Thumb Code     0  startup_fm33g0xx.o(.text)
    SPI1_IRQHandler                          0x000001af   Thumb Code     0  startup_fm33g0xx.o(.text)
    SPI2_IRQHandler                          0x000001af   Thumb Code     0  startup_fm33g0xx.o(.text)
    SVD_IRQHandler                           0x000001af   Thumb Code     0  startup_fm33g0xx.o(.text)
    U78160_IRQHandler                        0x000001af   Thumb Code     0  startup_fm33g0xx.o(.text)
    U78161_IRQHandler                        0x000001af   Thumb Code     0  startup_fm33g0xx.o(.text)
    UART0_IRQHandler                         0x000001af   Thumb Code     0  startup_fm33g0xx.o(.text)
    UART2_IRQHandler                         0x000001af   Thumb Code     0  startup_fm33g0xx.o(.text)
    UART3_IRQHandler                         0x000001af   Thumb Code     0  startup_fm33g0xx.o(.text)
    UART4_IRQHandler                         0x000001af   Thumb Code     0  startup_fm33g0xx.o(.text)
    UART5_IRQHandler                         0x000001af   Thumb Code     0  startup_fm33g0xx.o(.text)
    WKUP_IRQHandler                          0x000001af   Thumb Code     0  startup_fm33g0xx.o(.text)
    WWDT_IRQHandler                          0x000001af   Thumb Code     0  startup_fm33g0xx.o(.text)
    __user_initial_stackheap                 0x000001b1   Thumb Code     0  startup_fm33g0xx.o(.text)
    __use_no_semihosting                     0x000001d5   Thumb Code     2  use_no_semi_2.o(.text)
    __aeabi_memcpy                           0x000001d7   Thumb Code   130  rt_memcpy.o(.text)
    __rt_memcpy                              0x000001d7   Thumb Code     0  rt_memcpy.o(.text)
    _memset_w                                0x00000259   Thumb Code    26  rt_memclr.o(.text)
    _memset                                  0x00000273   Thumb Code    30  rt_memclr.o(.text)
    __aeabi_memclr                           0x00000291   Thumb Code     4  rt_memclr.o(.text)
    __rt_memclr                              0x00000291   Thumb Code     0  rt_memclr.o(.text)
    __aeabi_memclr4                          0x00000295   Thumb Code     0  rt_memclr.o(.text)
    __aeabi_memclr8                          0x00000295   Thumb Code     0  rt_memclr.o(.text)
    __rt_memclr_w                            0x00000295   Thumb Code     4  rt_memclr.o(.text)
    __use_two_region_memory                  0x00000299   Thumb Code     2  heapauxi.o(.text)
    __rt_heap_escrow                         0x0000029b   Thumb Code     2  heapauxi.o(.text)
    __rt_heap_expand                         0x0000029d   Thumb Code     2  heapauxi.o(.text)
    __aeabi_dadd                             0x00000599   Thumb Code     0  daddsub.o(.text)
    _dadd                                    0x00000599   Thumb Code    26  daddsub.o(.text)
    __aeabi_dsub                             0x000005b3   Thumb Code     0  daddsub.o(.text)
    _dsub                                    0x000005b3   Thumb Code    22  daddsub.o(.text)
    __aeabi_drsub                            0x000005c9   Thumb Code     0  daddsub.o(.text)
    _drsb                                    0x000005c9   Thumb Code    28  daddsub.o(.text)
    __aeabi_ddiv                             0x000005f9   Thumb Code     0  ddiv.o(.text)
    _ddiv                                    0x000005f9   Thumb Code  1072  ddiv.o(.text)
    _drdiv                                   0x00000a29   Thumb Code    20  ddiv.o(.text)
    __aeabi_d2uiz                            0x00000a41   Thumb Code     0  dfixui.o(.text)
    _dfixu                                   0x00000a41   Thumb Code    68  dfixui.o(.text)
    __aeabi_dmul                             0x00000a89   Thumb Code     0  dmul.o(.text)
    _dmul                                    0x00000a89   Thumb Code   558  dmul.o(.text)
    __aeabi_f2d                              0x00000cd1   Thumb Code     0  f2d.o(.text)
    _f2d                                     0x00000cd1   Thumb Code    80  f2d.o(.text)
    __aeabi_fdiv                             0x00000d25   Thumb Code     0  fdiv.o(.text)
    _fdiv                                    0x00000d25   Thumb Code   334  fdiv.o(.text)
    _frdiv                                   0x00000e73   Thumb Code     8  fdiv.o(.text)
    __aeabi_i2f_normalise                    0x00000e85   Thumb Code    72  fflti.o(.text)
    __aeabi_i2f                              0x00000ecd   Thumb Code    16  fflti.o(.text)
    _fflt                                    0x00000ecd   Thumb Code     0  fflti.o(.text)
    __aeabi_ui2f                             0x00000edd   Thumb Code     6  fflti.o(.text)
    _ffltu                                   0x00000edd   Thumb Code     0  fflti.o(.text)
    __I$use$semihosting                      0x00000ee3   Thumb Code     0  use_no_semi.o(.text)
    __use_no_semihosting_swi                 0x00000ee3   Thumb Code     2  use_no_semi.o(.text)
    __fpl_fcmp_InfNaN                        0x00000ee5   Thumb Code    96  fcmpin.o(.text)
    __user_libspace                          0x00000f49   Thumb Code     8  libspace.o(.text)
    __user_perproc_libspace                  0x00000f49   Thumb Code     0  libspace.o(.text)
    __user_perthread_libspace                0x00000f49   Thumb Code     0  libspace.o(.text)
    __fpl_cmpreturn                          0x00000f51   Thumb Code    46  cmpret.o(.text)
    __fpl_fcheck_NaN2                        0x00000f81   Thumb Code    10  fnan2.o(.text)
    __user_setup_stackheap                   0x00000f91   Thumb Code    62  sys_stackheap_outer.o(.text)
    exit                                     0x00000fcf   Thumb Code    16  exit.o(.text)
    __fpl_return_NaN                         0x00000fdf   Thumb Code    94  retnan.o(.text)
    ANAC_BORCON_OFF_BOR_Setable              0x0000103d   Thumb Code    32  fm33g0xx_anac.o(i.ANAC_BORCON_OFF_BOR_Setable)
    ANAC_PDRCON_PDREN_Setable                0x00001061   Thumb Code    32  fm33g0xx_anac.o(i.ANAC_PDRCON_PDREN_Setable)
    API_Erase_Sector                         0x00001085   Thumb Code    30  flash_api.o(i.API_Erase_Sector)
    API_Etim_Init                            0x000010a9   Thumb Code   114  etim_api.o(i.API_Etim_Init)
    API_Uartx_Init                           0x00001125   Thumb Code   448  uart_api.o(i.API_Uartx_Init)
    AltFunIO                                 0x000012f1   Thumb Code    56  system.o(i.AltFunIO)
    BitChange                                0x00001329   Thumb Code    54  uart.o(i.BitChange)
    CalCRC16_CCITT                           0x00001379   Thumb Code    78  uart.o(i.CalCRC16_CCITT)
    ClearClosedIF                            0x000013d5   Thumb Code    66  interrupt.o(i.ClearClosedIF)
    Close_AllIO_GPIO_80pin                   0x00001419   Thumb Code   100  system.o(i.Close_AllIO_GPIO_80pin)
    CloseeIO                                 0x00001485   Thumb Code    64  system.o(i.CloseeIO)
    DeinitSystem                             0x000014c5   Thumb Code   110  bootmain.o(i.DeinitSystem)
    ETIM2_IRQHandler                         0x00001545   Thumb Code   214  interrupt.o(i.ETIM2_IRQHandler)
    ETIMx_ETxCMP_Write                       0x00001635   Thumb Code     6  fm33g0xx_etim.o(i.ETIMx_ETxCMP_Write)
    ETIMx_ETxCR_CAPCLR_Setable               0x0000163b   Thumb Code    24  fm33g0xx_etim.o(i.ETIMx_ETxCR_CAPCLR_Setable)
    ETIMx_ETxCR_CAPEDGE_Set                  0x00001653   Thumb Code    18  fm33g0xx_etim.o(i.ETIMx_ETxCR_CAPEDGE_Set)
    ETIMx_ETxCR_CAPMOD_Set                   0x00001665   Thumb Code    24  fm33g0xx_etim.o(i.ETIMx_ETxCR_CAPMOD_Set)
    ETIMx_ETxCR_CAPONCE_Setable              0x0000167d   Thumb Code    24  fm33g0xx_etim.o(i.ETIMx_ETxCR_CAPONCE_Setable)
    ETIMx_ETxCR_CASEN_Setable                0x00001695   Thumb Code    24  fm33g0xx_etim.o(i.ETIMx_ETxCR_CASEN_Setable)
    ETIMx_ETxCR_CEN_Setable                  0x000016ad   Thumb Code    24  fm33g0xx_etim.o(i.ETIMx_ETxCR_CEN_Setable)
    ETIMx_ETxCR_EDGESEL_Set                  0x000016c5   Thumb Code    24  fm33g0xx_etim.o(i.ETIMx_ETxCR_EDGESEL_Set)
    ETIMx_ETxCR_EXFLT_Setable                0x000016dd   Thumb Code    26  fm33g0xx_etim.o(i.ETIMx_ETxCR_EXFLT_Setable)
    ETIMx_ETxCR_MOD_Set                      0x000016f7   Thumb Code    24  fm33g0xx_etim.o(i.ETIMx_ETxCR_MOD_Set)
    ETIMx_ETxCR_PWM_Setable                  0x0000170f   Thumb Code    26  fm33g0xx_etim.o(i.ETIMx_ETxCR_PWM_Setable)
    ETIMx_ETxIE_CAPIE_Setable                0x00001729   Thumb Code    24  fm33g0xx_etim.o(i.ETIMx_ETxIE_CAPIE_Setable)
    ETIMx_ETxIE_CMPIE_Setable                0x00001741   Thumb Code    24  fm33g0xx_etim.o(i.ETIMx_ETxIE_CMPIE_Setable)
    ETIMx_ETxIE_OVIE_Setable                 0x00001759   Thumb Code    24  fm33g0xx_etim.o(i.ETIMx_ETxIE_OVIE_Setable)
    ETIMx_ETxIF_OVIF_Clr                     0x00001771   Thumb Code     6  fm33g0xx_etim.o(i.ETIMx_ETxIF_OVIF_Clr)
    ETIMx_ETxINSEL_GRP1SEL_Set               0x00001777   Thumb Code    18  fm33g0xx_etim.o(i.ETIMx_ETxINSEL_GRP1SEL_Set)
    ETIMx_ETxINSEL_GRP2SEL_Set               0x00001789   Thumb Code    24  fm33g0xx_etim.o(i.ETIMx_ETxINSEL_GRP2SEL_Set)
    ETIMx_ETxINSEL_SIG1SEL_Set               0x000017a1   Thumb Code    24  fm33g0xx_etim.o(i.ETIMx_ETxINSEL_SIG1SEL_Set)
    ETIMx_ETxINSEL_SIG2SEL_Set               0x000017b9   Thumb Code    24  fm33g0xx_etim.o(i.ETIMx_ETxINSEL_SIG2SEL_Set)
    ETIMx_ETxIVR_Write                       0x000017d1   Thumb Code     6  fm33g0xx_etim.o(i.ETIMx_ETxIVR_Write)
    ETIMx_ETxPESCALE1_Write                  0x000017d7   Thumb Code     6  fm33g0xx_etim.o(i.ETIMx_ETxPESCALE1_Write)
    ETIMx_ETxPESCALE2_Write                  0x000017dd   Thumb Code     6  fm33g0xx_etim.o(i.ETIMx_ETxPESCALE2_Write)
    ETIMx_Init                               0x000017e3   Thumb Code   192  fm33g0xx_etim.o(i.ETIMx_Init)
    FLASH_EPCON_EREQ_Set                     0x000018a5   Thumb Code    22  fm33g0xx_flash.o(i.FLASH_EPCON_EREQ_Set)
    FLASH_EPCON_ERTYPE_Set                   0x000018c1   Thumb Code    28  fm33g0xx_flash.o(i.FLASH_EPCON_ERTYPE_Set)
    FLASH_EPCON_PREQ_Set                     0x000018e1   Thumb Code    26  fm33g0xx_flash.o(i.FLASH_EPCON_PREQ_Set)
    FLASH_Erase_Sector                       0x00001901   Thumb Code    56  fm33g0xx_flash.o(i.FLASH_Erase_Sector)
    FLASH_FLSIF_ERDIF_Chk                    0x00001945   Thumb Code    20  fm33g0xx_flash.o(i.FLASH_FLSIF_ERDIF_Chk)
    FLASH_FLSIF_ERDIF_Clr                    0x0000195d   Thumb Code     8  fm33g0xx_flash.o(i.FLASH_FLSIF_ERDIF_Clr)
    FLASH_FLSIF_PRDIF_Chk                    0x00001969   Thumb Code    20  fm33g0xx_flash.o(i.FLASH_FLSIF_PRDIF_Chk)
    FLASH_FLSIF_PRDIF_Clr                    0x00001981   Thumb Code     8  fm33g0xx_flash.o(i.FLASH_FLSIF_PRDIF_Clr)
    FLASH_FLSKEY_Write                       0x0000198d   Thumb Code     6  fm33g0xx_flash.o(i.FLASH_FLSKEY_Write)
    FLASH_FLSRDCON_WAIT_Set                  0x00001999   Thumb Code    22  fm33g0xx_flash.o(i.FLASH_FLSRDCON_WAIT_Set)
    FLASH_Prog_ByteString                    0x000019b5   Thumb Code    74  fm33g0xx_flash.o(i.FLASH_Prog_ByteString)
    Flash_Erase_Sector                       0x00001a09   Thumb Code    80  flash_api.o(i.Flash_Erase_Sector)
    Flsah_Write_String                       0x00001a61   Thumb Code    74  flash_api.o(i.Flsah_Write_String)
    GPIO_ALL_Deinit                          0x00001ab5   Thumb Code    62  fm33g0xx_gpio.o(i.GPIO_ALL_Deinit)
    GPIO_Deinit                              0x00001af9   Thumb Code    30  fm33g0xx_gpio.o(i.GPIO_Deinit)
    GPIO_Get_InitPara                        0x00001b21   Thumb Code   148  fm33g0xx_gpio.o(i.GPIO_Get_InitPara)
    GPIO_Init                                0x00001bb5   Thumb Code   114  fm33g0xx_gpio.o(i.GPIO_Init)
    GPIO_SetBits                             0x00001c27   Thumb Code     4  fm33g0xx_gpio.o(i.GPIO_SetBits)
    GPIOx_Deinit                             0x00001c2b   Thumb Code    14  fm33g0xx_gpio.o(i.GPIOx_Deinit)
    IWDT_Clr                                 0x00001c39   Thumb Code     8  fm33g0xx_iwdt.o(i.IWDT_Clr)
    IWDT_IWDTCFG_IWDTOVP_Set                 0x00001c49   Thumb Code    22  fm33g0xx_iwdt.o(i.IWDT_IWDTCFG_IWDTOVP_Set)
    IWDT_IWDTCFG_IWDTSLP4096S_Setable        0x00001c65   Thumb Code    32  fm33g0xx_iwdt.o(i.IWDT_IWDTCFG_IWDTSLP4096S_Setable)
    IWDT_Init                                0x00001c89   Thumb Code    28  system.o(i.IWDT_Init)
    Init_Etim2                               0x00001ca9   Thumb Code    34  bootmain.o(i.Init_Etim2)
    Init_RCC_PERIPH_clk                      0x00001cd1   Thumb Code    16  system.o(i.Init_RCC_PERIPH_clk)
    Init_SysClk                              0x00001ce5   Thumb Code    48  system.o(i.Init_SysClk)
    Init_SysClk_Gen                          0x00001d15   Thumb Code    48  system.o(i.Init_SysClk_Gen)
    Init_SysTick                             0x00001d45   Thumb Code    30  system.o(i.Init_SysTick)
    Init_System                              0x00001d6d   Thumb Code    38  system.o(i.Init_System)
    Judge_RX_Frame                           0x00001d95   Thumb Code   224  uart.o(i.Judge_RX_Frame)
    NVIC_SET                                 0x00001ead   Thumb Code    44  system.o(i.NVIC_SET)
    OutputIO                                 0x00001f21   Thumb Code    40  system.o(i.OutputIO)
    RCC_GetClocksFreq                        0x00001f49   Thumb Code   324  fm33g0xx_rcc.o(i.RCC_GetClocksFreq)
    RCC_Init_RCHF_Trim                       0x00002095   Thumb Code    82  fm33g0xx_rcc.o(i.RCC_Init_RCHF_Trim)
    RCC_MPRIL_MPRIL_Set                      0x000020ed   Thumb Code    22  fm33g0xx_rcc.o(i.RCC_MPRIL_MPRIL_Set)
    RCC_PERCLK_SetableEx                     0x00002109   Thumb Code   100  fm33g0xx_rcc.o(i.RCC_PERCLK_SetableEx)
    RCC_PLLCON_PLLDB_Get                     0x00002171   Thumb Code    10  fm33g0xx_rcc.o(i.RCC_PLLCON_PLLDB_Get)
    RCC_PLLCON_PLLEN_Getable                 0x00002185   Thumb Code    20  fm33g0xx_rcc.o(i.RCC_PLLCON_PLLEN_Getable)
    RCC_PLLCON_PLLEN_Setable                 0x0000219d   Thumb Code    32  fm33g0xx_rcc.o(i.RCC_PLLCON_PLLEN_Setable)
    RCC_PLLCON_PLLINSEL_Get                  0x000021c1   Thumb Code    10  fm33g0xx_rcc.o(i.RCC_PLLCON_PLLINSEL_Get)
    RCC_PLLCON_PLLOSEL_Get                   0x000021d1   Thumb Code    10  fm33g0xx_rcc.o(i.RCC_PLLCON_PLLOSEL_Get)
    RCC_RCHFCON_FSEL_Get                     0x000021e1   Thumb Code    12  fm33g0xx_rcc.o(i.RCC_RCHFCON_FSEL_Get)
    RCC_RCHFCON_FSEL_Set                     0x000021f1   Thumb Code    28  fm33g0xx_rcc.o(i.RCC_RCHFCON_FSEL_Set)
    RCC_RCHFCON_RCHFEN_Getable               0x00002211   Thumb Code    20  fm33g0xx_rcc.o(i.RCC_RCHFCON_RCHFEN_Getable)
    RCC_RCHFCON_RCHFEN_Setable               0x00002229   Thumb Code    32  fm33g0xx_rcc.o(i.RCC_RCHFCON_RCHFEN_Setable)
    RCC_RCHFTRIM_Write                       0x0000224d   Thumb Code    10  fm33g0xx_rcc.o(i.RCC_RCHFTRIM_Write)
    RCC_RCHF_Init                            0x0000225d   Thumb Code    18  fm33g0xx_rcc.o(i.RCC_RCHF_Init)
    RCC_SYSCLKSEL_AHBPRES_Get                0x00002271   Thumb Code    12  fm33g0xx_rcc.o(i.RCC_SYSCLKSEL_AHBPRES_Get)
    RCC_SYSCLKSEL_AHBPRES_Set                0x00002281   Thumb Code    28  fm33g0xx_rcc.o(i.RCC_SYSCLKSEL_AHBPRES_Set)
    RCC_SYSCLKSEL_APBPRES_Get                0x000022a1   Thumb Code    12  fm33g0xx_rcc.o(i.RCC_SYSCLKSEL_APBPRES_Get)
    RCC_SYSCLKSEL_APBPRES_Set                0x000022b1   Thumb Code    28  fm33g0xx_rcc.o(i.RCC_SYSCLKSEL_APBPRES_Set)
    RCC_SYSCLKSEL_EXTICKSEL_Set              0x000022d1   Thumb Code    26  fm33g0xx_rcc.o(i.RCC_SYSCLKSEL_EXTICKSEL_Set)
    RCC_SYSCLKSEL_LPM_RCLP_OFF_Setable       0x000022f1   Thumb Code    32  fm33g0xx_rcc.o(i.RCC_SYSCLKSEL_LPM_RCLP_OFF_Setable)
    RCC_SYSCLKSEL_SLP_ENEXTI_Setable         0x00002315   Thumb Code    34  fm33g0xx_rcc.o(i.RCC_SYSCLKSEL_SLP_ENEXTI_Setable)
    RCC_SYSCLKSEL_SYSCLKSEL_Get              0x0000233d   Thumb Code    10  fm33g0xx_rcc.o(i.RCC_SYSCLKSEL_SYSCLKSEL_Get)
    RCC_SYSCLKSEL_SYSCLKSEL_Set              0x0000234d   Thumb Code    22  fm33g0xx_rcc.o(i.RCC_SYSCLKSEL_SYSCLKSEL_Set)
    RCC_SysClk_Init                          0x00002369   Thumb Code    42  fm33g0xx_rcc.o(i.RCC_SysClk_Init)
    RTC_ADJUST_Write                         0x00002395   Thumb Code    10  fm33g0xx_rtc.o(i.RTC_ADJUST_Write)
    SCU_Init                                 0x000023a5   Thumb Code    70  system.o(i.SCU_Init)
    SCU_MCUDBGCR_DBG_BT1_STOP_Setable        0x000023eb   Thumb Code    36  fm33g0xx_scu.o(i.SCU_MCUDBGCR_DBG_BT1_STOP_Setable)
    SCU_MCUDBGCR_DBG_BT2_STOP_Setable        0x0000240f   Thumb Code    36  fm33g0xx_scu.o(i.SCU_MCUDBGCR_DBG_BT2_STOP_Setable)
    SCU_MCUDBGCR_DBG_ET1_STOP_Setable        0x00002433   Thumb Code    36  fm33g0xx_scu.o(i.SCU_MCUDBGCR_DBG_ET1_STOP_Setable)
    SCU_MCUDBGCR_DBG_ET2_STOP_Setable        0x00002457   Thumb Code    36  fm33g0xx_scu.o(i.SCU_MCUDBGCR_DBG_ET2_STOP_Setable)
    SCU_MCUDBGCR_DBG_ET3_STOP_Setable        0x0000247b   Thumb Code    36  fm33g0xx_scu.o(i.SCU_MCUDBGCR_DBG_ET3_STOP_Setable)
    SCU_MCUDBGCR_DBG_ET4_STOP_Setable        0x0000249f   Thumb Code    36  fm33g0xx_scu.o(i.SCU_MCUDBGCR_DBG_ET4_STOP_Setable)
    SCU_MCUDBGCR_DBG_IWDT_STOP_Setable       0x000024c3   Thumb Code    36  fm33g0xx_scu.o(i.SCU_MCUDBGCR_DBG_IWDT_STOP_Setable)
    SCU_MCUDBGCR_DBG_WWDT_STOP_Setable       0x000024e7   Thumb Code    34  fm33g0xx_scu.o(i.SCU_MCUDBGCR_DBG_WWDT_STOP_Setable)
    SystemInit                               0x00002509   Thumb Code     8  system_fm33g0xx_boot.o(i.SystemInit)
    Tx_Frame                                 0x00002519   Thumb Code    64  uart.o(i.Tx_Frame)
    UART1_IRQHandler                         0x00002565   Thumb Code    86  interrupt.o(i.UART1_IRQHandler)
    UART_BaudREGCalc                         0x000025c1   Thumb Code    90  fm33g0xx_uart.o(i.UART_BaudREGCalc)
    UART_IRCON_TH_Set                        0x00002625   Thumb Code    28  fm33g0xx_uart.o(i.UART_IRCON_TH_Set)
    UART_IRCON_TZBRG_Set                     0x00002645   Thumb Code    22  fm33g0xx_uart.o(i.UART_IRCON_TZBRG_Set)
    UART_IRModulation_Init                   0x00002661   Thumb Code   274  fm33g0xx_uart.o(i.UART_IRModulation_Init)
    UART_Init                                0x0000277d   Thumb Code   130  fm33g0xx_uart.o(i.UART_Init)
    UART_SInit                               0x000027ff   Thumb Code   142  fm33g0xx_uart.o(i.UART_SInit)
    UART_UARTIE_RxTxIE_GetableEx             0x0000288d   Thumb Code    40  fm33g0xx_uart.o(i.UART_UARTIE_RxTxIE_GetableEx)
    UART_UARTIE_RxTxIE_SetableEx             0x000028b9   Thumb Code    60  fm33g0xx_uart.o(i.UART_UARTIE_RxTxIE_SetableEx)
    UART_UARTIF_RxTxIF_ChkEx                 0x000028f9   Thumb Code    40  fm33g0xx_uart.o(i.UART_UARTIF_RxTxIF_ChkEx)
    UART_UARTIF_RxTxIF_ClrEx                 0x00002925   Thumb Code    18  fm33g0xx_uart.o(i.UART_UARTIF_RxTxIF_ClrEx)
    UARTx_RTXCON_RTX7EN_Setable              0x0000293d   Thumb Code    24  fm33g0xx_uart.o(i.UARTx_RTXCON_RTX7EN_Setable)
    UARTx_RTXCON_RXDFLAG_Setable             0x00002955   Thumb Code    24  fm33g0xx_uart.o(i.UARTx_RTXCON_RXDFLAG_Setable)
    UARTx_RTXCON_TXDFLAG_Setable             0x0000296d   Thumb Code    24  fm33g0xx_uart.o(i.UARTx_RTXCON_TXDFLAG_Setable)
    UARTx_RXREG_Read                         0x00002985   Thumb Code     8  fm33g0xx_uart.o(i.UARTx_RXREG_Read)
    UARTx_RXSTA_ERRIE_Setable                0x0000298d   Thumb Code    24  fm33g0xx_uart.o(i.UARTx_RXSTA_ERRIE_Setable)
    UARTx_RXSTA_FERR_Chk                     0x000029a5   Thumb Code    20  fm33g0xx_uart.o(i.UARTx_RXSTA_FERR_Chk)
    UARTx_RXSTA_FERR_Clr                     0x000029b9   Thumb Code    10  fm33g0xx_uart.o(i.UARTx_RXSTA_FERR_Clr)
    UARTx_RXSTA_OERR_Chk                     0x000029c3   Thumb Code    20  fm33g0xx_uart.o(i.UARTx_RXSTA_OERR_Chk)
    UARTx_RXSTA_OERR_Clr                     0x000029d7   Thumb Code    10  fm33g0xx_uart.o(i.UARTx_RXSTA_OERR_Clr)
    UARTx_RXSTA_PDSEL_Set                    0x000029e1   Thumb Code    24  fm33g0xx_uart.o(i.UARTx_RXSTA_PDSEL_Set)
    UARTx_RXSTA_PERR_Chk                     0x000029f9   Thumb Code    20  fm33g0xx_uart.o(i.UARTx_RXSTA_PERR_Chk)
    UARTx_RXSTA_PERR_Clr                     0x00002a0d   Thumb Code    10  fm33g0xx_uart.o(i.UARTx_RXSTA_PERR_Clr)
    UARTx_RXSTA_RXEN_Setable                 0x00002a17   Thumb Code    24  fm33g0xx_uart.o(i.UARTx_RXSTA_RXEN_Setable)
    UARTx_SPBRG_Write                        0x00002a2f   Thumb Code     6  fm33g0xx_uart.o(i.UARTx_SPBRG_Write)
    UARTx_TXBUFSTA_TX_INTSEL_Set             0x00002a35   Thumb Code    24  fm33g0xx_uart.o(i.UARTx_TXBUFSTA_TX_INTSEL_Set)
    UARTx_TXREG_Write                        0x00002a4d   Thumb Code     6  fm33g0xx_uart.o(i.UARTx_TXREG_Write)
    UARTx_TXSTA_IREN_Setable                 0x00002a53   Thumb Code    24  fm33g0xx_uart.o(i.UARTx_TXSTA_IREN_Setable)
    UARTx_TXSTA_STOPSEL_Set                  0x00002a6b   Thumb Code    24  fm33g0xx_uart.o(i.UARTx_TXSTA_STOPSEL_Set)
    UARTx_TXSTA_TXEN_Setable                 0x00002a83   Thumb Code    24  fm33g0xx_uart.o(i.UARTx_TXSTA_TXEN_Setable)
    UARTx_TXSTA_TXIS_Set                     0x00002a9b   Thumb Code    24  fm33g0xx_uart.o(i.UARTx_TXSTA_TXIS_Set)
    Uart_Proc                                0x00002ab5   Thumb Code   478  uart.o(i.Uart_Proc)
    Uart_RXErr_Proc                          0x00002cad   Thumb Code    32  uart.o(i.Uart_RXErr_Proc)
    Uart_RxErr_ChkEx                         0x00002cd1   Thumb Code    42  uart.o(i.Uart_RxErr_ChkEx)
    Uart_RxErr_ClrEx                         0x00002cfb   Thumb Code    24  uart.o(i.Uart_RxErr_ClrEx)
    __ARM_common_switch8                     0x00002d13   Thumb Code    26  uart.o(i.__ARM_common_switch8)
    _sys_exit                                0x00002d2d   Thumb Code     2  myprintf.o(i._sys_exit)
    main                                     0x00002d31   Thumb Code   154  bootmain.o(i.main)
    __aeabi_cfrcmple                         0x00002ddd   Thumb Code     0  frlef.o(x$fpl$frleqf)
    _frcmple                                 0x00002ddd   Thumb Code    84  frlef.o(x$fpl$frleqf)
    __I$use$fp                               0x00002e34   Number         0  usenofp.o(x$fpl$usenofp)
    Region$$Table$$Base                      0x00002ef4   Number         0  anon$$obj.o(Region$$Table)
    Region$$Table$$Limit                     0x00002f14   Number         0  anon$$obj.o(Region$$Table)
    Count32                                  0x20000000   Data           4  interrupt.o(.data)
    BootEnable                               0x20000008   Data           1  bootmain.o(.data)
    JumpCount                                0x2000000a   Data           2  bootmain.o(.data)
    FlashOpID                                0x2000000c   Data           4  bootmain.o(.data)
    SystemCoreClock                          0x20000010   Data           4  system_fm33g0xx_boot.o(.data)
    Uart                                     0x20000014   Data        1034  uart.o(.bss)
    __libspace_start                         0x20000420   Data          96  libspace.o(.bss)
    __temporary_stack_top$libspace           0x20000480   Data           0  libspace.o(.bss)



==============================================================================

Memory Map of the image

  Image Entry point : 0x000000c1

  Load Region LR_IROM1 (Base: 0x00000000, Size: 0x00002f28, Max: 0x00040000, ABSOLUTE)

    Execution Region ER_IROM1 (Exec base: 0x00000000, Load base: 0x00000000, Size: 0x00002f14, Max: 0x00040000, ABSOLUTE)

    Exec Addr    Load Addr    Size         Type   Attr      Idx    E Section Name        Object

    0x00000000   0x00000000   0x000000c0   Data   RO         8969    RESET               startup_fm33g0xx.o
    0x000000c0   0x000000c0   0x00000008   Code   RO         9730  * !!!main             c_p.l(__main.o)
    0x000000c8   0x000000c8   0x0000003c   Code   RO        10095    !!!scatter          c_p.l(__scatter.o)
    0x00000104   0x00000104   0x0000001a   Code   RO        10097    !!handler_copy      c_p.l(__scatter_copy.o)
    0x0000011e   0x0000011e   0x00000002   PAD
    0x00000120   0x00000120   0x0000001c   Code   RO        10099    !!handler_zi        c_p.l(__scatter_zi.o)
    0x0000013c   0x0000013c   0x00000002   Code   RO        10035    .ARM.Collect$$libinit$$00000000  c_p.l(libinit.o)
    0x0000013e   0x0000013e   0x00000000   Code   RO         9852    .ARM.Collect$$libinit$$00000002  c_p.l(libinit2.o)
    0x0000013e   0x0000013e   0x00000000   Code   RO         9854    .ARM.Collect$$libinit$$00000004  c_p.l(libinit2.o)
    0x0000013e   0x0000013e   0x00000000   Code   RO         9857    .ARM.Collect$$libinit$$0000000A  c_p.l(libinit2.o)
    0x0000013e   0x0000013e   0x00000000   Code   RO         9859    .ARM.Collect$$libinit$$0000000C  c_p.l(libinit2.o)
    0x0000013e   0x0000013e   0x00000000   Code   RO         9861    .ARM.Collect$$libinit$$0000000E  c_p.l(libinit2.o)
    0x0000013e   0x0000013e   0x00000000   Code   RO         9864    .ARM.Collect$$libinit$$00000011  c_p.l(libinit2.o)
    0x0000013e   0x0000013e   0x00000000   Code   RO         9866    .ARM.Collect$$libinit$$00000013  c_p.l(libinit2.o)
    0x0000013e   0x0000013e   0x00000000   Code   RO         9868    .ARM.Collect$$libinit$$00000015  c_p.l(libinit2.o)
    0x0000013e   0x0000013e   0x00000000   Code   RO         9870    .ARM.Collect$$libinit$$00000017  c_p.l(libinit2.o)
    0x0000013e   0x0000013e   0x00000000   Code   RO         9872    .ARM.Collect$$libinit$$00000019  c_p.l(libinit2.o)
    0x0000013e   0x0000013e   0x00000000   Code   RO         9874    .ARM.Collect$$libinit$$0000001B  c_p.l(libinit2.o)
    0x0000013e   0x0000013e   0x00000000   Code   RO         9876    .ARM.Collect$$libinit$$0000001D  c_p.l(libinit2.o)
    0x0000013e   0x0000013e   0x00000000   Code   RO         9878    .ARM.Collect$$libinit$$0000001F  c_p.l(libinit2.o)
    0x0000013e   0x0000013e   0x00000000   Code   RO         9880    .ARM.Collect$$libinit$$00000021  c_p.l(libinit2.o)
    0x0000013e   0x0000013e   0x00000000   Code   RO         9882    .ARM.Collect$$libinit$$00000023  c_p.l(libinit2.o)
    0x0000013e   0x0000013e   0x00000000   Code   RO         9884    .ARM.Collect$$libinit$$00000025  c_p.l(libinit2.o)
    0x0000013e   0x0000013e   0x00000000   Code   RO         9888    .ARM.Collect$$libinit$$0000002C  c_p.l(libinit2.o)
    0x0000013e   0x0000013e   0x00000000   Code   RO         9890    .ARM.Collect$$libinit$$0000002E  c_p.l(libinit2.o)
    0x0000013e   0x0000013e   0x00000000   Code   RO         9892    .ARM.Collect$$libinit$$00000030  c_p.l(libinit2.o)
    0x0000013e   0x0000013e   0x00000000   Code   RO         9894    .ARM.Collect$$libinit$$00000032  c_p.l(libinit2.o)
    0x0000013e   0x0000013e   0x00000002   Code   RO         9895    .ARM.Collect$$libinit$$00000033  c_p.l(libinit2.o)
    0x00000140   0x00000140   0x00000002   Code   RO        10092    .ARM.Collect$$libshutdown$$00000000  c_p.l(libshutdown.o)
    0x00000142   0x00000142   0x00000000   Code   RO        10052    .ARM.Collect$$libshutdown$$00000002  c_p.l(libshutdown2.o)
    0x00000142   0x00000142   0x00000000   Code   RO        10054    .ARM.Collect$$libshutdown$$00000004  c_p.l(libshutdown2.o)
    0x00000142   0x00000142   0x00000000   Code   RO        10057    .ARM.Collect$$libshutdown$$00000007  c_p.l(libshutdown2.o)
    0x00000142   0x00000142   0x00000000   Code   RO        10060    .ARM.Collect$$libshutdown$$0000000A  c_p.l(libshutdown2.o)
    0x00000142   0x00000142   0x00000000   Code   RO        10062    .ARM.Collect$$libshutdown$$0000000C  c_p.l(libshutdown2.o)
    0x00000142   0x00000142   0x00000000   Code   RO        10065    .ARM.Collect$$libshutdown$$0000000F  c_p.l(libshutdown2.o)
    0x00000142   0x00000142   0x00000002   Code   RO        10066    .ARM.Collect$$libshutdown$$00000010  c_p.l(libshutdown2.o)
    0x00000144   0x00000144   0x00000000   Code   RO         9792    .ARM.Collect$$rtentry$$00000000  c_p.l(__rtentry.o)
    0x00000144   0x00000144   0x00000000   Code   RO         9934    .ARM.Collect$$rtentry$$00000002  c_p.l(__rtentry2.o)
    0x00000144   0x00000144   0x00000006   Code   RO         9946    .ARM.Collect$$rtentry$$00000004  c_p.l(__rtentry4.o)
    0x0000014a   0x0000014a   0x00000000   Code   RO         9936    .ARM.Collect$$rtentry$$00000009  c_p.l(__rtentry2.o)
    0x0000014a   0x0000014a   0x00000004   Code   RO         9937    .ARM.Collect$$rtentry$$0000000A  c_p.l(__rtentry2.o)
    0x0000014e   0x0000014e   0x00000000   Code   RO         9939    .ARM.Collect$$rtentry$$0000000C  c_p.l(__rtentry2.o)
    0x0000014e   0x0000014e   0x00000008   Code   RO         9940    .ARM.Collect$$rtentry$$0000000D  c_p.l(__rtentry2.o)
    0x00000156   0x00000156   0x00000002   Code   RO        10039    .ARM.Collect$$rtexit$$00000000  c_p.l(rtexit.o)
    0x00000158   0x00000158   0x00000000   Code   RO        10068    .ARM.Collect$$rtexit$$00000002  c_p.l(rtexit2.o)
    0x00000158   0x00000158   0x00000004   Code   RO        10069    .ARM.Collect$$rtexit$$00000003  c_p.l(rtexit2.o)
    0x0000015c   0x0000015c   0x00000006   Code   RO        10070    .ARM.Collect$$rtexit$$00000004  c_p.l(rtexit2.o)
    0x00000162   0x00000162   0x00000002   PAD
    0x00000164   0x00000164   0x00000038   Code   RO         9714    .emb_text           c_p.l(rt_memcpy.o)
    0x0000019c   0x0000019c   0x00000038   Code   RO         8970    .text               startup_fm33g0xx.o
    0x000001d4   0x000001d4   0x00000002   Code   RO         9568    .text               c_p.l(use_no_semi_2.o)
    0x000001d6   0x000001d6   0x00000082   Code   RO         9715    .text               c_p.l(rt_memcpy.o)
    0x00000258   0x00000258   0x00000040   Code   RO         9720    .text               c_p.l(rt_memclr.o)
    0x00000298   0x00000298   0x00000006   Code   RO         9728    .text               c_p.l(heapauxi.o)
    0x0000029e   0x0000029e   0x00000002   PAD
    0x000002a0   0x000002a0   0x00000358   Code   RO         9734    .text               fz_ps.l(daddsub.o)
    0x000005f8   0x000005f8   0x00000448   Code   RO         9736    .text               fz_ps.l(ddiv.o)
    0x00000a40   0x00000a40   0x00000048   Code   RO         9741    .text               fz_ps.l(dfixui.o)
    0x00000a88   0x00000a88   0x00000248   Code   RO         9747    .text               fz_ps.l(dmul.o)
    0x00000cd0   0x00000cd0   0x00000054   Code   RO         9753    .text               fz_ps.l(f2d.o)
    0x00000d24   0x00000d24   0x00000160   Code   RO         9761    .text               fz_ps.l(fdiv.o)
    0x00000e84   0x00000e84   0x0000005e   Code   RO         9766    .text               fz_ps.l(fflti.o)
    0x00000ee2   0x00000ee2   0x00000002   Code   RO         9788    .text               c_p.l(use_no_semi.o)
    0x00000ee4   0x00000ee4   0x00000064   Code   RO         9898    .text               fz_ps.l(fcmpin.o)
    0x00000f48   0x00000f48   0x00000008   Code   RO         9930    .text               c_p.l(libspace.o)
    0x00000f50   0x00000f50   0x0000002e   Code   RO         9996    .text               fz_ps.l(cmpret.o)
    0x00000f7e   0x00000f7e   0x00000002   PAD
    0x00000f80   0x00000f80   0x00000010   Code   RO        10002    .text               fz_ps.l(fnan2.o)
    0x00000f90   0x00000f90   0x0000003e   Code   RO        10009    .text               c_p.l(sys_stackheap_outer.o)
    0x00000fce   0x00000fce   0x00000010   Code   RO        10016    .text               c_p.l(exit.o)
    0x00000fde   0x00000fde   0x0000005e   Code   RO        10036    .text               fz_ps.l(retnan.o)
    0x0000103c   0x0000103c   0x00000024   Code   RO         2472    i.ANAC_BORCON_OFF_BOR_Setable  fm33g0xx_anac.o
    0x00001060   0x00001060   0x00000024   Code   RO         2517    i.ANAC_PDRCON_PDREN_Setable  fm33g0xx_anac.o
    0x00001084   0x00001084   0x00000024   Code   RO          830    i.API_Erase_Sector  flash_api.o
    0x000010a8   0x000010a8   0x0000007c   Code   RO          795    i.API_Etim_Init     etim_api.o
    0x00001124   0x00001124   0x000001cc   Code   RO         1881    i.API_Uartx_Init    uart_api.o
    0x000012f0   0x000012f0   0x00000038   Code   RO         1687    i.AltFunIO          system.o
    0x00001328   0x00001328   0x00000050   Code   RO          257    i.BitChange         uart.o
    0x00001378   0x00001378   0x0000005c   Code   RO          258    i.CalCRC16_CCITT    uart.o
    0x000013d4   0x000013d4   0x00000042   Code   RO            3    i.ClearClosedIF     interrupt.o
    0x00001416   0x00001416   0x00000002   PAD
    0x00001418   0x00001418   0x0000006c   Code   RO         1689    i.Close_AllIO_GPIO_80pin  system.o
    0x00001484   0x00001484   0x00000040   Code   RO         1690    i.CloseeIO          system.o
    0x000014c4   0x000014c4   0x00000080   Code   RO          340    i.DeinitSystem      bootmain.o
    0x00001544   0x00001544   0x000000f0   Code   RO            4    i.ETIM2_IRQHandler  interrupt.o
    0x00001634   0x00001634   0x00000006   Code   RO         3986    i.ETIMx_ETxCMP_Write  fm33g0xx_etim.o
    0x0000163a   0x0000163a   0x00000018   Code   RO         3989    i.ETIMx_ETxCR_CAPCLR_Setable  fm33g0xx_etim.o
    0x00001652   0x00001652   0x00000012   Code   RO         3991    i.ETIMx_ETxCR_CAPEDGE_Set  fm33g0xx_etim.o
    0x00001664   0x00001664   0x00000018   Code   RO         3993    i.ETIMx_ETxCR_CAPMOD_Set  fm33g0xx_etim.o
    0x0000167c   0x0000167c   0x00000018   Code   RO         3995    i.ETIMx_ETxCR_CAPONCE_Setable  fm33g0xx_etim.o
    0x00001694   0x00001694   0x00000018   Code   RO         3997    i.ETIMx_ETxCR_CASEN_Setable  fm33g0xx_etim.o
    0x000016ac   0x000016ac   0x00000018   Code   RO         3999    i.ETIMx_ETxCR_CEN_Setable  fm33g0xx_etim.o
    0x000016c4   0x000016c4   0x00000018   Code   RO         4001    i.ETIMx_ETxCR_EDGESEL_Set  fm33g0xx_etim.o
    0x000016dc   0x000016dc   0x0000001a   Code   RO         4003    i.ETIMx_ETxCR_EXFLT_Setable  fm33g0xx_etim.o
    0x000016f6   0x000016f6   0x00000018   Code   RO         4005    i.ETIMx_ETxCR_MOD_Set  fm33g0xx_etim.o
    0x0000170e   0x0000170e   0x0000001a   Code   RO         4007    i.ETIMx_ETxCR_PWM_Setable  fm33g0xx_etim.o
    0x00001728   0x00001728   0x00000018   Code   RO         4009    i.ETIMx_ETxIE_CAPIE_Setable  fm33g0xx_etim.o
    0x00001740   0x00001740   0x00000018   Code   RO         4011    i.ETIMx_ETxIE_CMPIE_Setable  fm33g0xx_etim.o
    0x00001758   0x00001758   0x00000018   Code   RO         4013    i.ETIMx_ETxIE_OVIE_Setable  fm33g0xx_etim.o
    0x00001770   0x00001770   0x00000006   Code   RO         4020    i.ETIMx_ETxIF_OVIF_Clr  fm33g0xx_etim.o
    0x00001776   0x00001776   0x00000012   Code   RO         4022    i.ETIMx_ETxINSEL_GRP1SEL_Set  fm33g0xx_etim.o
    0x00001788   0x00001788   0x00000018   Code   RO         4024    i.ETIMx_ETxINSEL_GRP2SEL_Set  fm33g0xx_etim.o
    0x000017a0   0x000017a0   0x00000018   Code   RO         4026    i.ETIMx_ETxINSEL_SIG1SEL_Set  fm33g0xx_etim.o
    0x000017b8   0x000017b8   0x00000018   Code   RO         4028    i.ETIMx_ETxINSEL_SIG2SEL_Set  fm33g0xx_etim.o
    0x000017d0   0x000017d0   0x00000006   Code   RO         4030    i.ETIMx_ETxIVR_Write  fm33g0xx_etim.o
    0x000017d6   0x000017d6   0x00000006   Code   RO         4032    i.ETIMx_ETxPESCALE1_Write  fm33g0xx_etim.o
    0x000017dc   0x000017dc   0x00000006   Code   RO         4034    i.ETIMx_ETxPESCALE2_Write  fm33g0xx_etim.o
    0x000017e2   0x000017e2   0x000000c0   Code   RO         4035    i.ETIMx_Init        fm33g0xx_etim.o
    0x000018a2   0x000018a2   0x00000002   PAD
    0x000018a4   0x000018a4   0x0000001c   Code   RO         4317    i.FLASH_EPCON_EREQ_Set  fm33g0xx_flash.o
    0x000018c0   0x000018c0   0x00000020   Code   RO         4319    i.FLASH_EPCON_ERTYPE_Set  fm33g0xx_flash.o
    0x000018e0   0x000018e0   0x00000020   Code   RO         4321    i.FLASH_EPCON_PREQ_Set  fm33g0xx_flash.o
    0x00001900   0x00001900   0x00000044   Code   RO         4322    i.FLASH_Erase_Sector  fm33g0xx_flash.o
    0x00001944   0x00001944   0x00000018   Code   RO         4337    i.FLASH_FLSIF_ERDIF_Chk  fm33g0xx_flash.o
    0x0000195c   0x0000195c   0x0000000c   Code   RO         4338    i.FLASH_FLSIF_ERDIF_Clr  fm33g0xx_flash.o
    0x00001968   0x00001968   0x00000018   Code   RO         4342    i.FLASH_FLSIF_PRDIF_Chk  fm33g0xx_flash.o
    0x00001980   0x00001980   0x0000000c   Code   RO         4343    i.FLASH_FLSIF_PRDIF_Clr  fm33g0xx_flash.o
    0x0000198c   0x0000198c   0x0000000c   Code   RO         4344    i.FLASH_FLSKEY_Write  fm33g0xx_flash.o
    0x00001998   0x00001998   0x0000001c   Code   RO         4346    i.FLASH_FLSRDCON_WAIT_Set  fm33g0xx_flash.o
    0x000019b4   0x000019b4   0x00000054   Code   RO         4351    i.FLASH_Prog_ByteString  fm33g0xx_flash.o
    0x00001a08   0x00001a08   0x00000058   Code   RO          831    i.Flash_Erase_Sector  flash_api.o
    0x00001a60   0x00001a60   0x00000054   Code   RO          832    i.Flsah_Write_String  flash_api.o
    0x00001ab4   0x00001ab4   0x00000044   Code   RO         4570    i.GPIO_ALL_Deinit   fm33g0xx_gpio.o
    0x00001af8   0x00001af8   0x00000028   Code   RO         4583    i.GPIO_Deinit       fm33g0xx_gpio.o
    0x00001b20   0x00001b20   0x00000094   Code   RO         4592    i.GPIO_Get_InitPara  fm33g0xx_gpio.o
    0x00001bb4   0x00001bb4   0x00000072   Code   RO         4598    i.GPIO_Init         fm33g0xx_gpio.o
    0x00001c26   0x00001c26   0x00000004   Code   RO         4612    i.GPIO_SetBits      fm33g0xx_gpio.o
    0x00001c2a   0x00001c2a   0x0000000e   Code   RO         4619    i.GPIOx_Deinit      fm33g0xx_gpio.o
    0x00001c38   0x00001c38   0x00000010   Code   RO         5533    i.IWDT_Clr          fm33g0xx_iwdt.o
    0x00001c48   0x00001c48   0x0000001c   Code   RO         5536    i.IWDT_IWDTCFG_IWDTOVP_Set  fm33g0xx_iwdt.o
    0x00001c64   0x00001c64   0x00000024   Code   RO         5538    i.IWDT_IWDTCFG_IWDTSLP4096S_Setable  fm33g0xx_iwdt.o
    0x00001c88   0x00001c88   0x00000020   Code   RO         1695    i.IWDT_Init         system.o
    0x00001ca8   0x00001ca8   0x00000028   Code   RO          341    i.Init_Etim2        bootmain.o
    0x00001cd0   0x00001cd0   0x00000014   Code   RO         1697    i.Init_RCC_PERIPH_clk  system.o
    0x00001ce4   0x00001ce4   0x00000030   Code   RO         1698    i.Init_SysClk       system.o
    0x00001d14   0x00001d14   0x00000030   Code   RO         1699    i.Init_SysClk_Gen   system.o
    0x00001d44   0x00001d44   0x00000028   Code   RO         1700    i.Init_SysTick      system.o
    0x00001d6c   0x00001d6c   0x00000026   Code   RO         1701    i.Init_System       system.o
    0x00001d92   0x00001d92   0x00000002   PAD
    0x00001d94   0x00001d94   0x000000e8   Code   RO          261    i.Judge_RX_Frame    uart.o
    0x00001e7c   0x00001e7c   0x00000018   Code   RO          342    i.NVIC_DisableIRQ   bootmain.o
    0x00001e94   0x00001e94   0x00000018   Code   RO         1703    i.NVIC_DisableIRQ   system.o
    0x00001eac   0x00001eac   0x00000030   Code   RO         1704    i.NVIC_SET          system.o
    0x00001edc   0x00001edc   0x00000044   Code   RO         1705    i.NVIC_SetPriority  system.o
    0x00001f20   0x00001f20   0x00000028   Code   RO         1706    i.OutputIO          system.o
    0x00001f48   0x00001f48   0x0000014c   Code   RO         6762    i.RCC_GetClocksFreq  fm33g0xx_rcc.o
    0x00002094   0x00002094   0x00000058   Code   RO         6763    i.RCC_Init_RCHF_Trim  fm33g0xx_rcc.o
    0x000020ec   0x000020ec   0x0000001c   Code   RO         6765    i.RCC_MPRIL_MPRIL_Set  fm33g0xx_rcc.o
    0x00002108   0x00002108   0x00000068   Code   RO         6768    i.RCC_PERCLK_SetableEx  fm33g0xx_rcc.o
    0x00002170   0x00002170   0x00000014   Code   RO         6769    i.RCC_PLLCON_PLLDB_Get  fm33g0xx_rcc.o
    0x00002184   0x00002184   0x00000018   Code   RO         6771    i.RCC_PLLCON_PLLEN_Getable  fm33g0xx_rcc.o
    0x0000219c   0x0000219c   0x00000024   Code   RO         6772    i.RCC_PLLCON_PLLEN_Setable  fm33g0xx_rcc.o
    0x000021c0   0x000021c0   0x00000010   Code   RO         6773    i.RCC_PLLCON_PLLINSEL_Get  fm33g0xx_rcc.o
    0x000021d0   0x000021d0   0x00000010   Code   RO         6775    i.RCC_PLLCON_PLLOSEL_Get  fm33g0xx_rcc.o
    0x000021e0   0x000021e0   0x00000010   Code   RO         6780    i.RCC_RCHFCON_FSEL_Get  fm33g0xx_rcc.o
    0x000021f0   0x000021f0   0x00000020   Code   RO         6781    i.RCC_RCHFCON_FSEL_Set  fm33g0xx_rcc.o
    0x00002210   0x00002210   0x00000018   Code   RO         6782    i.RCC_RCHFCON_RCHFEN_Getable  fm33g0xx_rcc.o
    0x00002228   0x00002228   0x00000024   Code   RO         6783    i.RCC_RCHFCON_RCHFEN_Setable  fm33g0xx_rcc.o
    0x0000224c   0x0000224c   0x00000010   Code   RO         6785    i.RCC_RCHFTRIM_Write  fm33g0xx_rcc.o
    0x0000225c   0x0000225c   0x00000012   Code   RO         6786    i.RCC_RCHF_Init     fm33g0xx_rcc.o
    0x0000226e   0x0000226e   0x00000002   PAD
    0x00002270   0x00002270   0x00000010   Code   RO         6794    i.RCC_SYSCLKSEL_AHBPRES_Get  fm33g0xx_rcc.o
    0x00002280   0x00002280   0x00000020   Code   RO         6795    i.RCC_SYSCLKSEL_AHBPRES_Set  fm33g0xx_rcc.o
    0x000022a0   0x000022a0   0x00000010   Code   RO         6796    i.RCC_SYSCLKSEL_APBPRES_Get  fm33g0xx_rcc.o
    0x000022b0   0x000022b0   0x00000020   Code   RO         6797    i.RCC_SYSCLKSEL_APBPRES_Set  fm33g0xx_rcc.o
    0x000022d0   0x000022d0   0x00000020   Code   RO         6799    i.RCC_SYSCLKSEL_EXTICKSEL_Set  fm33g0xx_rcc.o
    0x000022f0   0x000022f0   0x00000024   Code   RO         6801    i.RCC_SYSCLKSEL_LPM_RCLP_OFF_Setable  fm33g0xx_rcc.o
    0x00002314   0x00002314   0x00000028   Code   RO         6805    i.RCC_SYSCLKSEL_SLP_ENEXTI_Setable  fm33g0xx_rcc.o
    0x0000233c   0x0000233c   0x00000010   Code   RO         6806    i.RCC_SYSCLKSEL_SYSCLKSEL_Get  fm33g0xx_rcc.o
    0x0000234c   0x0000234c   0x0000001c   Code   RO         6807    i.RCC_SYSCLKSEL_SYSCLKSEL_Set  fm33g0xx_rcc.o
    0x00002368   0x00002368   0x0000002a   Code   RO         6808    i.RCC_SysClk_Init   fm33g0xx_rcc.o
    0x00002392   0x00002392   0x00000002   PAD
    0x00002394   0x00002394   0x00000010   Code   RO         7081    i.RTC_ADJUST_Write  fm33g0xx_rtc.o
    0x000023a4   0x000023a4   0x00000046   Code   RO         1708    i.SCU_Init          system.o
    0x000023ea   0x000023ea   0x00000024   Code   RO         7495    i.SCU_MCUDBGCR_DBG_BT1_STOP_Setable  fm33g0xx_scu.o
    0x0000240e   0x0000240e   0x00000024   Code   RO         7497    i.SCU_MCUDBGCR_DBG_BT2_STOP_Setable  fm33g0xx_scu.o
    0x00002432   0x00002432   0x00000024   Code   RO         7499    i.SCU_MCUDBGCR_DBG_ET1_STOP_Setable  fm33g0xx_scu.o
    0x00002456   0x00002456   0x00000024   Code   RO         7501    i.SCU_MCUDBGCR_DBG_ET2_STOP_Setable  fm33g0xx_scu.o
    0x0000247a   0x0000247a   0x00000024   Code   RO         7503    i.SCU_MCUDBGCR_DBG_ET3_STOP_Setable  fm33g0xx_scu.o
    0x0000249e   0x0000249e   0x00000024   Code   RO         7505    i.SCU_MCUDBGCR_DBG_ET4_STOP_Setable  fm33g0xx_scu.o
    0x000024c2   0x000024c2   0x00000024   Code   RO         7507    i.SCU_MCUDBGCR_DBG_IWDT_STOP_Setable  fm33g0xx_scu.o
    0x000024e6   0x000024e6   0x00000022   Code   RO         7509    i.SCU_MCUDBGCR_DBG_WWDT_STOP_Setable  fm33g0xx_scu.o
    0x00002508   0x00002508   0x00000010   Code   RO         8938    i.SystemInit        system_fm33g0xx_boot.o
    0x00002518   0x00002518   0x0000004c   Code   RO          262    i.Tx_Frame          uart.o
    0x00002564   0x00002564   0x0000005c   Code   RO            5    i.UART1_IRQHandler  interrupt.o
    0x000025c0   0x000025c0   0x00000064   Code   RO         8514    i.UART_BaudREGCalc  fm33g0xx_uart.o
    0x00002624   0x00002624   0x00000020   Code   RO         8519    i.UART_IRCON_TH_Set  fm33g0xx_uart.o
    0x00002644   0x00002644   0x0000001c   Code   RO         8521    i.UART_IRCON_TZBRG_Set  fm33g0xx_uart.o
    0x00002660   0x00002660   0x0000011c   Code   RO         8522    i.UART_IRModulation_Init  fm33g0xx_uart.o
    0x0000277c   0x0000277c   0x00000082   Code   RO         8523    i.UART_Init         fm33g0xx_uart.o
    0x000027fe   0x000027fe   0x0000008e   Code   RO         8524    i.UART_SInit        fm33g0xx_uart.o
    0x0000288c   0x0000288c   0x0000002c   Code   RO         8525    i.UART_UARTIE_RxTxIE_GetableEx  fm33g0xx_uart.o
    0x000028b8   0x000028b8   0x00000040   Code   RO         8526    i.UART_UARTIE_RxTxIE_SetableEx  fm33g0xx_uart.o
    0x000028f8   0x000028f8   0x0000002c   Code   RO         8527    i.UART_UARTIF_RxTxIF_ChkEx  fm33g0xx_uart.o
    0x00002924   0x00002924   0x00000018   Code   RO         8528    i.UART_UARTIF_RxTxIF_ClrEx  fm33g0xx_uart.o
    0x0000293c   0x0000293c   0x00000018   Code   RO         8531    i.UARTx_RTXCON_RTX7EN_Setable  fm33g0xx_uart.o
    0x00002954   0x00002954   0x00000018   Code   RO         8533    i.UARTx_RTXCON_RXDFLAG_Setable  fm33g0xx_uart.o
    0x0000296c   0x0000296c   0x00000018   Code   RO         8535    i.UARTx_RTXCON_TXDFLAG_Setable  fm33g0xx_uart.o
    0x00002984   0x00002984   0x00000008   Code   RO         8537    i.UARTx_RXREG_Read  fm33g0xx_uart.o
    0x0000298c   0x0000298c   0x00000018   Code   RO         8539    i.UARTx_RXSTA_ERRIE_Setable  fm33g0xx_uart.o
    0x000029a4   0x000029a4   0x00000014   Code   RO         8540    i.UARTx_RXSTA_FERR_Chk  fm33g0xx_uart.o
    0x000029b8   0x000029b8   0x0000000a   Code   RO         8541    i.UARTx_RXSTA_FERR_Clr  fm33g0xx_uart.o
    0x000029c2   0x000029c2   0x00000014   Code   RO         8542    i.UARTx_RXSTA_OERR_Chk  fm33g0xx_uart.o
    0x000029d6   0x000029d6   0x0000000a   Code   RO         8543    i.UARTx_RXSTA_OERR_Clr  fm33g0xx_uart.o
    0x000029e0   0x000029e0   0x00000018   Code   RO         8545    i.UARTx_RXSTA_PDSEL_Set  fm33g0xx_uart.o
    0x000029f8   0x000029f8   0x00000014   Code   RO         8546    i.UARTx_RXSTA_PERR_Chk  fm33g0xx_uart.o
    0x00002a0c   0x00002a0c   0x0000000a   Code   RO         8547    i.UARTx_RXSTA_PERR_Clr  fm33g0xx_uart.o
    0x00002a16   0x00002a16   0x00000018   Code   RO         8550    i.UARTx_RXSTA_RXEN_Setable  fm33g0xx_uart.o
    0x00002a2e   0x00002a2e   0x00000006   Code   RO         8552    i.UARTx_SPBRG_Write  fm33g0xx_uart.o
    0x00002a34   0x00002a34   0x00000018   Code   RO         8555    i.UARTx_TXBUFSTA_TX_INTSEL_Set  fm33g0xx_uart.o
    0x00002a4c   0x00002a4c   0x00000006   Code   RO         8556    i.UARTx_TXREG_Write  fm33g0xx_uart.o
    0x00002a52   0x00002a52   0x00000018   Code   RO         8558    i.UARTx_TXSTA_IREN_Setable  fm33g0xx_uart.o
    0x00002a6a   0x00002a6a   0x00000018   Code   RO         8560    i.UARTx_TXSTA_STOPSEL_Set  fm33g0xx_uart.o
    0x00002a82   0x00002a82   0x00000018   Code   RO         8563    i.UARTx_TXSTA_TXEN_Setable  fm33g0xx_uart.o
    0x00002a9a   0x00002a9a   0x00000018   Code   RO         8565    i.UARTx_TXSTA_TXIS_Set  fm33g0xx_uart.o
    0x00002ab2   0x00002ab2   0x00000002   PAD
    0x00002ab4   0x00002ab4   0x000001f8   Code   RO          263    i.Uart_Proc         uart.o
    0x00002cac   0x00002cac   0x00000024   Code   RO          264    i.Uart_RXErr_Proc   uart.o
    0x00002cd0   0x00002cd0   0x0000002a   Code   RO          265    i.Uart_RxErr_ChkEx  uart.o
    0x00002cfa   0x00002cfa   0x00000018   Code   RO          266    i.Uart_RxErr_ClrEx  uart.o
    0x00002d12   0x00002d12   0x0000001a   Code   RO          330    i.__ARM_common_switch8  uart.o
    0x00002d2c   0x00002d2c   0x00000002   Code   RO         1522    i._sys_exit         myprintf.o
    0x00002d2e   0x00002d2e   0x00000002   PAD
    0x00002d30   0x00002d30   0x000000ac   Code   RO          343    i.main              bootmain.o
    0x00002ddc   0x00002ddc   0x00000058   Code   RO         9770    x$fpl$frleqf        fz_ps.l(frlef.o)
    0x00002e34   0x00002e34   0x00000000   Code   RO         9900    x$fpl$usenofp       fz_ps.l(usenofp.o)
    0x00002e34   0x00002e34   0x00000080   Data   RO         9737    .constdata          fz_ps.l(ddiv.o)
    0x00002eb4   0x00002eb4   0x00000040   Data   RO         9762    .constdata          fz_ps.l(fdiv.o)
    0x00002ef4   0x00002ef4   0x00000020   Data   RO        10093    Region$$Table       anon$$obj.o


    Execution Region RW_IRAM1 (Exec base: 0x20000000, Load base: 0x00002f14, Size: 0x00001480, Max: 0x00006000, ABSOLUTE)

    Exec Addr    Load Addr    Size         Type   Attr      Idx    E Section Name        Object

    0x20000000   0x00002f14   0x00000004   Data   RW            6    .data               interrupt.o
    0x20000004   0x00002f18   0x00000001   Data   RW          268    .data               uart.o
    0x20000005   0x00002f19   0x00000003   PAD
    0x20000008   0x00002f1c   0x00000008   Data   RW          344    .data               bootmain.o
    0x20000010   0x00002f24   0x00000004   Data   RW         8939    .data               system_fm33g0xx_boot.o
    0x20000014        -       0x0000040a   Zero   RW          267    .bss                uart.o
    0x2000041e   0x00002f28   0x00000002   PAD
    0x20000420        -       0x00000060   Zero   RW         9931    .bss                c_p.l(libspace.o)
    0x20000480        -       0x00000200   Zero   RW         8968    HEAP                startup_fm33g0xx.o
    0x20000680        -       0x00000e00   Zero   RW         8967    STACK               startup_fm33g0xx.o


==============================================================================

Image component sizes


      Code (inc. data)   RO Data    RW Data    ZI Data      Debug   Object Name

       364         48          0          8          0      11748   bootmain.o
       124         10          0          0          0        948   etim_api.o
       208         24          0          0          0       2333   flash_api.o
         0          0          0          0          0       9656   fm33g0xx_aes.o
        72          8          0          0          0        958   fm33g0xx_anac.o
       622          0          0          0          0      19587   fm33g0xx_etim.o
       356         66          0          0          0       5783   fm33g0xx_flash.o
       388         16          0          0          0      11274   fm33g0xx_gpio.o
        80         18          0          0          0       1398   fm33g0xx_iwdt.o
      1096        120          0          0          0      25055   fm33g0xx_rcc.o
        16          6          0          0          0        447   fm33g0xx_rtc.o
       286          0          0          0          0       3946   fm33g0xx_scu.o
      1266         48          0          0          0      20694   fm33g0xx_uart.o
       398         32          0          4          0      48812   interrupt.o
         2          0          0          0          0        420   myprintf.o
        56         26        192          0       4096        648   startup_fm33g0xx.o
       704         44          0          0          0      15571   system.o
        16          8          0          4          0        683   system_fm33g0xx_boot.o
      1112        100          0          1       1034       6668   uart.o
       460         20          0          0          0       1161   uart_api.o

    ----------------------------------------------------------------------
      7640        594        224         20       5132     187790   Object Totals
         0          0         32          0          0          0   (incl. Generated)
        14          0          0          3          2          0   (incl. Padding)

    ----------------------------------------------------------------------

      Code (inc. data)   RO Data    RW Data    ZI Data      Debug   Library Member Name

         8          0          0          0          0         68   __main.o
         0          0          0          0          0          0   __rtentry.o
        12          0          0          0          0          0   __rtentry2.o
         6          0          0          0          0          0   __rtentry4.o
        60          8          0          0          0          0   __scatter.o
        26          0          0          0          0          0   __scatter_copy.o
        28          0          0          0          0          0   __scatter_zi.o
        16          0          0          0          0         68   exit.o
         6          0          0          0          0        136   heapauxi.o
         2          0          0          0          0          0   libinit.o
         2          0          0          0          0          0   libinit2.o
         2          0          0          0          0          0   libshutdown.o
         2          0          0          0          0          0   libshutdown2.o
         8          4          0          0         96         68   libspace.o
        64          0          0          0          0        108   rt_memclr.o
       186          0          0          0          0        144   rt_memcpy.o
         2          0          0          0          0          0   rtexit.o
        10          0          0          0          0          0   rtexit2.o
        62          0          0          0          0         80   sys_stackheap_outer.o
         2          0          0          0          0         68   use_no_semi.o
         2          0          0          0          0         68   use_no_semi_2.o
        46          0          0          0          0         60   cmpret.o
       856         20          0          0          0        208   daddsub.o
      1096         26        128          0          0        112   ddiv.o
        72          4          0          0          0         68   dfixui.o
       584         26          0          0          0         84   dmul.o
        84          4          0          0          0         60   f2d.o
       100          4          0          0          0         68   fcmpin.o
       352         10         64          0          0         92   fdiv.o
        94          0          0          0          0         92   fflti.o
        16          6          0          0          0         68   fnan2.o
        88          4          0          0          0         76   frlef.o
        94          0          0          0          0         68   retnan.o
         0          0          0          0          0          0   usenofp.o

    ----------------------------------------------------------------------
      3996        116        192          0         96       1864   Library Totals
         8          0          0          0          0          0   (incl. Padding)

    ----------------------------------------------------------------------

      Code (inc. data)   RO Data    RW Data    ZI Data      Debug   Library Name

       506         12          0          0         96        808   c_p.l
      3482        104        192          0          0       1056   fz_ps.l

    ----------------------------------------------------------------------
      3996        116        192          0         96       1864   Library Totals

    ----------------------------------------------------------------------

==============================================================================


      Code (inc. data)   RO Data    RW Data    ZI Data      Debug   

     11636        710        416         20       5228     182586   Grand Totals
     11636        710        416         20       5228     182586   ELF Image Totals
     11636        710        416         20          0          0   ROM Totals

==============================================================================

    Total RO  Size (Code + RO Data)                12052 (  11.77kB)
    Total RW  Size (RW Data + ZI Data)              5248 (   5.13kB)
    Total ROM Size (Code + RO Data + RW Data)      12072 (  11.79kB)

==============================================================================

