Component: ARM Compiler 5.06 update 6 (build 750) Tool: armlink [4d35ed]

==============================================================================

Section Cross References

    api_exp.o(i.LPTIM_Init_Exp) refers to lptim_api.o(i.API_LPTIM_Init) for API_LPTIM_Init
    api_exp.o(i.RTC_Init_Exp) refers to rtc_api.o(i.API_RTC_Init) for API_RTC_Init
    api_exp.o(i.Sysinit_Exp) refers to system.o(i.Init_System) for Init_System
    api_exp.o(i.Sysinit_Exp) refers to fm33g0xx_iwdt.o(i.IWDT_Clr) for IWDT_Clr
    api_exp.o(i.Sysinit_Exp) refers to api_exp.o(i.LPTIM_Init_Exp) for LPTIM_Init_Exp
    api_exp.o(i.Sysinit_Exp) refers to api_exp.o(i.RTC_Init_Exp) for RTC_Init_Exp
    api_exp.o(i.Sysinit_Exp) refers to api_exp.o(i.Uart_Init_Exp) for Uart_Init_Exp
    api_exp.o(i.Uart_Init_Exp) refers to uart_api.o(i.API_Uartx_Init) for API_Uartx_Init
    event.o(i.CPU_Adj) refers to system.o(i.RchfAdjust) for RchfAdjust
    event.o(i.DisPlay) refers to rt_memcpy.o(.text) for __aeabi_memcpy
    event.o(i.DisPlay) refers to iic_api.o(i.API_I2C_Write_Com) for API_I2C_Write_Com
    event.o(i.DisPlay) refers to noretval__2printf.o(.text) for __2printf
    event.o(i.DisPlay) refers to event.o(.data) for .data
    event.o(i.DisPlayClear) refers to event.o(i.DisPlay) for DisPlay
    event.o(i.DisPlayClear) refers to event.o(.data) for .data
    event.o(i.DisPlayFull) refers to aeabi_memset.o(.text) for __aeabi_memset
    event.o(i.DisPlayFull) refers to event.o(i.DisPlay) for DisPlay
    event.o(i.DisPlayFull) refers to event.o(.data) for .data
    event.o(i.DisPlaySwitch) refers to event.o(i.DisPlay) for DisPlay
    event.o(i.RXDataSetCmd) refers to _printf_percent.o(.ARM.Collect$$_printf_percent$$00000000) for _printf_percent
    event.o(i.RXDataSetCmd) refers to _printf_s.o(.ARM.Collect$$_printf_percent$$00000014) for _printf_s
    event.o(i.RXDataSetCmd) refers to _printf_str.o(.text) for _printf_str
    event.o(i.RXDataSetCmd) refers to event.o(i.camper) for camper
    event.o(i.RXDataSetCmd) refers to rt_memcpy.o(.text) for __aeabi_memcpy
    event.o(i.RXDataSetCmd) refers to convert.o(i.ServerIPtobechanged) for ServerIPtobechanged
    event.o(i.RXDataSetCmd) refers to convert.o(i.mystrlen) for mystrlen
    event.o(i.RXDataSetCmd) refers to noretval__2printf.o(.text) for __2printf
    event.o(i.RXDataSetCmd) refers to event.o(i.datasave) for datasave
    event.o(i.RXDataSetCmd) refers to uart_api.o(i.API_Uart_Send) for API_Uart_Send
    event.o(i.RXDataSetCmd) refers to event.o(i.uCOS_NBTaskDel) for uCOS_NBTaskDel
    event.o(i.RXDataSetCmd) refers to event.o(i.uCOS_NBTaskCreate) for uCOS_NBTaskCreate
    event.o(i.RXDataSetCmd) refers to event.o(.constdata) for .constdata
    event.o(i.RXDataSetCmd) refers to event.o(.bss) for .bss
    event.o(i.SendAtCmd) refers to _printf_percent.o(.ARM.Collect$$_printf_percent$$00000000) for _printf_percent
    event.o(i.SendAtCmd) refers to _printf_s.o(.ARM.Collect$$_printf_percent$$00000014) for _printf_s
    event.o(i.SendAtCmd) refers to _printf_str.o(.text) for _printf_str
    event.o(i.SendAtCmd) refers to os_mutex.o(i.OSMutexPend) for OSMutexPend
    event.o(i.SendAtCmd) refers to strlen.o(.text) for strlen
    event.o(i.SendAtCmd) refers to noretval__2printf.o(.text) for __2printf
    event.o(i.SendAtCmd) refers to uart_api.o(i.API_Uart_Send) for API_Uart_Send
    event.o(i.SendAtCmd) refers to os_mutex.o(i.OSMutexPost) for OSMutexPost
    event.o(i.SendAtCmd) refers to event.o(.bss) for .bss
    event.o(i.ShowChar) refers to rt_memcpy.o(.text) for __aeabi_memcpy
    event.o(i.ShowChar) refers to event.o(i.ShowNum) for ShowNum
    event.o(i.ShowNum) refers to event.o(i.__ARM_common_switch8) for __ARM_common_switch8
    event.o(i.ShowNum) refers to event.o(i.DisPlay) for DisPlay
    event.o(i.ShowNum) refers to lcd_api.o(.constdata) for disptable
    event.o(i.ShowNum) refers to lcd_api.o(.constdata) for diatable1
    event.o(i.ShowNum) refers to event.o(.data) for .data
    event.o(i.datainit) refers to flash_api.o(i.API_Erase_Sector) for API_Erase_Sector
    event.o(i.datainit) refers to rt_memclr.o(.text) for __aeabi_memclr4
    event.o(i.datainit) refers to rt_memcpy.o(.text) for __aeabi_memcpy
    event.o(i.datainit) refers to flash_api.o(i.Flsah_Write_String) for Flsah_Write_String
    event.o(i.datainit) refers to rt_memcpy.o(.emb_text) for __aeabi_memcpy4
    event.o(i.datainit) refers to event.o(.bss) for .bss
    event.o(i.datasave) refers to flash_api.o(i.API_Erase_Sector) for API_Erase_Sector
    event.o(i.datasave) refers to flash_api.o(i.Flsah_Write_String) for Flsah_Write_String
    event.o(i.datasave) refers to event.o(.bss) for .bss
    event.o(i.lcd_roll) refers to rt_memcpy.o(.text) for __aeabi_memcpy
    event.o(i.lcd_roll) refers to event.o(i.ShowChar) for ShowChar
    event.o(i.lcd_roll) refers to event.o(.data) for .data
    event.o(i.rollshow) refers to event.o(i.lcd_roll) for lcd_roll
    event.o(i.rollshow) refers to event.o(.bss) for .bss
[...]
    UARTx_TXREG_Write                        0x00008063   Thumb Code     6  fm33g0xx_uart.o(i.UARTx_TXREG_Write)
    UARTx_TXSTA_IREN_Setable                 0x00008069   Thumb Code    22  fm33g0xx_uart.o(i.UARTx_TXSTA_IREN_Setable)
    UARTx_TXSTA_STOPSEL_Set                  0x0000807f   Thumb Code    14  fm33g0xx_uart.o(i.UARTx_TXSTA_STOPSEL_Set)
    UARTx_TXSTA_TXEN_Setable                 0x0000808d   Thumb Code    22  fm33g0xx_uart.o(i.UARTx_TXSTA_TXEN_Setable)
    UARTx_TXSTA_TXIS_Set                     0x000080a3   Thumb Code    14  fm33g0xx_uart.o(i.UARTx_TXSTA_TXIS_Set)
    Uart0TimCallBack                         0x000080b1   Thumb Code    26  uarttimeout.o(i.Uart0TimCallBack)
    Uart3TimCallBack                         0x000080d9   Thumb Code    26  uarttimeout.o(i.Uart3TimCallBack)
    Uart5TimCallBack                         0x00008101   Thumb Code    26  uarttimeout.o(i.Uart5TimCallBack)
    UartTimeOut                              0x00008129   Thumb Code   104  uarttimeout.o(i.UartTimeOut)
    Uart_Init_Exp                            0x00008199   Thumb Code    38  api_exp.o(i.Uart_Init_Exp)
    __ARM_common_ll_muluu                    0x000081bf   Thumb Code    48  btod.o(i.__ARM_common_ll_muluu)
    __ARM_common_switch8                     0x000081ef   Thumb Code    26  event.o(i.__ARM_common_switch8)
    __ARM_fpclassify                         0x00008209   Thumb Code    40  fpclassify.o(i.__ARM_fpclassify)
    _is_digit                                0x00008235   Thumb Code    14  __printf_wp.o(i._is_digit)
    _sys_exit                                0x00008243   Thumb Code     2  myprintf.o(i._sys_exit)
    camper                                   0x00008245   Thumb Code    30  event.o(i.camper)
    datainit                                 0x00008265   Thumb Code   110  event.o(i.datainit)
    datasave                                 0x00008301   Thumb Code    50  event.o(i.datasave)
    fputc                                    0x00008341   Thumb Code    46  myprintf.o(i.fputc)
    lcd_roll                                 0x00008379   Thumb Code   260  event.o(i.lcd_roll)
    main                                     0x00008481   Thumb Code    14  main.o(i.main)
    mystrlen                                 0x0000848f   Thumb Code    28  convert.o(i.mystrlen)
    rollshow                                 0x000084ad   Thumb Code    74  event.o(i.rollshow)
    showins                                  0x00008511   Thumb Code    76  event.o(i.showins)
    uCOS_APP_1d                              0x00008589   Thumb Code     2  main.o(i.uCOS_APP_1d)
    uCOS_APP_1h                              0x0000858b   Thumb Code     2  main.o(i.uCOS_APP_1h)
    uCOS_APP_1m                              0x0000858d   Thumb Code  1302  main.o(i.uCOS_APP_1m)
    uCOS_APP_1s                              0x00008ab9   Thumb Code    10  main.o(i.uCOS_APP_1s)
    uCOS_APP_IO                              0x00008ac9   Thumb Code    68  main.o(i.uCOS_APP_IO)
    uCOS_APP_Lptim                           0x00008b41   Thumb Code     8  main.o(i.uCOS_APP_Lptim)
    uCOS_APP_Uart0                           0x00008b49   Thumb Code  3548  main.o(i.uCOS_APP_Uart0)
    uCOS_APP_Uart3                           0x00009b31   Thumb Code   150  main.o(i.uCOS_APP_Uart3)
    uCOS_APP_Uart5                           0x00009c31   Thumb Code    56  main.o(i.uCOS_APP_Uart5)
    uCOS_LEDCreate                           0x00009c75   Thumb Code    60  event.o(i.uCOS_LEDCreate)
    uCOS_LowPower                            0x00009cc5   Thumb Code     8  main.o(i.uCOS_LowPower)
    uCOS_NBTaskCreate                        0x00009ccd   Thumb Code   122  event.o(i.uCOS_NBTaskCreate)
    uCOS_NBTaskDel                           0x00009d81   Thumb Code    20  event.o(i.uCOS_NBTaskDel)
    uCOS_Start                               0x00009d9d   Thumb Code    76  ucosinit.o(i.uCOS_Start)
    uCOS_SystemInit                          0x00009e05   Thumb Code    78  main.o(i.uCOS_SystemInit)
    uCosSysTick                              0x0000ac19   Thumb Code     8  system.o(i.uCosSysTick)
    _get_lc_numeric                          0x0000ac21   Thumb Code    44  lc_numeric_c.o(locale$$code)
    _printf_fp_dec                           0x0000ac4d   Thumb Code    16  printf1.o(x$fpl$printf1)
    UpgradeCode                              0x0000ac5c   Data          13  event.o(.constdata)
    __I$use$fp                               0x0000ac5c   Number         0  usenofp.o(x$fpl$usenofp)
    disptable                                0x0000ac69   Data          17  lcd_api.o(.constdata)
    diatable1                                0x0000ac7a   Data          26  lcd_api.o(.constdata)
    OSCfg_IdleTaskStkBasePtr                 0x0000ac94   Data           4  os_cfg_app.o(.constdata)
    OSCfg_IdleTaskStkLimit                   0x0000ac98   Data           4  os_cfg_app.o(.constdata)
    OSCfg_IdleTaskStkSize                    0x0000ac9c   Data           4  os_cfg_app.o(.constdata)
    OSCfg_ISRStkBasePtr                      0x0000aca0   Data           4  os_cfg_app.o(.constdata)
    OSCfg_ISRStkSize                         0x0000aca4   Data           4  os_cfg_app.o(.constdata)
    OSCfg_MsgPoolSize                        0x0000aca8   Data           2  os_cfg_app.o(.constdata)
    OSCfg_MsgPoolBasePtr                     0x0000acac   Data           4  os_cfg_app.o(.constdata)
    OSCfg_StatTaskPrio                       0x0000acb0   Data           1  os_cfg_app.o(.constdata)
    OSCfg_StatTaskRate_Hz                    0x0000acb4   Data           4  os_cfg_app.o(.constdata)
    OSCfg_StatTaskStkBasePtr                 0x0000acb8   Data           4  os_cfg_app.o(.constdata)
    OSCfg_StatTaskStkLimit                   0x0000acbc   Data           4  os_cfg_app.o(.constdata)
    OSCfg_StatTaskStkSize                    0x0000acc0   Data           4  os_cfg_app.o(.constdata)
    OSCfg_StkSizeMin                         0x0000acc4   Data           4  os_cfg_app.o(.constdata)
    OSCfg_TickRate_Hz                        0x0000acc8   Data           4  os_cfg_app.o(.constdata)
    OSCfg_TickTaskPrio                       0x0000accc   Data           1  os_cfg_app.o(.constdata)
    OSCfg_TickTaskStkBasePtr                 0x0000acd0   Data           4  os_cfg_app.o(.constdata)
    OSCfg_TickTaskStkLimit                   0x0000acd4   Data           4  os_cfg_app.o(.constdata)
    OSCfg_TickTaskStkSize                    0x0000acd8   Data           4  os_cfg_app.o(.constdata)
    OSCfg_TickWheelSize                      0x0000acdc   Data           2  os_cfg_app.o(.constdata)
    OSCfg_TmrTaskPrio                        0x0000acde   Data           1  os_cfg_app.o(.constdata)
    OSCfg_TmrTaskRate_Hz                     0x0000ace0   Data           4  os_cfg_app.o(.constdata)
    OSCfg_TmrTaskStkBasePtr                  0x0000ace4   Data           4  os_cfg_app.o(.constdata)
    OSCfg_TmrTaskStkLimit                    0x0000ace8   Data           4  os_cfg_app.o(.constdata)
    OSCfg_TmrTaskStkSize                     0x0000acec   Data           4  os_cfg_app.o(.constdata)
    OSCfg_TmrWheelSize                       0x0000acf0   Data           2  os_cfg_app.o(.constdata)
    Region$$Table$$Base                      0x0000b078   Number         0  anon$$obj.o(Region$$Table)
    Region$$Table$$Limit                     0x0000b098   Number         0  anon$$obj.o(Region$$Table)
    Net                                      0x2000000c   Data           4  event.o(.data)
    displaybuf                               0x20000010   Data           8  event.o(.data)
    __stdout                                 0x2000001c   Data           4  myprintf.o(.data)
    vTim                                     0x20000020   Data           4  uarttimeout.o(.data)
    uCOS_Clk                                 0x20000024   Data           1  ucosinit.o(.data)
    uCOS_Key                                 0x20000026   Data           2  ucosinit.o(.data)
    SystemCoreClock                          0x20000028   Data           4  system_fm33g0xx_app.o(.data)
    OSPrioTbl                                0x2000002c   Data           4  os_prio.o(.data)
    OS_AppTaskCreateHookPtr                  0x20000030   Data           4  os_var.o(.data)
    OS_AppTaskDelHookPtr                     0x20000034   Data           4  os_var.o(.data)
    OS_AppTaskReturnHookPtr                  0x20000038   Data           4  os_var.o(.data)
    OS_AppIdleTaskHookPtr                    0x2000003c   Data           4  os_var.o(.data)
    OS_AppStatTaskHookPtr                    0x20000040   Data           4  os_var.o(.data)
    OS_AppTaskSwHookPtr                      0x20000044   Data           4  os_var.o(.data)
    OS_AppTimeTickHookPtr                    0x20000048   Data           4  os_var.o(.data)
    OSIdleTaskCtr                            0x2000004c   Data           4  os_var.o(.data)
    OSIntNestingCtr                          0x20000050   Data           1  os_var.o(.data)
    OSRunning                                0x20000051   Data           1  os_var.o(.data)
    OSMutexDbgListPtr                        0x20000054   Data           4  os_var.o(.data)
    OSMutexQty                               0x20000058   Data           2  os_var.o(.data)
    OSPrioCur                                0x2000005a   Data           1  os_var.o(.data)
    OSPrioHighRdy                            0x2000005b   Data           1  os_var.o(.data)
    OSPrioSaved                              0x2000005c   Data           1  os_var.o(.data)
    OSQDbgListPtr                            0x20000060   Data           4  os_var.o(.data)
    OSQQty                                   0x20000064   Data           2  os_var.o(.data)
    OSSchedLockTimeBegin                     0x20000068   Data           4  os_var.o(.data)
    OSSchedLockTimeMax                       0x2000006c   Data           4  os_var.o(.data)
    OSSchedLockTimeMaxCur                    0x20000070   Data           4  os_var.o(.data)
    OSSchedLockNestingCtr                    0x20000074   Data           1  os_var.o(.data)
    OSSchedRoundRobinDfltTimeQuanta          0x20000078   Data           4  os_var.o(.data)
    OSSchedRoundRobinEn                      0x2000007c   Data           1  os_var.o(.data)
    OSStatResetFlag                          0x2000007d   Data           1  os_var.o(.data)
    OSStatTaskCPUUsage                       0x2000007e   Data           2  os_var.o(.data)
    OSStatTaskCPUUsageMax                    0x20000080   Data           2  os_var.o(.data)
    OSStatTaskCtr                            0x20000084   Data           4  os_var.o(.data)
    OSStatTaskCtrMax                         0x20000088   Data           4  os_var.o(.data)
    OSStatTaskCtrRun                         0x2000008c   Data           4  os_var.o(.data)
    OSStatTaskRdy                            0x20000090   Data           1  os_var.o(.data)
    OSStatTaskTimeMax                        0x20000094   Data           4  os_var.o(.data)
    OSTaskCtxSwCtr                           0x20000098   Data           4  os_var.o(.data)
    OSTaskDbgListPtr                         0x2000009c   Data           4  os_var.o(.data)
    OSTaskQty                                0x200000a0   Data           2  os_var.o(.data)
    OSTaskRegNextAvailID                     0x200000a2   Data           1  os_var.o(.data)
    OSTickCtr                                0x200000a4   Data           4  os_var.o(.data)
    OSTickTaskTimeMax                        0x200000a8   Data           4  os_var.o(.data)
    OSTmrDbgListPtr                          0x200000ac   Data           4  os_var.o(.data)
    OSTmrTaskTimeMax                         0x200000b0   Data           4  os_var.o(.data)
    OSTmrTickCtr                             0x200000b4   Data           4  os_var.o(.data)
    OSTmrUpdateCnt                           0x200000b8   Data           4  os_var.o(.data)
    OSTmrUpdateCtr                           0x200000bc   Data           4  os_var.o(.data)
    OSTCBCurPtr                              0x200000c0   Data           4  os_var.o(.data)
    OSTCBHighRdyPtr                          0x200000c4   Data           4  os_var.o(.data)
    CPU_TS_TmrFreq_Hz                        0x200000c8   Data           4  cpu_core.o(.data)
    OS_CPU_ExceptStkBase                     0x200000cc   Data           4  os_cpu_c.o(.data)
    ShowBuf                                  0x200000d0   Data         183  event.o(.bss)
    ShowMem                                  0x20000188   Data        1060  event.o(.bss)
    JZQSave                                  0x200005ac   Data          47  event.o(.bss)
    NBMutex                                  0x200005dc   Data          44  event.o(.bss)
    NBBOX                                    0x20000608   Data          48  event.o(.bss)
    TaskNBTCB                                0x20000638   Data         188  event.o(.bss)
    TaskNBSendTCB                            0x200008f4   Data         188  event.o(.bss)
    TaskLEDTCB                               0x20000bb0   Data         188  event.o(.bss)
    RealTime                                 0x20000d76   Data          14  rtc_api.o(.bss)
    Uart_Tx                                  0x20000d84   Data          48  uart_api.o(.bss)
    U0Buf                                    0x20000db4   Data        2202  uart_api.o(.bss)
    U3Buf                                    0x2000164e   Data         602  uart_api.o(.bss)
    U5Buf                                    0x200018a8   Data        2202  uart_api.o(.bss)
    TaskStartTCB                             0x20002144   Data         188  ucosinit.o(.bss)
    uCOS_TaskStart_Stk                       0x20002200   Data         400  ucosinit.o(.bss)
    TaskIOTCB                                0x20002390   Data         188  ucosinit.o(.bss)
    TaskClockTCB                             0x200025dc   Data         188  ucosinit.o(.bss)
    TaskUart0TCB                             0x200029b8   Data         188  ucosinit.o(.bss)
    TaskUart3TCB                             0x20002c74   Data         188  ucosinit.o(.bss)
    TaskUart5TCB                             0x20002ec0   Data         188  ucosinit.o(.bss)
    OSCfg_IdleTaskStk                        0x2000317c   Data         256  os_cfg_app.o(.bss)
    OSCfg_ISRStk                             0x2000327c   Data         512  os_cfg_app.o(.bss)
    OSCfg_MsgPool                            0x2000347c   Data        1600  os_cfg_app.o(.bss)
    OSCfg_StatTaskStk                        0x20003abc   Data         512  os_cfg_app.o(.bss)
    OSCfg_TickTaskStk                        0x20003cbc   Data         512  os_cfg_app.o(.bss)
    OSCfg_TickWheel                          0x20003ebc   Data         136  os_cfg_app.o(.bss)
    OSCfg_TmrTaskStk                         0x20003f44   Data         256  os_cfg_app.o(.bss)
    OSCfg_TmrWheel                           0x20004044   Data         136  os_cfg_app.o(.bss)
    OSIdleTaskTCB                            0x200040cc   Data         188  os_var.o(.bss)
    OSMsgPool                                0x20004188   Data          12  os_var.o(.bss)
    OSRdyList                                0x20004194   Data         120  os_var.o(.bss)
    OSStatTaskTCB                            0x2000420c   Data         188  os_var.o(.bss)
    OSTickTaskTCB                            0x200042c8   Data         188  os_var.o(.bss)
    OSTmrTaskTCB                             0x20004384   Data         188  os_var.o(.bss)
    CPU_Name                                 0x20004440   Data          16  cpu_core.o(.bss)
    __libspace_start                         0x20004450   Data          96  libspace.o(.bss)
    __temporary_stack_top$libspace           0x200044b0   Data           0  libspace.o(.bss)



==============================================================================

Memory Map of the image

  Image Entry point : 0x000000c1

  Load Region LR_IROM1 (Base: 0x00000000, Size: 0x0000b184, Max: 0x00030000, ABSOLUTE)

    Execution Region ER_IROM1 (Exec base: 0x00000000, Load base: 0x00000000, Size: 0x0000b0b4, Max: 0x00030000, ABSOLUTE)

    Exec Addr    Load Addr    Size         Type   Attr      Idx    E Section Name        Object

    0x00000000   0x00000000   0x000000c0   Data   RO         8671    RESET               startup_fm33g0xx.o
    0x000000c0   0x000000c0   0x00000008   Code   RO        10462  * !!!main             c_p.l(__main.o)
    0x000000c8   0x000000c8   0x0000003c   Code   RO        10729    !!!scatter          c_p.l(__scatter.o)
    0x00000104   0x00000104   0x0000001a   Code   RO        10731    !!handler_copy      c_p.l(__scatter_copy.o)
    0x0000011e   0x0000011e   0x00000002   PAD
    0x00000120   0x00000120   0x0000001c   Code   RO        10733    !!handler_zi        c_p.l(__scatter_zi.o)
    0x0000013c   0x0000013c   0x00000002   Code   RO        10443    .ARM.Collect$$_printf_percent$$00000000  c_p.l(_printf_percent.o)
    0x0000013e   0x0000013e   0x0000000a   Code   RO        10442    .ARM.Collect$$_printf_percent$$00000003  c_p.l(_printf_f.o)
    0x00000148   0x00000148   0x0000000a   Code   RO        10441    .ARM.Collect$$_printf_percent$$00000009  c_p.l(_printf_d.o)
    0x00000152   0x00000152   0x0000000a   Code   RO        10440    .ARM.Collect$$_printf_percent$$00000014  c_p.l(_printf_s.o)
    0x0000015c   0x0000015c   0x00000004   Code   RO        10524    .ARM.Collect$$_printf_percent$$00000017  c_p.l(_printf_percent_end.o)
    0x00000160   0x00000160   0x00000002   Code   RO        10650    .ARM.Collect$$libinit$$00000000  c_p.l(libinit.o)
    0x00000162   0x00000162   0x00000000   Code   RO        10580    .ARM.Collect$$libinit$$00000002  c_p.l(libinit2.o)
    0x00000162   0x00000162   0x00000000   Code   RO        10582    .ARM.Collect$$libinit$$00000004  c_p.l(libinit2.o)
    0x00000162   0x00000162   0x00000000   Code   RO        10585    .ARM.Collect$$libinit$$0000000A  c_p.l(libinit2.o)
    0x00000162   0x00000162   0x00000000   Code   RO        10587    .ARM.Collect$$libinit$$0000000C  c_p.l(libinit2.o)
    0x00000162   0x00000162   0x00000000   Code   RO        10589    .ARM.Collect$$libinit$$0000000E  c_p.l(libinit2.o)
    0x00000162   0x00000162   0x00000006   Code   RO        10590    .ARM.Collect$$libinit$$0000000F  c_p.l(libinit2.o)
    0x00000168   0x00000168   0x00000000   Code   RO        10592    .ARM.Collect$$libinit$$00000011  c_p.l(libinit2.o)
    0x00000168   0x00000168   0x00000000   Code   RO        10594    .ARM.Collect$$libinit$$00000013  c_p.l(libinit2.o)
    0x00000168   0x00000168   0x00000000   Code   RO        10596    .ARM.Collect$$libinit$$00000015  c_p.l(libinit2.o)
    0x00000168   0x00000168   0x0000000a   Code   RO        10597    .ARM.Collect$$libinit$$00000016  c_p.l(libinit2.o)
    0x00000172   0x00000172   0x00000000   Code   RO        10598    .ARM.Collect$$libinit$$00000017  c_p.l(libinit2.o)
    0x00000172   0x00000172   0x00000000   Code   RO        10600    .ARM.Collect$$libinit$$00000019  c_p.l(libinit2.o)
    0x00000172   0x00000172   0x00000000   Code   RO        10602    .ARM.Collect$$libinit$$0000001B  c_p.l(libinit2.o)
    0x00000172   0x00000172   0x00000000   Code   RO        10604    .ARM.Collect$$libinit$$0000001D  c_p.l(libinit2.o)
    0x00000172   0x00000172   0x00000000   Code   RO        10606    .ARM.Collect$$libinit$$0000001F  c_p.l(libinit2.o)
    0x00000172   0x00000172   0x00000000   Code   RO        10608    .ARM.Collect$$libinit$$00000021  c_p.l(libinit2.o)
    0x00000172   0x00000172   0x00000000   Code   RO        10610    .ARM.Collect$$libinit$$00000023  c_p.l(libinit2.o)
    0x00000172   0x00000172   0x00000000   Code   RO        10612    .ARM.Collect$$libinit$$00000025  c_p.l(libinit2.o)
    0x00000172   0x00000172   0x00000000   Code   RO        10616    .ARM.Collect$$libinit$$0000002C  c_p.l(libinit2.o)
    0x00000172   0x00000172   0x00000000   Code   RO        10618    .ARM.Collect$$libinit$$0000002E  c_p.l(libinit2.o)
    0x00000172   0x00000172   0x00000000   Code   RO        10620    .ARM.Collect$$libinit$$00000030  c_p.l(libinit2.o)
    0x00000172   0x00000172   0x00000000   Code   RO        10622    .ARM.Collect$$libinit$$00000032  c_p.l(libinit2.o)
    0x00000172   0x00000172   0x00000002   Code   RO        10623    .ARM.Collect$$libinit$$00000033  c_p.l(libinit2.o)
    0x00000174   0x00000174   0x00000002   Code   RO        10696    .ARM.Collect$$libshutdown$$00000000  c_p.l(libshutdown.o)
    0x00000176   0x00000176   0x00000000   Code   RO        10712    .ARM.Collect$$libshutdown$$00000002  c_p.l(libshutdown2.o)
    0x00000176   0x00000176   0x00000000   Code   RO        10714    .ARM.Collect$$libshutdown$$00000004  c_p.l(libshutdown2.o)
    0x00000176   0x00000176   0x00000000   Code   RO        10717    .ARM.Collect$$libshutdown$$00000007  c_p.l(libshutdown2.o)
    0x00000176   0x00000176   0x00000000   Code   RO        10720    .ARM.Collect$$libshutdown$$0000000A  c_p.l(libshutdown2.o)
    0x00000176   0x00000176   0x00000000   Code   RO        10722    .ARM.Collect$$libshutdown$$0000000C  c_p.l(libshutdown2.o)
    0x00000176   0x00000176   0x00000000   Code   RO        10725    .ARM.Collect$$libshutdown$$0000000F  c_p.l(libshutdown2.o)
    0x00000176   0x00000176   0x00000002   Code   RO        10726    .ARM.Collect$$libshutdown$$00000010  c_p.l(libshutdown2.o)
    0x00000178   0x00000178   0x00000000   Code   RO        10504    .ARM.Collect$$rtentry$$00000000  c_p.l(__rtentry.o)
    0x00000178   0x00000178   0x00000000   Code   RO        10537    .ARM.Collect$$rtentry$$00000002  c_p.l(__rtentry2.o)
    0x00000178   0x00000178   0x00000006   Code   RO        10549    .ARM.Collect$$rtentry$$00000004  c_p.l(__rtentry4.o)
    0x0000017e   0x0000017e   0x00000000   Code   RO        10539    .ARM.Collect$$rtentry$$00000009  c_p.l(__rtentry2.o)
    0x0000017e   0x0000017e   0x00000004   Code   RO        10540    .ARM.Collect$$rtentry$$0000000A  c_p.l(__rtentry2.o)
    0x00000182   0x00000182   0x00000000   Code   RO        10542    .ARM.Collect$$rtentry$$0000000C  c_p.l(__rtentry2.o)
    0x00000182   0x00000182   0x00000008   Code   RO        10543    .ARM.Collect$$rtentry$$0000000D  c_p.l(__rtentry2.o)
    0x0000018a   0x0000018a   0x00000002   Code   RO        10656    .ARM.Collect$$rtexit$$00000000  c_p.l(rtexit.o)
    0x0000018c   0x0000018c   0x00000000   Code   RO        10671    .ARM.Collect$$rtexit$$00000002  c_p.l(rtexit2.o)
    0x0000018c   0x0000018c   0x00000004   Code   RO        10672    .ARM.Collect$$rtexit$$00000003  c_p.l(rtexit2.o)
    0x00000190   0x00000190   0x00000006   Code   RO        10673    .ARM.Collect$$rtexit$$00000004  c_p.l(rtexit2.o)
    0x00000196   0x00000196   0x00000002   PAD
    0x00000198   0x00000198   0x00000038   Code   RO        10448    .emb_text           c_p.l(rt_memcpy.o)
    0x000001d0   0x000001d0   0x00000038   Code   RO         8672    .text               startup_fm33g0xx.o
    0x00000208   0x00000208   0x0000001e   Code   RO        10124    .text               cpu_a.o
    0x00000226   0x00000226   0x00000002   PAD
    0x00000228   0x00000228   0x0000009c   Code   RO        10319    .text               os_cpu_a.o
    0x000002c4   0x000002c4   0x00000002   Code   RO        10402    .text               c_p.l(use_no_semi_2.o)
    0x000002c6   0x000002c6   0x00000002   PAD
    0x000002c8   0x000002c8   0x0000001c   Code   RO        10410    .text               c_p.l(noretval__2printf.o)
    0x000002e4   0x000002e4   0x0000004e   Code   RO        10414    .text               c_p.l(_printf_pad.o)
    0x00000332   0x00000332   0x00000052   Code   RO        10416    .text               c_p.l(_printf_str.o)
    0x00000384   0x00000384   0x0000006c   Code   RO        10418    .text               c_p.l(_printf_dec.o)
    0x000003f0   0x000003f0   0x0000010e   Code   RO        10428    .text               c_p.l(__printf_wp.o)
    0x000004fe   0x000004fe   0x00000028   Code   RO        10444    .text               c_p.l(strstr.o)
    0x00000526   0x00000526   0x00000002   PAD
    0x00000528   0x00000528   0x00000044   Code   RO        10446    .text               c_p.l(strlen.o)
    0x0000056c   0x0000056c   0x00000082   Code   RO        10449    .text               c_p.l(rt_memcpy.o)
    0x000005ee   0x000005ee   0x00000012   Code   RO        10452    .text               c_p.l(aeabi_memset.o)
    0x00000600   0x00000600   0x00000040   Code   RO        10454    .text               c_p.l(rt_memclr.o)
    0x00000640   0x00000640   0x0000015a   Code   RO        10456    .text               c_p.l(aeabi_sdiv.o)
    0x0000079a   0x0000079a   0x00000006   Code   RO        10460    .text               c_p.l(heapauxi.o)
    0x000007a0   0x000007a0   0x0000007c   Code   RO        10464    .text               fz_ps.l(d2f.o)
    0x0000081c   0x0000081c   0x00000358   Code   RO        10466    .text               fz_ps.l(daddsub.o)
    0x00000b74   0x00000b74   0x00000448   Code   RO        10468    .text               fz_ps.l(ddiv.o)
    0x00000fbc   0x00000fbc   0x00000048   Code   RO        10471    .text               fz_ps.l(dfixui.o)
    0x00001004   0x00001004   0x00000058   Code   RO        10473    .text               fz_ps.l(dflti.o)
    0x0000105c   0x0000105c   0x00000248   Code   RO        10475    .text               fz_ps.l(dmul.o)
    0x000012a4   0x000012a4   0x00000054   Code   RO        10479    .text               fz_ps.l(f2d.o)
    0x000012f8   0x000012f8   0x00000160   Code   RO        10487    .text               fz_ps.l(fdiv.o)
    0x00001458   0x00001458   0x0000005e   Code   RO        10494    .text               fz_ps.l(fflti.o)
    0x000014b6   0x000014b6   0x00000002   Code   RO        10502    .text               c_p.l(use_no_semi.o)
    0x000014b8   0x000014b8   0x00000008   Code   RO        10512    .text               c_p.l(rt_locale_intlibspace.o)
    0x000014c0   0x000014c0   0x000000b0   Code   RO        10516    .text               c_p.l(_printf_intcommon.o)
    0x00001570   0x00001570   0x00000418   Code   RO        10518    .text               c_p.l(_printf_fp_dec.o)
    0x00001988   0x00001988   0x0000002e   Code   RO        10520    .text               c_p.l(_printf_char.o)
    0x000019b6   0x000019b6   0x00000002   PAD
    0x000019b8   0x000019b8   0x00000028   Code   RO        10522    .text               c_p.l(_printf_char_file.o)
    0x000019e0   0x000019e0   0x00000028   Code   RO        10528    .text               c_p.l(rtudiv10.o)
    0x00001a08   0x00001a08   0x00000008   Code   RO        10533    .text               c_p.l(libspace.o)
    0x00001a10   0x00001a10   0x0000007a   Code   RO        10557    .text               c_p.l(lludiv10.o)
    0x00001a8a   0x00001a8a   0x00000002   PAD
    0x00001a8c   0x00001a8c   0x00000030   Code   RO        10559    .text               c_p.l(_printf_char_common.o)
    0x00001abc   0x00001abc   0x00000088   Code   RO        10561    .text               c_p.l(_printf_fp_infnan.o)
    0x00001b44   0x00001b44   0x000000d8   Code   RO        10563    .text               c_p.l(bigflt0.o)
    0x00001c1c   0x00001c1c   0x00000580   Code   RO        10566    .text               c_p.l(btod.o)
    0x0000219c   0x0000219c   0x00000008   Code   RO        10570    .text               c_p.l(ferror.o)
    0x000021a4   0x000021a4   0x00000088   Code   RO        10577    .text               c_p.l(strcmp.o)
    0x0000222c   0x0000222c   0x0000003e   Code   RO        10632    .text               c_p.l(sys_stackheap_outer.o)
    0x0000226a   0x0000226a   0x00000010   Code   RO        10637    .text               c_p.l(exit.o)
    0x0000227a   0x0000227a   0x00000002   PAD
    0x0000227c   0x0000227c   0x00000020   Code   RO         2209    i.ANAC_BORCON_OFF_BOR_Setable  fm33g0xx_anac.o
    0x0000229c   0x0000229c   0x00000020   Code   RO         2254    i.ANAC_PDRCON_PDREN_Setable  fm33g0xx_anac.o
    0x000022bc   0x000022bc   0x00000016   Code   RO          856    i.API_ETim_ReSet    etim_api.o
    0x000022d2   0x000022d2   0x00000002   PAD
    0x000022d4   0x000022d4   0x00000024   Code   RO          912    i.API_Erase_Sector  flash_api.o
    0x000022f8   0x000022f8   0x00000100   Code   RO          859    i.API_Etim_Init     etim_api.o
    0x000023f8   0x000023f8   0x00000058   Code   RO         1485    i.API_GPIO_Judge    system.o
    0x00002450   0x00002450   0x0000004c   Code   RO         1360    i.API_GetTime       rtc_api.o
    0x0000249c   0x0000249c   0x00000054   Code   RO          978    i.API_I2C_Init      iic_api.o
    0x000024f0   0x000024f0   0x00000066   Code   RO          980    i.API_I2C_Write_Com  iic_api.o
    0x00002556   0x00002556   0x00000002   PAD
    0x00002558   0x00002558   0x000000c8   Code   RO         1269    i.API_LPTIM_Init    lptim_api.o
    0x00002620   0x00002620   0x0000000a   Code   RO         1270    i.API_LPTIM_Start   lptim_api.o
    0x0000262a   0x0000262a   0x0000000a   Code   RO         1271    i.API_LPTIM_Stop    lptim_api.o
    0x00002634   0x00002634   0x00000128   Code   RO         1361    i.API_RTC_Init      rtc_api.o
    0x0000275c   0x0000275c   0x00000064   Code   RO         1362    i.API_SetTIME       rtc_api.o
    0x000027c0   0x000027c0   0x00000064   Code   RO         1714    i.API_TimSet        uarttimeout.o
    0x00002824   0x00002824   0x000000a8   Code   RO         1659    i.API_Uart_Send     uart_api.o
    0x000028cc   0x000028cc   0x00000220   Code   RO         1660    i.API_Uartx_Init    uart_api.o
    0x00002aec   0x00002aec   0x00000038   Code   RO         1486    i.AltFunIO          system.o
    0x00002b24   0x00002b24   0x00000020   Code   RO         1779    i.App_TaskIdleHook  ucosinit.o
    0x00002b44   0x00002b44   0x00000010   Code   RO          728    i.BCDtoHEX          convert.o
    0x00002b54   0x00002b54   0x00000008   Code   RO        10181    i.CPU_CntLeadZeros  cpu_core.o
    0x00002b5c   0x00002b5c   0x0000003c   Code   RO        10184    i.CPU_CntLeadZeros32  cpu_core.o
    0x00002b98   0x00002b98   0x0000000c   Code   RO        10191    i.CPU_Init          cpu_core.o
    0x00002ba4   0x00002ba4   0x0000001c   Code   RO        10192    i.CPU_NameClr       cpu_core.o
    0x00002bc0   0x00002bc0   0x00000008   Code   RO        10194    i.CPU_NameInit      cpu_core.o
    0x00002bc8   0x00002bc8   0x00000014   Code   RO        10198    i.CPU_TS_Init       cpu_core.o
    0x00002bdc   0x00002bdc   0x00000002   Code   RO         1780    i.CPU_TS_TmrInit    ucosinit.o
    0x00002bde   0x00002bde   0x00000002   PAD
    0x00002be0   0x00002be0   0x00000010   Code   RO         1781    i.CPU_TS_TmrRd      ucosinit.o
    0x00002bf0   0x00002bf0   0x0000006c   Code   RO         1488    i.Close_AllIO_GPIO_80pin  system.o
    0x00002c5c   0x00002c5c   0x00000040   Code   RO         1489    i.CloseeIO          system.o
    0x00002c9c   0x00002c9c   0x00000058   Code   RO          292    i.DisPlay           event.o
    0x00002cf4   0x00002cf4   0x00000018   Code   RO          293    i.DisPlayClear      event.o
    0x00002d0c   0x00002d0c   0x00000034   Code   RO         1077    i.ETIM3_IRQHandler  interrupt_api.o
    0x00002d40   0x00002d40   0x00000006   Code   RO         3723    i.ETIMx_ETxCMP_Write  fm33g0xx_etim.o
    0x00002d46   0x00002d46   0x00000016   Code   RO         3726    i.ETIMx_ETxCR_CAPCLR_Setable  fm33g0xx_etim.o
    0x00002d5c   0x00002d5c   0x00000010   Code   RO         3728    i.ETIMx_ETxCR_CAPEDGE_Set  fm33g0xx_etim.o
    0x00002d6c   0x00002d6c   0x0000000e   Code   RO         3730    i.ETIMx_ETxCR_CAPMOD_Set  fm33g0xx_etim.o
    0x00002d7a   0x00002d7a   0x00000016   Code   RO         3732    i.ETIMx_ETxCR_CAPONCE_Setable  fm33g0xx_etim.o
    0x00002d90   0x00002d90   0x00000016   Code   RO         3734    i.ETIMx_ETxCR_CASEN_Setable  fm33g0xx_etim.o
    0x00002da6   0x00002da6   0x00000016   Code   RO         3736    i.ETIMx_ETxCR_CEN_Setable  fm33g0xx_etim.o
    0x00002dbc   0x00002dbc   0x0000000e   Code   RO         3738    i.ETIMx_ETxCR_EDGESEL_Set  fm33g0xx_etim.o
    0x00002dca   0x00002dca   0x00000018   Code   RO         3740    i.ETIMx_ETxCR_EXFLT_Setable  fm33g0xx_etim.o
    0x00002de2   0x00002de2   0x0000000e   Code   RO         3742    i.ETIMx_ETxCR_MOD_Set  fm33g0xx_etim.o
    0x00002df0   0x00002df0   0x00000018   Code   RO         3744    i.ETIMx_ETxCR_PWM_Setable  fm33g0xx_etim.o
    0x00002e08   0x00002e08   0x00000016   Code   RO         3746    i.ETIMx_ETxIE_CAPIE_Setable  fm33g0xx_etim.o
    0x00002e1e   0x00002e1e   0x00000016   Code   RO         3748    i.ETIMx_ETxIE_CMPIE_Setable  fm33g0xx_etim.o
    0x00002e34   0x00002e34   0x00000018   Code   RO         3750    i.ETIMx_ETxIE_OVIE_Setable  fm33g0xx_etim.o
    0x00002e4c   0x00002e4c   0x0000000e   Code   RO         3756    i.ETIMx_ETxIF_OVIF_Chk  fm33g0xx_etim.o
    0x00002e5a   0x00002e5a   0x00000006   Code   RO         3757    i.ETIMx_ETxIF_OVIF_Clr  fm33g0xx_etim.o
    0x00002e60   0x00002e60   0x00000010   Code   RO         3759    i.ETIMx_ETxINSEL_GRP1SEL_Set  fm33g0xx_etim.o
    0x00002e70   0x00002e70   0x0000000e   Code   RO         3761    i.ETIMx_ETxINSEL_GRP2SEL_Set  fm33g0xx_etim.o
    0x00002e7e   0x00002e7e   0x0000000e   Code   RO         3763    i.ETIMx_ETxINSEL_SIG1SEL_Set  fm33g0xx_etim.o
    0x00002e8c   0x00002e8c   0x0000000e   Code   RO         3765    i.ETIMx_ETxINSEL_SIG2SEL_Set  fm33g0xx_etim.o
    0x00002e9a   0x00002e9a   0x00000006   Code   RO         3767    i.ETIMx_ETxIVR_Write  fm33g0xx_etim.o
    0x00002ea0   0x00002ea0   0x00000006   Code   RO         3769    i.ETIMx_ETxPESCALE1_Write  fm33g0xx_etim.o
    0x00002ea6   0x00002ea6   0x00000006   Code   RO         3771    i.ETIMx_ETxPESCALE2_Write  fm33g0xx_etim.o
    0x00002eac   0x00002eac   0x000000b6   Code   RO         3772    i.ETIMx_Init        fm33g0xx_etim.o
    0x00002f62   0x00002f62   0x00000002   PAD
    0x00002f64   0x00002f64   0x00000018   Code   RO         4054    i.FLASH_EPCON_EREQ_Set  fm33g0xx_flash.o
    0x00002f7c   0x00002f7c   0x00000018   Code   RO         4056    i.FLASH_EPCON_ERTYPE_Set  fm33g0xx_flash.o
    0x00002f94   0x00002f94   0x00000014   Code   RO         4058    i.FLASH_EPCON_PREQ_Set  fm33g0xx_flash.o
    0x00002fa8   0x00002fa8   0x00000044   Code   RO         4059    i.FLASH_Erase_Sector  fm33g0xx_flash.o
    0x00002fec   0x00002fec   0x00000014   Code   RO         4074    i.FLASH_FLSIF_ERDIF_Chk  fm33g0xx_flash.o
    0x00003000   0x00003000   0x0000000c   Code   RO         4075    i.FLASH_FLSIF_ERDIF_Clr  fm33g0xx_flash.o
    0x0000300c   0x0000300c   0x00000014   Code   RO         4079    i.FLASH_FLSIF_PRDIF_Chk  fm33g0xx_flash.o
    0x00003020   0x00003020   0x0000000c   Code   RO         4080    i.FLASH_FLSIF_PRDIF_Clr  fm33g0xx_flash.o
    0x0000302c   0x0000302c   0x0000000c   Code   RO         4081    i.FLASH_FLSKEY_Write  fm33g0xx_flash.o
    0x00003038   0x00003038   0x00000018   Code   RO         4083    i.FLASH_FLSRDCON_WAIT_Set  fm33g0xx_flash.o
    0x00003050   0x00003050   0x00000054   Code   RO         4088    i.FLASH_Prog_ByteString  fm33g0xx_flash.o
    0x000030a4   0x000030a4   0x00000050   Code   RO          918    i.Flsah_Write_String  flash_api.o
    0x000030f4   0x000030f4   0x00000044   Code   RO         4307    i.GPIO_ALL_Deinit   fm33g0xx_gpio.o
    0x00003138   0x00003138   0x00000028   Code   RO         4320    i.GPIO_Deinit       fm33g0xx_gpio.o
    0x00003160   0x00003160   0x000000e4   Code   RO         4322    i.GPIO_EXTI_EXTIxIF_ChkEx  fm33g0xx_gpio.o
    0x00003244   0x00003244   0x000000b0   Code   RO         4323    i.GPIO_EXTI_EXTIxIF_ClrEx  fm33g0xx_gpio.o
    0x000032f4   0x000032f4   0x0000002e   Code   RO         4324    i.GPIO_EXTI_Init    fm33g0xx_gpio.o
    0x00003322   0x00003322   0x00000002   PAD
    0x00003324   0x00003324   0x00000108   Code   RO         4325    i.GPIO_EXTI_Select_Edge  fm33g0xx_gpio.o
    0x0000342c   0x0000342c   0x00000130   Code   RO         4326    i.GPIO_EXTI_Select_Pin  fm33g0xx_gpio.o
    0x0000355c   0x0000355c   0x00000078   Code   RO         4329    i.GPIO_Get_InitPara  fm33g0xx_gpio.o
    0x000035d4   0x000035d4   0x00000044   Code   RO         1080    i.GPIO_IRQHandler   interrupt_api.o
    0x00003618   0x00003618   0x00000038   Code   RO          442    i.GPIO_IRQ_CallBack  main.o
    0x00003650   0x00003650   0x00000050   Code   RO         4335    i.GPIO_Init         fm33g0xx_gpio.o
    0x000036a0   0x000036a0   0x0000000e   Code   RO         4345    i.GPIO_ReadInputDataBit  fm33g0xx_gpio.o
    0x000036ae   0x000036ae   0x00000004   Code   RO         4348    i.GPIO_ResetBits    fm33g0xx_gpio.o
    0x000036b2   0x000036b2   0x00000004   Code   RO         4349    i.GPIO_SetBits      fm33g0xx_gpio.o
    0x000036b6   0x000036b6   0x0000000e   Code   RO         4350    i.GPIO_ToggleBits   fm33g0xx_gpio.o
    0x000036c4   0x000036c4   0x0000000e   Code   RO         4356    i.GPIOx_Deinit      fm33g0xx_gpio.o
    0x000036d2   0x000036d2   0x0000002a   Code   RO         1363    i.GY_IsLeapYear     rtc_api.o
    0x000036fc   0x000036fc   0x000000c6   Code   RO         1364    i.GY_IsLegal        rtc_api.o
    0x000037c2   0x000037c2   0x0000004a   Code   RO         1365    i.GY_RTC_Get        rtc_api.o
    0x0000380c   0x0000380c   0x00000060   Code   RO          982    i.G_I2C_Send_Bit    iic_api.o
    0x0000386c   0x0000386c   0x00000038   Code   RO          983    i.G_I2C_Send_Byte   iic_api.o
    0x000038a4   0x000038a4   0x00000076   Code   RO          985    i.G_Sendaddr        iic_api.o
    0x0000391a   0x0000391a   0x00000002   PAD
    0x0000391c   0x0000391c   0x00000048   Code   RO          986    i.G_Wait_for_end    iic_api.o
    0x00003964   0x00003964   0x00000014   Code   RO         4995    i.I2C_BaudREG_Calc  fm33g0xx_i2c.o
    0x00003978   0x00003978   0x00000010   Code   RO         4998    i.I2C_I2CBRG_Write  fm33g0xx_i2c.o
    0x00003988   0x00003988   0x0000000c   Code   RO         5000    i.I2C_I2CBUF_Write  fm33g0xx_i2c.o
    0x00003994   0x00003994   0x0000001c   Code   RO         5002    i.I2C_I2CCTRL_ACKEN_Setable  fm33g0xx_i2c.o
    0x000039b0   0x000039b0   0x00000020   Code   RO         5004    i.I2C_I2CCTRL_I2CEN_Setable  fm33g0xx_i2c.o
    0x000039d0   0x000039d0   0x0000001c   Code   RO         5005    i.I2C_I2CCTRL_PEN_Setable  fm33g0xx_i2c.o
    0x000039ec   0x000039ec   0x0000001c   Code   RO         5007    i.I2C_I2CCTRL_RCEN_Setable  fm33g0xx_i2c.o
    0x00003a08   0x00003a08   0x0000001c   Code   RO         5008    i.I2C_I2CCTRL_RSEN_Setable  fm33g0xx_i2c.o
    0x00003a24   0x00003a24   0x0000001c   Code   RO         5013    i.I2C_I2CCTRL_SEN_Setable  fm33g0xx_i2c.o
    0x00003a40   0x00003a40   0x0000001c   Code   RO         5015    i.I2C_I2CERR_ERRIE_Setable  fm33g0xx_i2c.o
    0x00003a5c   0x00003a5c   0x0000001c   Code   RO         5024    i.I2C_I2CIR_I2CIE_Setable  fm33g0xx_i2c.o
    0x00003a78   0x00003a78   0x00000014   Code   RO         5025    i.I2C_I2CIR_I2CIF_Chk  fm33g0xx_i2c.o
    0x00003a8c   0x00003a8c   0x00000018   Code   RO         5026    i.I2C_I2CIR_I2CIF_Clr  fm33g0xx_i2c.o
    0x00003aa4   0x00003aa4   0x00000014   Code   RO         5029    i.I2C_I2CSTA_ACKSTA_Chk  fm33g0xx_i2c.o
    0x00003ab8   0x00003ab8   0x00000014   Code   RO         5033    i.I2C_I2CSTA_RW_Chk  fm33g0xx_i2c.o
    0x00003acc   0x00003acc   0x00000038   Code   RO         5037    i.I2C_ResetI2C      fm33g0xx_i2c.o
    0x00003b04   0x00003b04   0x00000010   Code   RO         5270    i.IWDT_Clr          fm33g0xx_iwdt.o
    0x00003b14   0x00003b14   0x00000018   Code   RO         5273    i.IWDT_IWDTCFG_IWDTOVP_Set  fm33g0xx_iwdt.o
    0x00003b2c   0x00003b2c   0x0000001c   Code   RO         5275    i.IWDT_IWDTCFG_IWDTSLP4096S_Setable  fm33g0xx_iwdt.o
    0x00003b48   0x00003b48   0x00000020   Code   RO         1492    i.IWDT_Init         system.o
    0x00003b68   0x00003b68   0x0000006c   Code   RO          443    i.Init_IO           main.o
    0x00003bd4   0x00003bd4   0x00000014   Code   RO         1494    i.Init_RCC_PERIPH_clk  system.o
    0x00003be8   0x00003be8   0x00000030   Code   RO         1495    i.Init_SysClk       system.o
    0x00003c18   0x00003c18   0x00000030   Code   RO         1496    i.Init_SysClk_Gen   system.o
    0x00003c48   0x00003c48   0x00000008   Code   RO         1497    i.Init_SysTick      system.o
    0x00003c50   0x00003c50   0x00000026   Code   RO         1498    i.Init_System       system.o
    0x00003c76   0x00003c76   0x00000026   Code   RO         1499    i.InputtIO          system.o
    0x00003c9c   0x00003c9c   0x0000005c   Code   RO         1082    i.LPTIM_IRQHandler  interrupt_api.o
    0x00003cf8   0x00003cf8   0x00000048   Code   RO         5671    i.LPTIM_Init        fm33g0xx_lptim.o
    0x00003d40   0x00003d40   0x00000018   Code   RO            3    i.LPTIM_Init_Exp    api_exp.o
    0x00003d58   0x00003d58   0x00000018   Code   RO         5673    i.LPTIM_LPTCFG_CLKSEL_Set  fm33g0xx_lptim.o
    0x00003d70   0x00003d70   0x00000018   Code   RO         5675    i.LPTIM_LPTCFG_DIVSEL_Set  fm33g0xx_lptim.o
    0x00003d88   0x00003d88   0x00000014   Code   RO         5677    i.LPTIM_LPTCFG_EDGESEL_Set  fm33g0xx_lptim.o
    0x00003d9c   0x00003d9c   0x00000020   Code   RO         5679    i.LPTIM_LPTCFG_FLTEN_Setable  fm33g0xx_lptim.o
    0x00003dbc   0x00003dbc   0x00000014   Code   RO         5681    i.LPTIM_LPTCFG_MODE_Set  fm33g0xx_lptim.o
    0x00003dd0   0x00003dd0   0x00000014   Code   RO         5683    i.LPTIM_LPTCFG_POLARITY_Set  fm33g0xx_lptim.o
    0x00003de4   0x00003de4   0x00000014   Code   RO         5685    i.LPTIM_LPTCFG_PWM_Set  fm33g0xx_lptim.o
    0x00003df8   0x00003df8   0x00000018   Code   RO         5687    i.LPTIM_LPTCFG_TMODE_Set  fm33g0xx_lptim.o
    0x00003e10   0x00003e10   0x00000014   Code   RO         5689    i.LPTIM_LPTCFG_TRIGCFG_Set  fm33g0xx_lptim.o
    0x00003e24   0x00003e24   0x0000000c   Code   RO         5691    i.LPTIM_LPTCMP_Write  fm33g0xx_lptim.o
    0x00003e30   0x00003e30   0x00000020   Code   RO         5694    i.LPTIM_LPTCTRL_LPTEN_Setable  fm33g0xx_lptim.o
    0x00003e50   0x00003e50   0x00000014   Code   RO         5697    i.LPTIM_LPTIE_OVIE_Getable  fm33g0xx_lptim.o
    0x00003e64   0x00003e64   0x0000001c   Code   RO         5698    i.LPTIM_LPTIE_OVIE_Setable  fm33g0xx_lptim.o
    0x00003e80   0x00003e80   0x00000014   Code   RO         5703    i.LPTIM_LPTIF_OVIF_Chk  fm33g0xx_lptim.o
    0x00003e94   0x00003e94   0x0000000c   Code   RO         5704    i.LPTIM_LPTIF_OVIF_Clr  fm33g0xx_lptim.o
    0x00003ea0   0x00003ea0   0x0000000c   Code   RO         5708    i.LPTIM_LPTTARGET_Write  fm33g0xx_lptim.o
    0x00003eac   0x00003eac   0x0000001c   Code   RO          444    i.LowPower_IO_Init  main.o
    0x00003ec8   0x00003ec8   0x0000000c   Code   RO         8849    i.Mem_Clr           lib_mem.o
    0x00003ed4   0x00003ed4   0x0000004a   Code   RO         8867    i.Mem_Set           lib_mem.o
    0x00003f1e   0x00003f1e   0x00000002   PAD
    0x00003f20   0x00003f20   0x00000018   Code   RO          860    i.NVIC_DisableIRQ   etim_api.o
    0x00003f38   0x00003f38   0x00000018   Code   RO         1500    i.NVIC_DisableIRQ   system.o
    0x00003f50   0x00003f50   0x00000018   Code   RO         1661    i.NVIC_DisableIRQ   uart_api.o
    0x00003f68   0x00003f68   0x00000018   Code   RO          861    i.NVIC_EnableIRQ    etim_api.o
    0x00003f80   0x00003f80   0x00000018   Code   RO         1662    i.NVIC_EnableIRQ    uart_api.o
    0x00003f98   0x00003f98   0x00000044   Code   RO          862    i.NVIC_SetPriority  etim_api.o
    0x00003fdc   0x00003fdc   0x00000044   Code   RO         1663    i.NVIC_SetPriority  uart_api.o
    0x00004020   0x00004020   0x00000002   Code   RO         9126    i.OSCfg_Init        os_cfg_app.o
    0x00004022   0x00004022   0x00000002   PAD
    0x00004024   0x00004024   0x00000010   Code   RO        10322    i.OSIdleTaskHook    os_cpu_c.o
    0x00004034   0x00004034   0x00000158   Code   RO         9193    i.OSInit            os_core.o
    0x0000418c   0x0000418c   0x00000024   Code   RO        10323    i.OSInitHook        os_cpu_c.o
    0x000041b0   0x000041b0   0x00000020   Code   RO         9194    i.OSIntEnter        os_core.o
    0x000041d0   0x000041d0   0x000000a4   Code   RO         9195    i.OSIntExit         os_core.o
    0x00004274   0x00004274   0x00000070   Code   RO         9514    i.OSMutexCreate     os_mutex.o
    0x000042e4   0x000042e4   0x000001cc   Code   RO         9515    i.OSMutexPend       os_mutex.o
    0x000044b0   0x000044b0   0x0000012c   Code   RO         9516    i.OSMutexPost       os_mutex.o
    0x000045dc   0x000045dc   0x0000007c   Code   RO         9629    i.OSQCreate         os_q.o
    0x00004658   0x00004658   0x00000060   Code   RO         9630    i.OSQFlush          os_q.o
    0x000046b8   0x000046b8   0x00000184   Code   RO         9631    i.OSQPend           os_q.o
    0x0000483c   0x0000483c   0x00000080   Code   RO         9633    i.OSQPost           os_q.o
    0x000048bc   0x000048bc   0x00000074   Code   RO         9196    i.OSSched           os_core.o
    0x00004930   0x00004930   0x00000064   Code   RO         9197    i.OSSchedLock       os_core.o
    0x00004994   0x00004994   0x00000078   Code   RO         9200    i.OSSchedUnlock     os_core.o
    0x00004a0c   0x00004a0c   0x0000005c   Code   RO         9201    i.OSStart           os_core.o
    0x00004a68   0x00004a68   0x000000b0   Code   RO         9701    i.OSStatReset       os_stat.o
    0x00004b18   0x00004b18   0x000000b4   Code   RO         9702    i.OSStatTaskCPUUsageInit  os_stat.o
    0x00004bcc   0x00004bcc   0x00000010   Code   RO        10324    i.OSStatTaskHook    os_cpu_c.o
    0x00004bdc   0x00004bdc   0x0000017c   Code   RO         9732    i.OSTaskCreate      os_task.o
    0x00004d58   0x00004d58   0x00000010   Code   RO        10325    i.OSTaskCreateHook  os_cpu_c.o
    0x00004d68   0x00004d68   0x000000d8   Code   RO         9733    i.OSTaskDel         os_task.o
    0x00004e40   0x00004e40   0x00000010   Code   RO        10326    i.OSTaskDelHook     os_cpu_c.o
    0x00004e50   0x00004e50   0x00000050   Code   RO         9734    i.OSTaskQFlush      os_task.o
    0x00004ea0   0x00004ea0   0x00000160   Code   RO         9735    i.OSTaskQPend       os_task.o
    0x00005000   0x00005000   0x00000044   Code   RO         9737    i.OSTaskQPost       os_task.o
    0x00005044   0x00005044   0x0000004c   Code   RO         9741    i.OSTaskResume      os_task.o
    0x00005090   0x00005090   0x00000010   Code   RO        10327    i.OSTaskReturnHook  os_cpu_c.o
    0x000050a0   0x000050a0   0x00000140   Code   RO         9742    i.OSTaskSemPend     os_task.o
    0x000051e0   0x000051e0   0x00000034   Code   RO         9743    i.OSTaskSemPost     os_task.o
    0x00005214   0x00005214   0x0000009c   Code   RO         9745    i.OSTaskStkChk      os_task.o
    0x000052b0   0x000052b0   0x00000070   Code   RO        10328    i.OSTaskStkInit     os_cpu_c.o
    0x00005320   0x00005320   0x00000030   Code   RO         9746    i.OSTaskSuspend     os_task.o
    0x00005350   0x00005350   0x00000054   Code   RO        10329    i.OSTaskSwHook      os_cpu_c.o
    0x000053a4   0x000053a4   0x0000009c   Code   RO         9941    i.OSTimeDly         os_time.o
    0x00005440   0x00005440   0x0000016c   Code   RO         9942    i.OSTimeDlyHMSM     os_time.o
    0x000055ac   0x000055ac   0x00000058   Code   RO         9945    i.OSTimeTick        os_time.o
    0x00005604   0x00005604   0x00000010   Code   RO        10330    i.OSTimeTickHook    os_cpu_c.o
    0x00005614   0x00005614   0x00000020   Code   RO        10331    i.OS_CPU_SysTickHandler  os_cpu_c.o
    0x00005634   0x00005634   0x0000002c   Code   RO        10332    i.OS_CPU_SysTickInit  os_cpu_c.o
    0x00005660   0x00005660   0x00000002   Code   RO         9433    i.OS_Dbg_Init       os_dbg.o
    0x00005662   0x00005662   0x00000002   PAD
    0x00005664   0x00005664   0x00000028   Code   RO         9203    i.OS_IdleTask       os_core.o
    0x0000568c   0x0000568c   0x00000068   Code   RO         9204    i.OS_IdleTaskInit   os_core.o
    0x000056f4   0x000056f4   0x00000070   Code   RO         9478    i.OS_MsgPoolInit    os_msg.o
    0x00005764   0x00005764   0x00000038   Code   RO         9479    i.OS_MsgQFreeAll    os_msg.o
    0x0000579c   0x0000579c   0x00000060   Code   RO         9480    i.OS_MsgQGet        os_msg.o
    0x000057fc   0x000057fc   0x0000000e   Code   RO         9481    i.OS_MsgQInit       os_msg.o
    0x0000580a   0x0000580a   0x00000002   PAD
    0x0000580c   0x0000580c   0x00000090   Code   RO         9482    i.OS_MsgQPut        os_msg.o
    0x0000589c   0x0000589c   0x00000024   Code   RO         9518    i.OS_MutexDbgListAdd  os_mutex.o
    0x000058c0   0x000058c0   0x00000018   Code   RO         9520    i.OS_MutexInit      os_mutex.o
    0x000058d8   0x000058d8   0x0000004c   Code   RO         9205    i.OS_Pend           os_core.o
    0x00005924   0x00005924   0x00000026   Code   RO         9208    i.OS_PendDataInit   os_core.o
    0x0000594a   0x0000594a   0x00000002   PAD
    0x0000594c   0x0000594c   0x00000050   Code   RO         9209    i.OS_PendDbgNameAdd  os_core.o
    0x0000599c   0x0000599c   0x00000024   Code   RO         9210    i.OS_PendDbgNameRemove  os_core.o
    0x000059c0   0x000059c0   0x00000032   Code   RO         9211    i.OS_PendListChangePrio  os_core.o
    0x000059f2   0x000059f2   0x0000000a   Code   RO         9212    i.OS_PendListInit   os_core.o
    0x000059fc   0x000059fc   0x00000060   Code   RO         9214    i.OS_PendListInsertPrio  os_core.o
    0x00005a5c   0x00005a5c   0x00000026   Code   RO         9215    i.OS_PendListRemove  os_core.o
    0x00005a82   0x00005a82   0x0000003a   Code   RO         9216    i.OS_PendListRemove1  os_core.o
    0x00005abc   0x00005abc   0x000000a4   Code   RO         9219    i.OS_Post           os_core.o
    0x00005b60   0x00005b60   0x00000026   Code   RO         9220    i.OS_Post1          os_core.o
    0x00005b86   0x00005b86   0x00000002   PAD
    0x00005b88   0x00005b88   0x00000024   Code   RO         9592    i.OS_PrioGetHighest  os_prio.o
    0x00005bac   0x00005bac   0x00000018   Code   RO         9593    i.OS_PrioInit       os_prio.o
    0x00005bc4   0x00005bc4   0x00000020   Code   RO         9594    i.OS_PrioInsert     os_prio.o
    0x00005be4   0x00005be4   0x00000020   Code   RO         9595    i.OS_PrioRemove     os_prio.o
    0x00005c04   0x00005c04   0x00000024   Code   RO         9635    i.OS_QDbgListAdd    os_q.o
    0x00005c28   0x00005c28   0x00000018   Code   RO         9637    i.OS_QInit          os_q.o
    0x00005c40   0x00005c40   0x00000072   Code   RO         9638    i.OS_QPost          os_q.o
    0x00005cb2   0x00005cb2   0x00000002   PAD
    0x00005cb4   0x00005cb4   0x00000020   Code   RO         9221    i.OS_RdyListInit    os_core.o
    0x00005cd4   0x00005cd4   0x00000030   Code   RO         9222    i.OS_RdyListInsert  os_core.o
    0x00005d04   0x00005d04   0x00000038   Code   RO         9223    i.OS_RdyListInsertHead  os_core.o
    0x00005d3c   0x00005d3c   0x00000038   Code   RO         9224    i.OS_RdyListInsertTail  os_core.o
    0x00005d74   0x00005d74   0x00000038   Code   RO         9225    i.OS_RdyListMoveHeadToTail  os_core.o
    0x00005dac   0x00005dac   0x00000058   Code   RO         9226    i.OS_RdyListRemove  os_core.o
    0x00005e04   0x00005e04   0x0000001c   Code   RO         9227    i.OS_SchedLockTimeMeasStart  os_core.o
    0x00005e20   0x00005e20   0x0000003c   Code   RO         9228    i.OS_SchedLockTimeMeasStop  os_core.o
    0x00005e5c   0x00005e5c   0x00000094   Code   RO         9229    i.OS_SchedRoundRobin  os_core.o
    0x00005ef0   0x00005ef0   0x00000210   Code   RO         9703    i.OS_StatTask       os_stat.o
    0x00006100   0x00006100   0x000000c4   Code   RO         9704    i.OS_StatTaskInit   os_stat.o
    0x000061c4   0x000061c4   0x00000034   Code   RO         9230    i.OS_TaskBlock      os_core.o
    0x000061f8   0x000061f8   0x00000024   Code   RO         9748    i.OS_TaskDbgListAdd  os_task.o
    0x0000621c   0x0000621c   0x0000003c   Code   RO         9749    i.OS_TaskDbgListRemove  os_task.o
    0x00006258   0x00006258   0x00000020   Code   RO         9750    i.OS_TaskInit       os_task.o
    0x00006278   0x00006278   0x000000a0   Code   RO         9751    i.OS_TaskInitTCB    os_task.o
    0x00006318   0x00006318   0x000000a0   Code   RO         9752    i.OS_TaskQPost      os_task.o
    0x000063b8   0x000063b8   0x0000001a   Code   RO         9231    i.OS_TaskRdy        os_core.o
    0x000063d2   0x000063d2   0x00000002   PAD
    0x000063d4   0x000063d4   0x000000b4   Code   RO         9753    i.OS_TaskResume     os_task.o
    0x00006488   0x00006488   0x00000018   Code   RO         9754    i.OS_TaskReturn     os_task.o
    0x000064a0   0x000064a0   0x000000b8   Code   RO         9755    i.OS_TaskSemPost    os_task.o
    0x00006558   0x00006558   0x000000c0   Code   RO         9756    i.OS_TaskSuspend    os_task.o
    0x00006618   0x00006618   0x0000002c   Code   RO         9893    i.OS_TickListInit   os_tick.o
    0x00006644   0x00006644   0x000000f8   Code   RO         9894    i.OS_TickListInsert  os_tick.o
    0x0000673c   0x0000673c   0x0000003a   Code   RO         9895    i.OS_TickListRemove  os_tick.o
    0x00006776   0x00006776   0x00000002   PAD
    0x00006778   0x00006778   0x00000028   Code   RO         9896    i.OS_TickListResetPeak  os_tick.o
    0x000067a0   0x000067a0   0x00000120   Code   RO         9897    i.OS_TickListUpdate  os_tick.o
    0x000068c0   0x000068c0   0x00000028   Code   RO         9898    i.OS_TickTask       os_tick.o
    0x000068e8   0x000068e8   0x000000b0   Code   RO         9899    i.OS_TickTaskInit   os_tick.o
    0x00006998   0x00006998   0x00000114   Code   RO         9985    i.OS_TmrInit        os_tmr.o
    0x00006aac   0x00006aac   0x000000bc   Code   RO         9986    i.OS_TmrLink        os_tmr.o
    0x00006b68   0x00006b68   0x00000028   Code   RO         9987    i.OS_TmrResetPeak   os_tmr.o
    0x00006b90   0x00006b90   0x000000a4   Code   RO         9988    i.OS_TmrTask        os_tmr.o
    0x00006c34   0x00006c34   0x00000050   Code   RO         9989    i.OS_TmrUnlink      os_tmr.o
    0x00006c84   0x00006c84   0x00000028   Code   RO         1501    i.OutputIO          system.o
    0x00006cac   0x00006cac   0x00000124   Code   RO         6496    i.RCC_GetClocksFreq  fm33g0xx_rcc.o
    0x00006dd0   0x00006dd0   0x0000004c   Code   RO         6497    i.RCC_Init_RCHF_Trim  fm33g0xx_rcc.o
    0x00006e1c   0x00006e1c   0x00000018   Code   RO         6499    i.RCC_MPRIL_MPRIL_Set  fm33g0xx_rcc.o
    0x00006e34   0x00006e34   0x00000054   Code   RO         6502    i.RCC_PERCLK_SetableEx  fm33g0xx_rcc.o
    0x00006e88   0x00006e88   0x00000014   Code   RO         6503    i.RCC_PLLCON_PLLDB_Get  fm33g0xx_rcc.o
    0x00006e9c   0x00006e9c   0x00000014   Code   RO         6505    i.RCC_PLLCON_PLLEN_Getable  fm33g0xx_rcc.o
    0x00006eb0   0x00006eb0   0x00000020   Code   RO         6506    i.RCC_PLLCON_PLLEN_Setable  fm33g0xx_rcc.o
    0x00006ed0   0x00006ed0   0x00000010   Code   RO         6507    i.RCC_PLLCON_PLLINSEL_Get  fm33g0xx_rcc.o
    0x00006ee0   0x00006ee0   0x00000010   Code   RO         6509    i.RCC_PLLCON_PLLOSEL_Get  fm33g0xx_rcc.o
    0x00006ef0   0x00006ef0   0x00000010   Code   RO         6514    i.RCC_RCHFCON_FSEL_Get  fm33g0xx_rcc.o
    0x00006f00   0x00006f00   0x00000018   Code   RO         6515    i.RCC_RCHFCON_FSEL_Set  fm33g0xx_rcc.o
    0x00006f18   0x00006f18   0x00000014   Code   RO         6516    i.RCC_RCHFCON_RCHFEN_Getable  fm33g0xx_rcc.o
    0x00006f2c   0x00006f2c   0x00000020   Code   RO         6517    i.RCC_RCHFCON_RCHFEN_Setable  fm33g0xx_rcc.o
    0x00006f4c   0x00006f4c   0x00000010   Code   RO         6519    i.RCC_RCHFTRIM_Write  fm33g0xx_rcc.o
    0x00006f5c   0x00006f5c   0x00000012   Code   RO         6520    i.RCC_RCHF_Init     fm33g0xx_rcc.o
    0x00006f6e   0x00006f6e   0x00000002   PAD
    0x00006f70   0x00006f70   0x00000010   Code   RO         6528    i.RCC_SYSCLKSEL_AHBPRES_Get  fm33g0xx_rcc.o
    0x00006f80   0x00006f80   0x00000018   Code   RO         6529    i.RCC_SYSCLKSEL_AHBPRES_Set  fm33g0xx_rcc.o
    0x00006f98   0x00006f98   0x00000010   Code   RO         6530    i.RCC_SYSCLKSEL_APBPRES_Get  fm33g0xx_rcc.o
    0x00006fa8   0x00006fa8   0x00000018   Code   RO         6531    i.RCC_SYSCLKSEL_APBPRES_Set  fm33g0xx_rcc.o
    0x00006fc0   0x00006fc0   0x00000014   Code   RO         6533    i.RCC_SYSCLKSEL_EXTICKSEL_Set  fm33g0xx_rcc.o
    0x00006fd4   0x00006fd4   0x00000020   Code   RO         6535    i.RCC_SYSCLKSEL_LPM_RCLP_OFF_Setable  fm33g0xx_rcc.o
    0x00006ff4   0x00006ff4   0x0000001c   Code   RO         6539    i.RCC_SYSCLKSEL_SLP_ENEXTI_Setable  fm33g0xx_rcc.o
    0x00007010   0x00007010   0x00000010   Code   RO         6540    i.RCC_SYSCLKSEL_SYSCLKSEL_Get  fm33g0xx_rcc.o
    0x00007020   0x00007020   0x00000018   Code   RO         6541    i.RCC_SYSCLKSEL_SYSCLKSEL_Set  fm33g0xx_rcc.o
    0x00007038   0x00007038   0x0000002a   Code   RO         6542    i.RCC_SysClk_Init   fm33g0xx_rcc.o
    0x00007062   0x00007062   0x00000002   PAD
    0x00007064   0x00007064   0x00000010   Code   RO         6815    i.RTC_ADJUST_Write  fm33g0xx_rtc.o
    0x00007074   0x00007074   0x00000018   Code   RO         6819    i.RTC_ADSIGN_ADSIGN_Set  fm33g0xx_rtc.o
    0x0000708c   0x0000708c   0x00000010   Code   RO         6830    i.RTC_BCDDATE_Read  fm33g0xx_rtc.o
    0x0000709c   0x0000709c   0x00000010   Code   RO         6831    i.RTC_BCDDATE_Write  fm33g0xx_rtc.o
    0x000070ac   0x000070ac   0x00000010   Code   RO         6832    i.RTC_BCDHOUR_Read  fm33g0xx_rtc.o
    0x000070bc   0x000070bc   0x00000010   Code   RO         6833    i.RTC_BCDHOUR_Write  fm33g0xx_rtc.o
    0x000070cc   0x000070cc   0x00000010   Code   RO         6834    i.RTC_BCDMIN_Read   fm33g0xx_rtc.o
    0x000070dc   0x000070dc   0x00000010   Code   RO         6835    i.RTC_BCDMIN_Write  fm33g0xx_rtc.o
    0x000070ec   0x000070ec   0x00000010   Code   RO         6836    i.RTC_BCDMONTH_Read  fm33g0xx_rtc.o
    0x000070fc   0x000070fc   0x00000010   Code   RO         6837    i.RTC_BCDMONTH_Write  fm33g0xx_rtc.o
    0x0000710c   0x0000710c   0x00000010   Code   RO         6838    i.RTC_BCDSEC_Read   fm33g0xx_rtc.o
    0x0000711c   0x0000711c   0x00000010   Code   RO         6839    i.RTC_BCDSEC_Write  fm33g0xx_rtc.o
    0x0000712c   0x0000712c   0x00000010   Code   RO         6840    i.RTC_BCDWEEK_Read  fm33g0xx_rtc.o
    0x0000713c   0x0000713c   0x00000010   Code   RO         6841    i.RTC_BCDWEEK_Write  fm33g0xx_rtc.o
    0x0000714c   0x0000714c   0x0000000c   Code   RO         6842    i.RTC_BCDYEAR_Read  fm33g0xx_rtc.o
    0x00007158   0x00007158   0x0000000c   Code   RO         6843    i.RTC_BCDYEAR_Write  fm33g0xx_rtc.o
    0x00007164   0x00007164   0x00000014   Code   RO         6850    i.RTC_CALSTEP_Get   fm33g0xx_rtc.o
    0x00007178   0x00007178   0x00000018   Code   RO         6859    i.RTC_FSEL_FSEL_Set  fm33g0xx_rtc.o
    0x00007190   0x00007190   0x000000c4   Code   RO         1085    i.RTC_IRQHandler    interrupt_api.o
    0x00007254   0x00007254   0x0000001a   Code   RO            4    i.RTC_Init_Exp      api_exp.o
    0x0000726e   0x0000726e   0x00000002   PAD
    0x00007270   0x00007270   0x00000020   Code   RO         6863    i.RTC_PR1SEN_PR1SEN_Setable  fm33g0xx_rtc.o
    0x00007290   0x00007290   0x00000014   Code   RO         6864    i.RTC_RTCIE_GetableEx  fm33g0xx_rtc.o
    0x000072a4   0x000072a4   0x0000001c   Code   RO         6865    i.RTC_RTCIE_SetableEx  fm33g0xx_rtc.o
    0x000072c0   0x000072c0   0x00000014   Code   RO         6866    i.RTC_RTCIF_ChkEx   fm33g0xx_rtc.o
    0x000072d4   0x000072d4   0x0000000c   Code   RO         6867    i.RTC_RTCIF_ClrEx   fm33g0xx_rtc.o
    0x000072e0   0x000072e0   0x0000000c   Code   RO         6868    i.RTC_RTCWE_Write   fm33g0xx_rtc.o
    0x000072ec   0x000072ec   0x00000020   Code   RO         6870    i.RTC_STAMPEN_STAMP0EN_Setable  fm33g0xx_rtc.o
    0x0000730c   0x0000730c   0x0000001c   Code   RO         6872    i.RTC_STAMPEN_STAMP1EN_Setable  fm33g0xx_rtc.o
    0x00007328   0x00007328   0x00000030   Code   RO         6873    i.RTC_TimeDate_GetEx  fm33g0xx_rtc.o
    0x00007358   0x00007358   0x00000030   Code   RO         6874    i.RTC_TimeDate_SetEx  fm33g0xx_rtc.o
    0x00007388   0x00007388   0x00000080   Code   RO         6875    i.RTC_Trim_Proc     fm33g0xx_rtc.o
    0x00007408   0x00007408   0x00000174   Code   RO          296    i.RXDataSetCmd      event.o
    0x0000757c   0x0000757c   0x00000046   Code   RO         1505    i.SCU_Init          system.o
    0x000075c2   0x000075c2   0x0000001a   Code   RO         7229    i.SCU_MCUDBGCR_DBG_BT1_STOP_Setable  fm33g0xx_scu.o
    0x000075dc   0x000075dc   0x0000001a   Code   RO         7231    i.SCU_MCUDBGCR_DBG_BT2_STOP_Setable  fm33g0xx_scu.o
    0x000075f6   0x000075f6   0x0000001a   Code   RO         7233    i.SCU_MCUDBGCR_DBG_ET1_STOP_Setable  fm33g0xx_scu.o
    0x00007610   0x00007610   0x0000001a   Code   RO         7235    i.SCU_MCUDBGCR_DBG_ET2_STOP_Setable  fm33g0xx_scu.o
    0x0000762a   0x0000762a   0x0000001a   Code   RO         7237    i.SCU_MCUDBGCR_DBG_ET3_STOP_Setable  fm33g0xx_scu.o
    0x00007644   0x00007644   0x0000001a   Code   RO         7239    i.SCU_MCUDBGCR_DBG_ET4_STOP_Setable  fm33g0xx_scu.o
    0x0000765e   0x0000765e   0x0000001c   Code   RO         7241    i.SCU_MCUDBGCR_DBG_IWDT_STOP_Setable  fm33g0xx_scu.o
    0x0000767a   0x0000767a   0x0000001a   Code   RO         7243    i.SCU_MCUDBGCR_DBG_WWDT_STOP_Setable  fm33g0xx_scu.o
    0x00007694   0x00007694   0x00000060   Code   RO          297    i.SendAtCmd         event.o
    0x000076f4   0x000076f4   0x00000130   Code   RO          740    i.ServerIPtobechanged  convert.o
    0x00007824   0x00007824   0x00000038   Code   RO          298    i.ShowChar          event.o
    0x0000785c   0x0000785c   0x00000158   Code   RO          299    i.ShowNum           event.o
    0x000079b4   0x000079b4   0x00000028   Code   RO            5    i.Sysinit_Exp       api_exp.o
    0x000079dc   0x000079dc   0x0000001c   Code   RO         8679    i.SystemInit        system_fm33g0xx_app.o
    0x000079f8   0x000079f8   0x00000088   Code   RO         1507    i.Test_ET12_32bit   system.o
    0x00007a80   0x00007a80   0x0000002c   Code   RO         1508    i.TicksDelay        system.o
    0x00007aac   0x00007aac   0x0000001a   Code   RO         1509    i.TicksDelayMs      system.o
    0x00007ac6   0x00007ac6   0x00000008   Code   RO         1510    i.TicksDelayUs      system.o
    0x00007ace   0x00007ace   0x00000002   PAD
    0x00007ad0   0x00007ad0   0x00000088   Code   RO         1090    i.UART0_IRQHandler  interrupt_api.o
    0x00007b58   0x00007b58   0x0000002c   Code   RO         1091    i.UART0_IRQ_Rx_CallBack  interrupt_api.o
    0x00007b84   0x00007b84   0x00000088   Code   RO         1094    i.UART3_IRQHandler  interrupt_api.o
    0x00007c0c   0x00007c0c   0x00000028   Code   RO         1095    i.UART3_IRQ_Rx_CallBack  interrupt_api.o
    0x00007c34   0x00007c34   0x00000088   Code   RO         1097    i.UART5_IRQHandler  interrupt_api.o
    0x00007cbc   0x00007cbc   0x0000002c   Code   RO         1098    i.UART5_IRQ_Rx_CallBack  interrupt_api.o
    0x00007ce8   0x00007ce8   0x00000044   Code   RO         8248    i.UART_BaudREGCalc  fm33g0xx_uart.o
    0x00007d2c   0x00007d2c   0x00000018   Code   RO         8253    i.UART_IRCON_TH_Set  fm33g0xx_uart.o
    0x00007d44   0x00007d44   0x00000018   Code   RO         8255    i.UART_IRCON_TZBRG_Set  fm33g0xx_uart.o
    0x00007d5c   0x00007d5c   0x000000c8   Code   RO         8256    i.UART_IRModulation_Init  fm33g0xx_uart.o
    0x00007e24   0x00007e24   0x00000080   Code   RO         8257    i.UART_Init         fm33g0xx_uart.o
    0x00007ea4   0x00007ea4   0x0000007e   Code   RO         8258    i.UART_SInit        fm33g0xx_uart.o
    0x00007f22   0x00007f22   0x00000002   PAD
    0x00007f24   0x00007f24   0x00000028   Code   RO         8259    i.UART_UARTIE_RxTxIE_GetableEx  fm33g0xx_uart.o
    0x00007f4c   0x00007f4c   0x00000030   Code   RO         8260    i.UART_UARTIE_RxTxIE_SetableEx  fm33g0xx_uart.o
    0x00007f7c   0x00007f7c   0x00000028   Code   RO         8261    i.UART_UARTIF_RxTxIF_ChkEx  fm33g0xx_uart.o
    0x00007fa4   0x00007fa4   0x00000018   Code   RO         8262    i.UART_UARTIF_RxTxIF_ClrEx  fm33g0xx_uart.o
    0x00007fbc   0x00007fbc   0x00000016   Code   RO         8265    i.UARTx_RTXCON_RTX7EN_Setable  fm33g0xx_uart.o
    0x00007fd2   0x00007fd2   0x00000016   Code   RO         8267    i.UARTx_RTXCON_RXDFLAG_Setable  fm33g0xx_uart.o
    0x00007fe8   0x00007fe8   0x00000018   Code   RO         8269    i.UARTx_RTXCON_TXDFLAG_Setable  fm33g0xx_uart.o
    0x00008000   0x00008000   0x00000006   Code   RO         8271    i.UARTx_RXREG_Read  fm33g0xx_uart.o
    0x00008006   0x00008006   0x00000016   Code   RO         8273    i.UARTx_RXSTA_ERRIE_Setable  fm33g0xx_uart.o
    0x0000801c   0x0000801c   0x0000000e   Code   RO         8279    i.UARTx_RXSTA_PDSEL_Set  fm33g0xx_uart.o
    0x0000802a   0x0000802a   0x00000016   Code   RO         8284    i.UARTx_RXSTA_RXEN_Setable  fm33g0xx_uart.o
    0x00008040   0x00008040   0x00000006   Code   RO         8286    i.UARTx_SPBRG_Write  fm33g0xx_uart.o
    0x00008046   0x00008046   0x0000000e   Code   RO         8287    i.UARTx_TXBUFSTA_TXFF_Chk  fm33g0xx_uart.o
    0x00008054   0x00008054   0x0000000e   Code   RO         8289    i.UARTx_TXBUFSTA_TX_INTSEL_Set  fm33g0xx_uart.o
    0x00008062   0x00008062   0x00000006   Code   RO         8290    i.UARTx_TXREG_Write  fm33g0xx_uart.o
    0x00008068   0x00008068   0x00000016   Code   RO         8292    i.UARTx_TXSTA_IREN_Setable  fm33g0xx_uart.o
    0x0000807e   0x0000807e   0x0000000e   Code   RO         8294    i.UARTx_TXSTA_STOPSEL_Set  fm33g0xx_uart.o
    0x0000808c   0x0000808c   0x00000016   Code   RO         8297    i.UARTx_TXSTA_TXEN_Setable  fm33g0xx_uart.o
    0x000080a2   0x000080a2   0x0000000e   Code   RO         8299    i.UARTx_TXSTA_TXIS_Set  fm33g0xx_uart.o
    0x000080b0   0x000080b0   0x00000028   Code   RO         1715    i.Uart0TimCallBack  uarttimeout.o
    0x000080d8   0x000080d8   0x00000028   Code   RO         1718    i.Uart3TimCallBack  uarttimeout.o
    0x00008100   0x00008100   0x00000028   Code   RO         1720    i.Uart5TimCallBack  uarttimeout.o
    0x00008128   0x00008128   0x00000070   Code   RO         1721    i.UartTimeOut       uarttimeout.o
    0x00008198   0x00008198   0x00000026   Code   RO            6    i.Uart_Init_Exp     api_exp.o
    0x000081be   0x000081be   0x00000030   Code   RO        10568    i.__ARM_common_ll_muluu  c_p.l(btod.o)
    0x000081ee   0x000081ee   0x0000001a   Code   RO          428    i.__ARM_common_switch8  event.o
    0x00008208   0x00008208   0x0000002c   Code   RO        10630    i.__ARM_fpclassify  m_ps.l(fpclassify.o)
    0x00008234   0x00008234   0x0000000e   Code   RO        10430    i._is_digit         c_p.l(__printf_wp.o)
    0x00008242   0x00008242   0x00000002   Code   RO         1327    i._sys_exit         myprintf.o
    0x00008244   0x00008244   0x0000001e   Code   RO          300    i.camper            event.o
    0x00008262   0x00008262   0x00000002   PAD
    0x00008264   0x00008264   0x0000009c   Code   RO          301    i.datainit          event.o
    0x00008300   0x00008300   0x00000040   Code   RO          302    i.datasave          event.o
    0x00008340   0x00008340   0x00000038   Code   RO         1328    i.fputc             myprintf.o
    0x00008378   0x00008378   0x00000108   Code   RO          303    i.lcd_roll          event.o
    0x00008480   0x00008480   0x0000000e   Code   RO          445    i.main              main.o
    0x0000848e   0x0000848e   0x0000001c   Code   RO          745    i.mystrlen          convert.o
    0x000084aa   0x000084aa   0x00000002   PAD
    0x000084ac   0x000084ac   0x00000064   Code   RO          304    i.rollshow          event.o
    0x00008510   0x00008510   0x00000078   Code   RO          305    i.showins           event.o
    0x00008588   0x00008588   0x00000002   Code   RO          446    i.uCOS_APP_1d       main.o
    0x0000858a   0x0000858a   0x00000002   Code   RO          447    i.uCOS_APP_1h       main.o
    0x0000858c   0x0000858c   0x0000052c   Code   RO          448    i.uCOS_APP_1m       main.o
    0x00008ab8   0x00008ab8   0x00000010   Code   RO          449    i.uCOS_APP_1s       main.o
    0x00008ac8   0x00008ac8   0x00000078   Code   RO          450    i.uCOS_APP_IO       main.o
    0x00008b40   0x00008b40   0x00000008   Code   RO          451    i.uCOS_APP_Lptim    main.o
    0x00008b48   0x00008b48   0x00000fe8   Code   RO          452    i.uCOS_APP_Uart0    main.o
    0x00009b30   0x00009b30   0x00000100   Code   RO          453    i.uCOS_APP_Uart3    main.o
    0x00009c30   0x00009c30   0x00000040   Code   RO          454    i.uCOS_APP_Uart5    main.o
    0x00009c70   0x00009c70   0x00000002   Code   RO         1791    i.uCOS_EventCreate  ucosinit.o
    0x00009c72   0x00009c72   0x00000002   PAD
    0x00009c74   0x00009c74   0x00000050   Code   RO          306    i.uCOS_LEDCreate    event.o
    0x00009cc4   0x00009cc4   0x00000008   Code   RO          455    i.uCOS_LowPower     main.o
    0x00009ccc   0x00009ccc   0x000000b4   Code   RO          307    i.uCOS_NBTaskCreate  event.o
    0x00009d80   0x00009d80   0x0000001c   Code   RO          308    i.uCOS_NBTaskDel    event.o
    0x00009d9c   0x00009d9c   0x00000068   Code   RO         1793    i.uCOS_Start        ucosinit.o
    0x00009e04   0x00009e04   0x00000074   Code   RO          456    i.uCOS_SystemInit   main.o
    0x00009e78   0x00009e78   0x0000006c   Code   RO         1795    i.uCOS_TaskClock    ucosinit.o
    0x00009ee4   0x00009ee4   0x0000012c   Code   RO         1796    i.uCOS_TaskCreate   ucosinit.o
    0x0000a010   0x0000a010   0x00000018   Code   RO         1797    i.uCOS_TaskIO       ucosinit.o
    0x0000a028   0x0000a028   0x00000028   Code   RO          309    i.uCOS_TaskLED      event.o
    0x0000a050   0x0000a050   0x00000990   Code   RO          310    i.uCOS_TaskNB       event.o
    0x0000a9e0   0x0000a9e0   0x000001b8   Code   RO          311    i.uCOS_TaskNBSend   event.o
    0x0000ab98   0x0000ab98   0x0000002c   Code   RO         1798    i.uCOS_TaskStart    ucosinit.o
    0x0000abc4   0x0000abc4   0x0000001c   Code   RO         1799    i.uCOS_TaskUart0    ucosinit.o
    0x0000abe0   0x0000abe0   0x0000001c   Code   RO         1800    i.uCOS_TaskUart3    ucosinit.o
    0x0000abfc   0x0000abfc   0x0000001c   Code   RO         1801    i.uCOS_TaskUart5    ucosinit.o
    0x0000ac18   0x0000ac18   0x00000008   Code   RO         1511    i.uCosSysTick       system.o
    0x0000ac20   0x0000ac20   0x0000002c   Code   RO        10575    locale$$code        c_p.l(lc_numeric_c.o)
    0x0000ac4c   0x0000ac4c   0x00000010   Code   RO        10500    x$fpl$printf1       fz_ps.l(printf1.o)
    0x0000ac5c   0x0000ac5c   0x00000000   Code   RO        10532    x$fpl$usenofp       fz_ps.l(usenofp.o)
    0x0000ac5c   0x0000ac5c   0x0000000d   Data   RO          313    .constdata          event.o
    0x0000ac69   0x0000ac69   0x00000011   Data   RO         1247    .constdata          lcd_api.o
    0x0000ac7a   0x0000ac7a   0x0000001a   Data   RO         1248    .constdata          lcd_api.o
    0x0000ac94   0x0000ac94   0x00000004   Data   RO         9135    .constdata          os_cfg_app.o
    0x0000ac98   0x0000ac98   0x00000004   Data   RO         9136    .constdata          os_cfg_app.o
    0x0000ac9c   0x0000ac9c   0x00000004   Data   RO         9137    .constdata          os_cfg_app.o
    0x0000aca0   0x0000aca0   0x00000004   Data   RO         9146    .constdata          os_cfg_app.o
    0x0000aca4   0x0000aca4   0x00000004   Data   RO         9147    .constdata          os_cfg_app.o
    0x0000aca8   0x0000aca8   0x00000002   Data   RO         9149    .constdata          os_cfg_app.o
    0x0000acaa   0x0000acaa   0x00000002   PAD
    0x0000acac   0x0000acac   0x00000004   Data   RO         9151    .constdata          os_cfg_app.o
    0x0000acb0   0x0000acb0   0x00000001   Data   RO         9152    .constdata          os_cfg_app.o
    0x0000acb1   0x0000acb1   0x00000003   PAD
    0x0000acb4   0x0000acb4   0x00000004   Data   RO         9153    .constdata          os_cfg_app.o
    0x0000acb8   0x0000acb8   0x00000004   Data   RO         9154    .constdata          os_cfg_app.o
    0x0000acbc   0x0000acbc   0x00000004   Data   RO         9155    .constdata          os_cfg_app.o
    0x0000acc0   0x0000acc0   0x00000004   Data   RO         9156    .constdata          os_cfg_app.o
    0x0000acc4   0x0000acc4   0x00000004   Data   RO         9158    .constdata          os_cfg_app.o
    0x0000acc8   0x0000acc8   0x00000004   Data   RO         9159    .constdata          os_cfg_app.o
    0x0000accc   0x0000accc   0x00000001   Data   RO         9160    .constdata          os_cfg_app.o
    0x0000accd   0x0000accd   0x00000003   PAD
    0x0000acd0   0x0000acd0   0x00000004   Data   RO         9161    .constdata          os_cfg_app.o
    0x0000acd4   0x0000acd4   0x00000004   Data   RO         9162    .constdata          os_cfg_app.o
    0x0000acd8   0x0000acd8   0x00000004   Data   RO         9163    .constdata          os_cfg_app.o
    0x0000acdc   0x0000acdc   0x00000002   Data   RO         9165    .constdata          os_cfg_app.o
    0x0000acde   0x0000acde   0x00000001   Data   RO         9167    .constdata          os_cfg_app.o
    0x0000acdf   0x0000acdf   0x00000001   PAD
    0x0000ace0   0x0000ace0   0x00000004   Data   RO         9168    .constdata          os_cfg_app.o
    0x0000ace4   0x0000ace4   0x00000004   Data   RO         9169    .constdata          os_cfg_app.o
    0x0000ace8   0x0000ace8   0x00000004   Data   RO         9170    .constdata          os_cfg_app.o
    0x0000acec   0x0000acec   0x00000004   Data   RO         9171    .constdata          os_cfg_app.o
    0x0000acf0   0x0000acf0   0x00000002   Data   RO         9173    .constdata          os_cfg_app.o
    0x0000acf2   0x0000acf2   0x00000100   Data   RO        10203    .constdata          cpu_core.o
    0x0000adf2   0x0000adf2   0x00000080   Data   RO        10469    .constdata          fz_ps.l(ddiv.o)
    0x0000ae72   0x0000ae72   0x00000040   Data   RO        10488    .constdata          fz_ps.l(fdiv.o)
    0x0000aeb2   0x0000aeb2   0x00000002   PAD
    0x0000aeb4   0x0000aeb4   0x00000094   Data   RO        10564    .constdata          c_p.l(bigflt0.o)
    0x0000af48   0x0000af48   0x0000012e   Data   RO          458    .conststring        main.o
    0x0000b076   0x0000b076   0x00000002   PAD
    0x0000b078   0x0000b078   0x00000020   Data   RO        10727    Region$$Table       anon$$obj.o
    0x0000b098   0x0000b098   0x0000001c   Data   RO        10574    locale$$data        c_p.l(lc_numeric_c.o)


    Execution Region RW_IRAM1 (Exec base: 0x20000000, Load base: 0x0000b0b4, Size: 0x000056b0, Max: 0x00006000, ABSOLUTE)

    Exec Addr    Load Addr    Size         Type   Attr      Idx    E Section Name        Object

    0x20000000   0x0000b0b4   0x00000018   Data   RW          314    .data               event.o
    0x20000018   0x0000b0cc   0x00000001   Data   RW          459    .data               main.o
    0x20000019   0x0000b0cd   0x00000003   PAD
    0x2000001c   0x0000b0d0   0x00000004   Data   RW         1329    .data               myprintf.o
    0x20000020   0x0000b0d4   0x00000004   Data   RW         1722    .data               uarttimeout.o
    0x20000024   0x0000b0d8   0x00000001   Data   RW         1803    .data               ucosinit.o
    0x20000025   0x0000b0d9   0x00000001   PAD
    0x20000026   0x0000b0da   0x00000002   Data   RW         1804    .data               ucosinit.o
    0x20000028   0x0000b0dc   0x00000004   Data   RW         8680    .data               system_fm33g0xx_app.o
    0x2000002c   0x0000b0e0   0x00000004   Data   RW         9596    .data               os_prio.o
    0x20000030   0x0000b0e4   0x00000004   Data   RW        10067    .data               os_var.o
    0x20000034   0x0000b0e8   0x00000004   Data   RW        10068    .data               os_var.o
    0x20000038   0x0000b0ec   0x00000004   Data   RW        10069    .data               os_var.o
    0x2000003c   0x0000b0f0   0x00000004   Data   RW        10070    .data               os_var.o
    0x20000040   0x0000b0f4   0x00000004   Data   RW        10071    .data               os_var.o
    0x20000044   0x0000b0f8   0x00000004   Data   RW        10072    .data               os_var.o
    0x20000048   0x0000b0fc   0x00000004   Data   RW        10073    .data               os_var.o
    0x2000004c   0x0000b100   0x00000004   Data   RW        10074    .data               os_var.o
    0x20000050   0x0000b104   0x00000001   Data   RW        10075    .data               os_var.o
    0x20000051   0x0000b105   0x00000001   Data   RW        10076    .data               os_var.o
    0x20000052   0x0000b106   0x00000002   PAD
    0x20000054   0x0000b108   0x00000004   Data   RW        10077    .data               os_var.o
    0x20000058   0x0000b10c   0x00000002   Data   RW        10078    .data               os_var.o
    0x2000005a   0x0000b10e   0x00000001   Data   RW        10079    .data               os_var.o
    0x2000005b   0x0000b10f   0x00000001   Data   RW        10080    .data               os_var.o
    0x2000005c   0x0000b110   0x00000001   Data   RW        10081    .data               os_var.o
    0x2000005d   0x0000b111   0x00000003   PAD
    0x20000060   0x0000b114   0x00000004   Data   RW        10082    .data               os_var.o
    0x20000064   0x0000b118   0x00000002   Data   RW        10083    .data               os_var.o
    0x20000066   0x0000b11a   0x00000002   PAD
    0x20000068   0x0000b11c   0x00000004   Data   RW        10084    .data               os_var.o
    0x2000006c   0x0000b120   0x00000004   Data   RW        10085    .data               os_var.o
    0x20000070   0x0000b124   0x00000004   Data   RW        10086    .data               os_var.o
    0x20000074   0x0000b128   0x00000001   Data   RW        10087    .data               os_var.o
    0x20000075   0x0000b129   0x00000003   PAD
    0x20000078   0x0000b12c   0x00000004   Data   RW        10088    .data               os_var.o
    0x2000007c   0x0000b130   0x00000001   Data   RW        10089    .data               os_var.o
    0x2000007d   0x0000b131   0x00000001   Data   RW        10090    .data               os_var.o
    0x2000007e   0x0000b132   0x00000002   Data   RW        10091    .data               os_var.o
    0x20000080   0x0000b134   0x00000002   Data   RW        10092    .data               os_var.o
    0x20000082   0x0000b136   0x00000002   PAD
    0x20000084   0x0000b138   0x00000004   Data   RW        10093    .data               os_var.o
    0x20000088   0x0000b13c   0x00000004   Data   RW        10094    .data               os_var.o
    0x2000008c   0x0000b140   0x00000004   Data   RW        10095    .data               os_var.o
    0x20000090   0x0000b144   0x00000001   Data   RW        10096    .data               os_var.o
    0x20000091   0x0000b145   0x00000003   PAD
    0x20000094   0x0000b148   0x00000004   Data   RW        10097    .data               os_var.o
    0x20000098   0x0000b14c   0x00000004   Data   RW        10098    .data               os_var.o
    0x2000009c   0x0000b150   0x00000004   Data   RW        10099    .data               os_var.o
    0x200000a0   0x0000b154   0x00000002   Data   RW        10100    .data               os_var.o
    0x200000a2   0x0000b156   0x00000001   Data   RW        10101    .data               os_var.o
    0x200000a3   0x0000b157   0x00000001   PAD
    0x200000a4   0x0000b158   0x00000004   Data   RW        10102    .data               os_var.o
    0x200000a8   0x0000b15c   0x00000004   Data   RW        10103    .data               os_var.o
    0x200000ac   0x0000b160   0x00000004   Data   RW        10104    .data               os_var.o
    0x200000b0   0x0000b164   0x00000004   Data   RW        10106    .data               os_var.o
    0x200000b4   0x0000b168   0x00000004   Data   RW        10107    .data               os_var.o
    0x200000b8   0x0000b16c   0x00000004   Data   RW        10108    .data               os_var.o
    0x200000bc   0x0000b170   0x00000004   Data   RW        10109    .data               os_var.o
    0x200000c0   0x0000b174   0x00000004   Data   RW        10110    .data               os_var.o
    0x200000c4   0x0000b178   0x00000004   Data   RW        10111    .data               os_var.o
    0x200000c8   0x0000b17c   0x00000004   Data   RW        10204    .data               cpu_core.o
    0x200000cc   0x0000b180   0x00000004   Data   RW        10333    .data               os_cpu_c.o
    0x200000d0        -       0x00000c9c   Zero   RW          312    .bss                event.o
    0x20000d6c        -       0x0000000a   Zero   RW          457    .bss                main.o
    0x20000d76        -       0x0000000e   Zero   RW         1369    .bss                rtc_api.o
    0x20000d84        -       0x00000030   Zero   RW         1664    .bss                uart_api.o
    0x20000db4        -       0x0000089a   Zero   RW         1665    .bss                uart_api.o
    0x2000164e        -       0x0000025a   Zero   RW         1666    .bss                uart_api.o
    0x200018a8        -       0x0000089a   Zero   RW         1667    .bss                uart_api.o
    0x20002142   0x0000b184   0x00000002   PAD
    0x20002144        -       0x00001038   Zero   RW         1802    .bss                ucosinit.o
    0x2000317c        -       0x00000100   Zero   RW         9127    .bss                os_cfg_app.o
    0x2000327c        -       0x00000200   Zero   RW         9128    .bss                os_cfg_app.o
    0x2000347c        -       0x00000640   Zero   RW         9129    .bss                os_cfg_app.o
    0x20003abc        -       0x00000200   Zero   RW         9130    .bss                os_cfg_app.o
    0x20003cbc        -       0x00000200   Zero   RW         9131    .bss                os_cfg_app.o
    0x20003ebc        -       0x00000088   Zero   RW         9132    .bss                os_cfg_app.o
    0x20003f44        -       0x00000100   Zero   RW         9133    .bss                os_cfg_app.o
    0x20004044        -       0x00000088   Zero   RW         9134    .bss                os_cfg_app.o
    0x200040cc        -       0x000000bc   Zero   RW        10061    .bss                os_var.o
    0x20004188        -       0x0000000c   Zero   RW        10062    .bss                os_var.o
    0x20004194        -       0x00000078   Zero   RW        10063    .bss                os_var.o
    0x2000420c        -       0x000000bc   Zero   RW        10064    .bss                os_var.o
    0x200042c8        -       0x000000bc   Zero   RW        10065    .bss                os_var.o
    0x20004384        -       0x000000bc   Zero   RW        10066    .bss                os_var.o
    0x20004440        -       0x00000010   Zero   RW        10202    .bss                cpu_core.o
    0x20004450        -       0x00000060   Zero   RW        10534    .bss                c_p.l(libspace.o)
    0x200044b0        -       0x00000200   Zero   RW         8670    HEAP                startup_fm33g0xx.o
    0x200046b0        -       0x00001000   Zero   RW         8669    STACK               startup_fm33g0xx.o


==============================================================================

Image component sizes


      Code (inc. data)   RO Data    RW Data    ZI Data      Debug   Object Name

       128          6          0          0          0     101588   api_exp.o
       348          0          0          0          0       2088   convert.o
        30          0          0          0          0        272   cpu_a.o
       136         24        256          4         16       4850   cpu_core.o
       394         28          0          0          0      11065   etim_api.o
      4956       1548         13         24       3228      17115   event.o
       116         16          0          0          0       1548   flash_api.o
        64         12          0          0          0        998   fm33g0xx_anac.o
       546          0          0          0          0      20246   fm33g0xx_etim.o
       320         66          0          0          0       5867   fm33g0xx_flash.o
      1376         50          0          0          0      18241   fm33g0xx_gpio.o
       416         64          0          0          0       8163   fm33g0xx_i2c.o
        68         18          0          0          0       1434   fm33g0xx_iwdt.o
       412         74          0          0          0      12743   fm33g0xx_lptim.o
       948        128          0          0          0      25515   fm33g0xx_rcc.o
       708        162          0          0          0      21578   fm33g0xx_rtc.o
       210          0          0          0          0       4106   fm33g0xx_scu.o
       966         60          0          0          0      18430   fm33g0xx_uart.o
       528         28          0          0          0      12988   iic_api.o
       944        104          0          0          0       5486   interrupt_api.o
         0          0         43          0          0        526   lcd_api.o
        86          0          0          0          0       1780   lib_mem.o
       220         24          0          0          0       1660   lptim_api.o
      6194       1704        302          1         10      19348   main.o
        58         10          0          4          0       2726   myprintf.o
         2          0         85          0       3920      19037   os_cfg_app.o
      2446        412          0          0          0      19251   os_core.o
       156         42          0          0          0        312   os_cpu_a.o
       404         96          0          4          0       6297   os_cpu_c.o
         2          0          0          0          0        790   os_dbg.o
       422         44          0          0          0       3942   os_msg.o
       932        118          0          0          0       4520   os_mutex.o
       124         22          0          4          0       2606   os_prio.o
       910        100          0          0          0       6206   os_q.o
      1080        200          0          0          0       3999   os_stat.o
      2776        330          0          0          0      16187   os_task.o
       894        126          0          0          0       5241   os_tick.o
       608         88          0          0          0       2949   os_time.o
       748        142          0          0          0       4028   os_tmr.o
         0          0          0        136        884      17612   os_var.o
       786         28          0          0         14       5872   rtc_api.o
        56         26        192          0       4608        648   startup_fm33g0xx.o
       904         38          0          0          0       9731   system.o
        28         14          0          4          0        679   system_fm33g0xx_app.o
       828         52          0          0       5054       4505   uart_api.o
       332         58          0          4          0       2687   uarttimeout.o
       716        144          0          3       4152       8175   ucosinit.o

    ----------------------------------------------------------------------
     35374       6206        934        208      21888     465635   Object Totals
         0          0         32          0          0          0   (incl. Generated)
        48          0         11         20          2          0   (incl. Padding)

    ----------------------------------------------------------------------

      Code (inc. data)   RO Data    RW Data    ZI Data      Debug   Library Member Name

         8          0          0          0          0         68   __main.o
       284          0          0          0          0        136   __printf_wp.o
         0          0          0          0          0          0   __rtentry.o
        12          0          0          0          0          0   __rtentry2.o
         6          0          0          0          0          0   __rtentry4.o
        60          8          0          0          0          0   __scatter.o
        26          0          0          0          0          0   __scatter_copy.o
        28          0          0          0          0          0   __scatter_zi.o
        46          0          0          0          0        100   _printf_char.o
        48          6          0          0          0         88   _printf_char_common.o
        40          6          0          0          0         72   _printf_char_file.o
        10          0          0          0          0          0   _printf_d.o
       108         18          0          0          0         76   _printf_dec.o
        10          0          0          0          0          0   _printf_f.o
      1048         14          0          0          0        176   _printf_fp_dec.o
       136         16          0          0          0         76   _printf_fp_infnan.o
       176          0          0          0          0         84   _printf_intcommon.o
        78          0          0          0          0        100   _printf_pad.o
         2          0          0          0          0          0   _printf_percent.o
         4          0          0          0          0          0   _printf_percent_end.o
        10          0          0          0          0          0   _printf_s.o
        82          0          0          0          0         72   _printf_str.o
        18          0          0          0          0         68   aeabi_memset.o
       346          0          0          0          0         92   aeabi_sdiv.o
       216          6        148          0          0         80   bigflt0.o
      1456         30          0          0          0        336   btod.o
        16          0          0          0          0         68   exit.o
         8          0          0          0          0         60   ferror.o
         6          0          0          0          0        136   heapauxi.o
        44         10         28          0          0         76   lc_numeric_c.o
         2          0          0          0          0          0   libinit.o
        18          0          0          0          0          0   libinit2.o
         2          0          0          0          0          0   libshutdown.o
         2          0          0          0          0          0   libshutdown2.o
         8          4          0          0         96         68   libspace.o
       122          0          0          0          0         72   lludiv10.o
        28          6          0          0          0         84   noretval__2printf.o
         8          4          0          0          0         68   rt_locale_intlibspace.o
        64          0          0          0          0        108   rt_memclr.o
       186          0          0          0          0        144   rt_memcpy.o
         2          0          0          0          0          0   rtexit.o
        10          0          0          0          0          0   rtexit2.o
        40          0          0          0          0         60   rtudiv10.o
       136          4          0          0          0         72   strcmp.o
        68          6          0          0          0         72   strlen.o
        40          0          0          0          0         72   strstr.o
        62          0          0          0          0         80   sys_stackheap_outer.o
         2          0          0          0          0         68   use_no_semi.o
         2          0          0          0          0         68   use_no_semi_2.o
       124          4          0          0          0         72   d2f.o
       856         20          0          0          0        208   daddsub.o
      1096         26        128          0          0        112   ddiv.o
        72          4          0          0          0         68   dfixui.o
        88          0          0          0          0         92   dflti.o
       584         26          0          0          0         84   dmul.o
        84          4          0          0          0         60   f2d.o
       352         10         64          0          0         92   fdiv.o
        94          0          0          0          0         92   fflti.o
        16          4          0          0          0         76   printf1.o
         0          0          0          0          0          0   usenofp.o
        44          4          0          0          0         60   fpclassify.o

    ----------------------------------------------------------------------
      8558        240        370          0         96       4016   Library Totals
        14          0          2          0          0          0   (incl. Padding)

    ----------------------------------------------------------------------

      Code (inc. data)   RO Data    RW Data    ZI Data      Debug   Library Name

      5134        138        176          0         96       3000   c_p.l
      3366         98        192          0          0        956   fz_ps.l
        44          4          0          0          0         60   m_ps.l

    ----------------------------------------------------------------------
      8558        240        370          0         96       4016   Library Totals

    ----------------------------------------------------------------------

==============================================================================


      Code (inc. data)   RO Data    RW Data    ZI Data      Debug   

     43932       6446       1304        208      21984     450239   Grand Totals
     43932       6446       1304        208      21984     450239   ELF Image Totals
     43932       6446       1304        208          0          0   ROM Totals

==============================================================================

    Total RO  Size (Code + RO Data)                45236 (  44.18kB)
    Total RW  Size (RW Data + ZI Data)             22192 (  21.67kB)
    Total ROM Size (Code + RO Data + RW Data)      45444 (  44.38kB)

==============================================================================

